[2026-05-17 22:41:15] : Begin
--------------------
*MCUTYPE* : AI8051U-34K64
*MCUID* : 78B4CAD004EE6A
*FILENAME* : D:\03-March_Wheel_leg\03-Wheel_leg_AI8051U\Objects\03-March_Wheel_leg_FOC.hex
*FILETIME* : 2026年05月17日, 22:40:46
*FILESIZE* : 29529 (0x007359)
*CODESIZE* : 10494 (0x0028FE)
*CHECKSUM* : 0x000E81FA
*ISPMODE* : 2
*ISPRESULT* : 0
--------------------
[2026-05-17 22:41:17] : End
--------------------------------------------------
[2026-05-17 22:41:57] : Begin
--------------------
*MCUTYPE* : AI8051U-34K64
*MCUID* : 78B4CAD004EE6A
*FILENAME* : D:\03-March_Wheel_leg\03-Wheel_leg_AI8051U\Objects\03-March_Wheel_leg_FOC.hex
*FILETIME* : 2026年05月17日, 22:41:57
*FILESIZE* : 29523 (0x007353)
*CODESIZE* : 10491 (0x0028FB)
*CHECKSUM* : 0x000E8184
*ISPMODE* : 2
*ISPRESULT* : 0
--------------------
[2026-05-17 22:42:00] : End
--------------------------------------------------
[2026-05-17 22:42:06] : Begin
--------------------
*MCUTYPE* : AI8051U-34K64
*MCUID* : 78B4CAD004EE6A
*FILENAME* : D:\03-March_Wheel_leg\03-Wheel_leg_AI8051U\Objects\03-March_Wheel_leg_FOC.hex
*FILETIME* : 2026年05月17日, 22:42:05
*FILESIZE* : 29478 (0x007326)
*CODESIZE* : 10475 (0x0028EB)
*CHECKSUM* : 0x000E6AD9
*ISPMODE* : 2
*ISPRESULT* : 0
--------------------
[2026-05-17 22:42:09] : End
--------------------------------------------------
[2026-05-17 22:52:15] : Begin
--------------------
*MCUTYPE* : AI8051U-34K64
*MCUID* : 78B4CAD004EE6A
*FILENAME* : D:\03-March_Wheel_leg\03-Wheel_leg_AI8051U\Objects\03-March_Wheel_leg_FOC.hex
*FILETIME* : 2026年05月17日, 22:52:13
*FILESIZE* : 29531 (0x00735B)
*CODESIZE* : 10495 (0x0028FF)
*CHECKSUM* : 0x000EB065
*ISPMODE* : 2
*ISPRESULT* : 0
--------------------
[2026-05-17 22:52:17] : End
--------------------------------------------------
