[2026-05-11 14:31:35] : Begin
--------------------
*MCUTYPE* : AI8051U-34K64
*FILENAME* : D:\03-March_Wheel_leg\03-Wheel_leg_AI8051U\Objects\03-MARCH_WHEEL_LEG_FOC.HEX
*FILETIME* : 2026年05月11日, 14:30:05
*FILESIZE* : 56218 (0x00DB9A)
*CODESIZE* : 56218 (0x00DB9A)
*CHECKSUM* : 0x00363100
*ISPMODE* : 2
*ISPRESULT* : 3
--------------------
[2026-05-11 14:31:40] : End
--------------------------------------------------
[2026-05-11 14:31:54] : Begin
--------------------
*MCUTYPE* : AI8051U-34K64
*FILENAME* : D:\03-March_Wheel_leg\03-Wheel_leg_AI8051U\Objects\03-MARCH_WHEEL_LEG_FOC.HEX
*FILETIME* : 2026年05月11日, 14:30:05
*FILESIZE* : 56218 (0x00DB9A)
*CODESIZE* : 56218 (0x00DB9A)
*CHECKSUM* : 0x00363100
*ISPMODE* : 2
*ISPRESULT* : 3
--------------------
[2026-05-11 14:32:14] : End
--------------------------------------------------
[2026-05-11 14:32:16] : Begin
--------------------
*MCUTYPE* : AI8051U-34K64
*FILENAME* : D:\03-March_Wheel_leg\03-Wheel_leg_AI8051U\Objects\03-MARCH_WHEEL_LEG_FOC.HEX
*FILETIME* : 2026年05月11日, 14:30:05
*FILESIZE* : 56218 (0x00DB9A)
*CODESIZE* : 56218 (0x00DB9A)
*CHECKSUM* : 0x00363100
*ISPMODE* : 2
*ISPRESULT* : 3
--------------------
[2026-05-11 14:32:26] : End
--------------------------------------------------
[2026-05-11 14:33:21] : Begin
--------------------
*MCUTYPE* : AI8051U-34K64
*FILENAME* : D:\03-March_Wheel_leg\03-Wheel_leg_AI8051U\Objects\03-MARCH_WHEEL_LEG_FOC.HEX
*FILETIME* : 2026年05月11日, 14:30:05
*FILESIZE* : 56218 (0x00DB9A)
*CODESIZE* : 56218 (0x00DB9A)
*CHECKSUM* : 0x00363100
*ISPMODE* : 2
*ISPRESULT* : 3
--------------------
[2026-05-11 14:33:31] : End
--------------------------------------------------
[2026-05-11 14:33:35] : Begin
--------------------
*MCUTYPE* : AI8051U-34K64
*FILENAME* : D:\03-March_Wheel_leg\03-Wheel_leg_AI8051U\Objects\03-MARCH_WHEEL_LEG_FOC.HEX
*FILETIME* : 2026年05月11日, 14:30:05
*FILESIZE* : 56218 (0x00DB9A)
*CODESIZE* : 56218 (0x00DB9A)
*CHECKSUM* : 0x00363100
*ISPMODE* : 2
*ISPRESULT* : 3
--------------------
[2026-05-11 14:34:00] : End
--------------------------------------------------
[2026-05-11 14:36:15] : Begin
--------------------
*MCUTYPE* : AI8051U-34K64
*MCUID* : 78B4CAD004EE6A
*FILENAME* : D:\03-March_Wheel_leg\03-Wheel_leg_AI8051U\Objects\03-MARCH_WHEEL_LEG_FOC.HEX
*FILETIME* : 2026年05月11日, 14:35:52
*FILESIZE* : 56174 (0x00DB6E)
*CODESIZE* : 56174 (0x00DB6E)
*CHECKSUM* : 0x00361800
*ISPMODE* : 2
*ISPRESULT* : 0
--------------------
[2026-05-11 14:36:21] : End
--------------------------------------------------
[2026-05-11 14:43:27] : Begin
--------------------
*MCUTYPE* : AI8051U-34K64
*MCUID* : 78B4CAD004EE6A
*FILENAME* : D:\03-March_Wheel_leg\03-Wheel_leg_AI8051U\Objects\03-MARCH_WHEEL_LEG_FOC.HEX
*FILETIME* : 2026年05月11日, 14:43:14
*FILESIZE* : 24788 (0x0060D4)
*CODESIZE* : 8807 (0x002267)
*CHECKSUM* : 0x000C103A
*ISPMODE* : 2
*ISPRESULT* : 0
--------------------
[2026-05-11 14:43:29] : End
--------------------------------------------------
[2026-05-11 14:44:09] : Begin
--------------------
*MCUTYPE* : AI8051U-34K64
*FILENAME* : D:\03-March_Wheel_leg\03-Wheel_leg_AI8051U\Objects\03-MARCH_WHEEL_LEG_FOC.HEX
*FILETIME* : 2026年05月11日, 14:43:14
*FILESIZE* : 24788 (0x0060D4)
*CODESIZE* : 8807 (0x002267)
*CHECKSUM* : 0x000C103A
*ISPMODE* : 2
*ISPRESULT* : 3
--------------------
[2026-05-11 14:50:55] : End
--------------------------------------------------
[2026-05-11 14:53:16] : Begin
--------------------
*MCUTYPE* : AI8051U-34K64
*MCUID* : 78B4CAD004EE6A
*FILENAME* : D:\03-March_Wheel_leg\03-Wheel_leg_AI8051U\Objects\03-March_Wheel_leg_FOC.hex
*FILETIME* : 2026年05月11日, 14:52:39
*FILESIZE* : 23771 (0x005CDB)
*CODESIZE* : 8447 (0x0020FF)
*CHECKSUM* : 0x000B972E
*ISPMODE* : 2
*ISPRESULT* : 0
--------------------
[2026-05-11 14:53:19] : End
--------------------------------------------------
[2026-05-11 14:55:03] : Begin
--------------------
*MCUTYPE* : AI8051U-34K64
*MCUID* : 78B4CAD004EE6A
*FILENAME* : D:\03-March_Wheel_leg\03-Wheel_leg_AI8051U\Objects\03-March_Wheel_leg_FOC.hex
*FILETIME* : 2026年05月11日, 14:54:42
*FILESIZE* : 24776 (0x0060C8)
*CODESIZE* : 8801 (0x002261)
*CHECKSUM* : 0x000C09FD
*ISPMODE* : 2
*ISPRESULT* : 0
--------------------
[2026-05-11 14:55:06] : End
--------------------------------------------------
[2026-05-11 15:05:35] : Begin
--------------------
*MCUTYPE* : AI8051U-34K64
*MCUID* : 78B4CAD004EE6A
*FILENAME* : D:\03-March_Wheel_leg\03-Wheel_leg_AI8051U\Objects\03-March_Wheel_leg_FOC.hex
*FILETIME* : 2026年05月11日, 15:05:10
*FILESIZE* : 24718 (0x00608E)
*CODESIZE* : 8784 (0x002250)
*CHECKSUM* : 0x000C021A
*ISPMODE* : 2
*ISPRESULT* : 0
--------------------
[2026-05-11 15:05:38] : End
--------------------------------------------------
[2026-05-11 15:05:53] : Begin
--------------------
*MCUTYPE* : AI8051U-34K64
*MCUID* : 78B4CAD004EE6A
*FILENAME* : D:\03-March_Wheel_leg\03-Wheel_leg_AI8051U\Objects\03-March_Wheel_leg_FOC.hex
*FILETIME* : 2026年05月11日, 15:05:10
*FILESIZE* : 24718 (0x00608E)
*CODESIZE* : 8784 (0x002250)
*CHECKSUM* : 0x000C021A
*ISPMODE* : 2
*ISPRESULT* : 0
--------------------
[2026-05-11 15:05:55] : End
--------------------------------------------------
[2026-05-11 15:06:07] : Begin
--------------------
*MCUTYPE* : AI8051U-34K64
*MCUID* : 78B4CAD004EE6A
*FILENAME* : D:\03-March_Wheel_leg\03-Wheel_leg_AI8051U\Objects\03-March_Wheel_leg_FOC.hex
*FILETIME* : 2026年05月11日, 15:05:10
*FILESIZE* : 24718 (0x00608E)
*CODESIZE* : 8784 (0x002250)
*CHECKSUM* : 0x000C021A
*ISPMODE* : 2
*ISPRESULT* : 0
--------------------
[2026-05-11 15:06:09] : End
--------------------------------------------------
[2026-05-11 15:13:50] : Begin
--------------------
*MCUTYPE* : AI8051U-34K64
*MCUID* : 78B4CAD004EE6A
*FILENAME* : D:\03-March_Wheel_leg\03-Wheel_leg_AI8051U\Objects\03-March_Wheel_leg_FOC.hex
*FILETIME* : 2026年05月11日, 15:13:42
*FILESIZE* : 24620 (0x00602C)
*CODESIZE* : 8748 (0x00222C)
*CHECKSUM* : 0x000BDB0B
*ISPMODE* : 2
*ISPRESULT* : 0
--------------------
[2026-05-11 15:13:52] : End
--------------------------------------------------
[2026-05-11 15:14:04] : Begin
--------------------
*MCUTYPE* : AI8051U-34K64
*MCUID* : 78B4CAD004EE6A
*FILENAME* : D:\03-March_Wheel_leg\03-Wheel_leg_AI8051U\Objects\03-March_Wheel_leg_FOC.hex
*FILETIME* : 2026年05月11日, 15:13:42
*FILESIZE* : 24620 (0x00602C)
*CODESIZE* : 8748 (0x00222C)
*CHECKSUM* : 0x000BDB0B
*ISPMODE* : 2
*ISPRESULT* : 0
--------------------
[2026-05-11 15:14:06] : End
--------------------------------------------------
[2026-05-11 15:14:18] : Begin
--------------------
*MCUTYPE* : AI8051U-34K64
*MCUID* : 78B4CAD004EE6A
*FILENAME* : D:\03-March_Wheel_leg\03-Wheel_leg_AI8051U\Objects\03-March_Wheel_leg_FOC.hex
*FILETIME* : 2026年05月11日, 15:13:42
*FILESIZE* : 24620 (0x00602C)
*CODESIZE* : 8748 (0x00222C)
*CHECKSUM* : 0x000BDB0B
*ISPMODE* : 2
*ISPRESULT* : 0
--------------------
[2026-05-11 15:14:20] : End
--------------------------------------------------
[2026-05-11 15:17:25] : Begin
--------------------
*MCUTYPE* : AI8051U-34K64
*MCUID* : 78B4CAD004EE6A
*FILENAME* : D:\03-March_Wheel_leg\03-Wheel_leg_AI8051U\Objects\03-March_Wheel_leg_FOC.hex
*FILETIME* : 2026年05月11日, 15:17:18
*FILESIZE* : 24745 (0x0060A9)
*CODESIZE* : 8792 (0x002258)
*CHECKSUM* : 0x000C0465
*ISPMODE* : 2
*ISPRESULT* : 0
--------------------
[2026-05-11 15:17:27] : End
--------------------------------------------------
[2026-05-11 15:17:48] : Begin
--------------------
*MCUTYPE* : AI8051U-34K64
*MCUID* : 78B4CAD004EE6A
*FILENAME* : D:\03-March_Wheel_leg\03-Wheel_leg_AI8051U\Objects\03-March_Wheel_leg_FOC.hex
*FILETIME* : 2026年05月11日, 15:17:18
*FILESIZE* : 24745 (0x0060A9)
*CODESIZE* : 8792 (0x002258)
*CHECKSUM* : 0x000C0465
*ISPMODE* : 2
*ISPRESULT* : 0
--------------------
[2026-05-11 15:17:51] : End
--------------------------------------------------
[2026-05-11 15:20:35] : Begin
--------------------
*MCUTYPE* : AI8051U-34K64
*MCUID* : 78B4CAD004EE6A
*FILENAME* : D:\03-March_Wheel_leg\03-Wheel_leg_AI8051U\Objects\03-March_Wheel_leg_FOC.hex
*FILETIME* : 2026年05月11日, 15:20:29
*FILESIZE* : 24708 (0x006084)
*CODESIZE* : 8779 (0x00224B)
*CHECKSUM* : 0x000BFBBE
*ISPMODE* : 2
*ISPRESULT* : 0
--------------------
[2026-05-11 15:20:37] : End
--------------------------------------------------
[2026-05-11 15:24:37] : Begin
--------------------
*MCUTYPE* : AI8051U-34K64
*MCUID* : 78B4CAD004EE6A
*FILENAME* : D:\03-March_Wheel_leg\03-Wheel_leg_AI8051U\Objects\03-March_Wheel_leg_FOC.hex
*FILETIME* : 2026年05月11日, 15:24:31
*FILESIZE* : 24751 (0x0060AF)
*CODESIZE* : 8779 (0x00224B)
*CHECKSUM* : 0x000BFBBE
*ISPMODE* : 2
*ISPRESULT* : 0
--------------------
[2026-05-11 15:24:39] : End
--------------------------------------------------
[2026-05-11 15:24:44] : Begin
--------------------
*MCUTYPE* : AI8051U-34K64
*MCUID* : 78B4CAD004EE6A
*FILENAME* : D:\03-March_Wheel_leg\03-Wheel_leg_AI8051U\Objects\03-March_Wheel_leg_FOC.hex
*FILETIME* : 2026年05月11日, 15:24:31
*FILESIZE* : 24751 (0x0060AF)
*CODESIZE* : 8795 (0x00225B)
*CHECKSUM* : 0x000C0560
*ISPMODE* : 2
*ISPRESULT* : 0
--------------------
[2026-05-11 15:24:47] : End
--------------------------------------------------
[2026-05-11 15:34:46] : Begin
--------------------
*MCUTYPE* : AI8051U-34K64
*FILENAME* : D:\03-March_Wheel_leg\03-Wheel_leg_AI8051U\Objects\03-March_Wheel_leg_FOC.hex
*FILETIME* : 2026年05月11日, 15:24:31
*FILESIZE* : 24751 (0x0060AF)
*CODESIZE* : 8795 (0x00225B)
*CHECKSUM* : 0x000C0560
*ISPMODE* : 2
*ISPRESULT* : 3
--------------------
[2026-05-11 15:38:26] : End
--------------------------------------------------
[2026-05-11 16:00:17] : Begin
--------------------
*MCUTYPE* : AI8051U-34K64
*FILENAME* : D:\03-March_Wheel_leg\03-Wheel_leg_AI8051U\Objects\03-March_Wheel_leg_FOC.hex
*FILETIME* : 2026年05月11日, 16:00:16
*FILESIZE* : 24745 (0x0060A9)
*CODESIZE* : 8792 (0x002258)
*CHECKSUM* : 0x000C05BF
*ISPMODE* : 2
*ISPRESULT* : 3
--------------------
[2026-05-11 16:00:26] : End
--------------------------------------------------
[2026-05-11 16:00:31] : Begin
--------------------
*MCUTYPE* : AI8051U-34K64
*MCUID* : 78B4CAD004EE6A
*FILENAME* : D:\03-March_Wheel_leg\03-Wheel_leg_AI8051U\Objects\03-March_Wheel_leg_FOC.hex
*FILETIME* : 2026年05月11日, 16:00:16
*FILESIZE* : 24745 (0x0060A9)
*CODESIZE* : 8792 (0x002258)
*CHECKSUM* : 0x000C05BF
*ISPMODE* : 2
*ISPRESULT* : 0
--------------------
[2026-05-11 16:00:34] : End
--------------------------------------------------
[2026-05-11 16:00:36] : Begin
--------------------
*MCUTYPE* : AI8051U-34K64
*FILENAME* : D:\03-March_Wheel_leg\03-Wheel_leg_AI8051U\Objects\03-March_Wheel_leg_FOC.hex
*FILETIME* : 2026年05月11日, 16:00:16
*FILESIZE* : 24745 (0x0060A9)
*CODESIZE* : 8792 (0x002258)
*CHECKSUM* : 0x000C05BF
*ISPMODE* : 2
*ISPRESULT* : 3
--------------------
[2026-05-11 16:00:51] : End
--------------------------------------------------
[2026-05-11 16:01:22] : Begin
--------------------
*MCUTYPE* : AI8051U-34K64
*FILENAME* : D:\03-March_Wheel_leg\03-Wheel_leg_AI8051U\Objects\03-March_Wheel_leg_FOC.hex
*FILETIME* : 2026年05月11日, 16:01:21
*FILESIZE* : 24696 (0x006078)
*CODESIZE* : 8774 (0x002246)
*CHECKSUM* : 0x000BF260
*ISPMODE* : 2
*ISPRESULT* : 3
--------------------
[2026-05-11 16:01:29] : End
--------------------------------------------------
[2026-05-11 16:01:33] : Begin
--------------------
*MCUTYPE* : AI8051U-34K64
*MCUID* : 78B4CAD004EE6A
*FILENAME* : D:\03-March_Wheel_leg\03-Wheel_leg_AI8051U\Objects\03-March_Wheel_leg_FOC.hex
*FILETIME* : 2026年05月11日, 16:01:21
*FILESIZE* : 24696 (0x006078)
*CODESIZE* : 8774 (0x002246)
*CHECKSUM* : 0x000BF260
*ISPMODE* : 2
*ISPRESULT* : 0
--------------------
[2026-05-11 16:01:35] : End
--------------------------------------------------
[2026-05-11 16:01:38] : Begin
--------------------
*MCUTYPE* : AI8051U-34K64
*FILENAME* : D:\03-March_Wheel_leg\03-Wheel_leg_AI8051U\Objects\03-March_Wheel_leg_FOC.hex
*FILETIME* : 2026年05月11日, 16:01:21
*FILESIZE* : 24696 (0x006078)
*CODESIZE* : 8774 (0x002246)
*CHECKSUM* : 0x000BF260
*ISPMODE* : 2
*ISPRESULT* : 3
--------------------
[2026-05-11 16:02:43] : End
--------------------------------------------------
[2026-05-11 16:27:14] : Begin
--------------------
*MCUTYPE* : AI8051U-34K64
*MCUID* : 78B4CAD004EE6A
*FILENAME* : D:\_tmp\STC_USB_LIBRARY(1)\范例程序\STC-CDC范例程序（中断方式）\stc32g_cdc_interrupt_demo\stc32g_cdc_interrupt_demo.hex
*FILETIME* : 2026年05月11日, 16:26:59
*FILESIZE* : 14473 (0x003889)
*CODESIZE* : 5137 (0x001411)
*CHECKSUM* : 0x00069AA6
*ISPMODE* : 2
*ISPRESULT* : 0
--------------------
[2026-05-11 16:27:16] : End
--------------------------------------------------
[2026-05-11 16:27:20] : Begin
--------------------
*MCUTYPE* : AI8051U-34K64
*MCUID* : 78B4CAD004EE6A
*FILENAME* : D:\_tmp\STC_USB_LIBRARY(1)\范例程序\STC-CDC范例程序（中断方式）\stc32g_cdc_interrupt_demo\stc32g_cdc_interrupt_demo.hex
*FILETIME* : 2026年05月11日, 16:26:59
*FILESIZE* : 14473 (0x003889)
*CODESIZE* : 5137 (0x001411)
*CHECKSUM* : 0x00069AA6
*ISPMODE* : 2
*ISPRESULT* : 0
--------------------
[2026-05-11 16:27:22] : End
--------------------------------------------------
[2026-05-11 16:27:29] : Begin
--------------------
*MCUTYPE* : AI8051U-34K64
*MCUID* : 78B4CAD004EE6A
*FILENAME* : D:\_tmp\STC_USB_LIBRARY(1)\范例程序\STC-CDC范例程序（中断方式）\stc32g_cdc_interrupt_demo\stc32g_cdc_interrupt_demo.hex
*FILETIME* : 2026年05月11日, 16:26:59
*FILESIZE* : 14473 (0x003889)
*CODESIZE* : 5137 (0x001411)
*CHECKSUM* : 0x00069AA6
*ISPMODE* : 2
*ISPRESULT* : 0
--------------------
[2026-05-11 16:27:31] : End
--------------------------------------------------
[2026-05-11 16:27:34] : Begin
--------------------
*MCUTYPE* : AI8051U-34K64
*MCUID* : 78B4CAD004EE6A
*FILENAME* : D:\_tmp\STC_USB_LIBRARY(1)\范例程序\STC-CDC范例程序（中断方式）\stc32g_cdc_interrupt_demo\stc32g_cdc_interrupt_demo.hex
*FILETIME* : 2026年05月11日, 16:26:59
*FILESIZE* : 14473 (0x003889)
*CODESIZE* : 5137 (0x001411)
*CHECKSUM* : 0x00069AA6
*ISPMODE* : 2
*ISPRESULT* : 0
--------------------
[2026-05-11 16:27:36] : End
--------------------------------------------------
[2026-05-11 16:27:40] : Begin
--------------------
*MCUTYPE* : AI8051U-34K64
*MCUID* : 78B4CAD004EE6A
*FILENAME* : D:\_tmp\STC_USB_LIBRARY(1)\范例程序\STC-CDC范例程序（中断方式）\stc32g_cdc_interrupt_demo\stc32g_cdc_interrupt_demo.hex
*FILETIME* : 2026年05月11日, 16:26:59
*FILESIZE* : 14473 (0x003889)
*CODESIZE* : 5137 (0x001411)
*CHECKSUM* : 0x00069AA6
*ISPMODE* : 2
*ISPRESULT* : 0
--------------------
[2026-05-11 16:27:43] : End
--------------------------------------------------
[2026-05-11 16:40:32] : Begin
--------------------
*MCUTYPE* : AI8051U-34K64
*MCUID* : 78B4CAD004EE6A
*FILENAME* : D:\03-March_Wheel_leg\03-Wheel_leg_AI8051U\Objects\03-MARCH_WHEEL_LEG_FOC.HEX
*FILETIME* : 2026年05月11日, 16:40:05
*FILESIZE* : 49427 (0x00C113)
*CODESIZE* : 49427 (0x00C113)
*CHECKSUM* : 0x002E8200
*ISPMODE* : 2
*ISPRESULT* : 0
--------------------
[2026-05-11 16:40:38] : End
--------------------------------------------------
[2026-05-11 16:41:43] : Begin
--------------------
*MCUTYPE* : AI8051U-34K64
*MCUID* : 78B4CAD004EE6A
*FILENAME* : D:\03-March_Wheel_leg\03-Wheel_leg_AI8051U\Objects\03-MARCH_WHEEL_LEG_FOC.HEX
*FILETIME* : 2026年05月11日, 16:41:29
*FILESIZE* : 49427 (0x00C113)
*CODESIZE* : 49427 (0x00C113)
*CHECKSUM* : 0x002E8100
*ISPMODE* : 2
*ISPRESULT* : 0
--------------------
[2026-05-11 16:41:49] : End
--------------------------------------------------
[2026-05-11 16:43:22] : Begin
--------------------
*MCUTYPE* : AI8051U-34K64
*MCUID* : 78B4CAD004EE6A
*FILENAME* : D:\03-March_Wheel_leg\03-Wheel_leg_AI8051U\Objects\03-MARCH_WHEEL_LEG_FOC.HEX
*FILETIME* : 2026年05月11日, 16:43:10
*FILESIZE* : 23252 (0x005AD4)
*CODESIZE* : 8260 (0x002044)
*CHECKSUM* : 0x000B2EB8
*ISPMODE* : 2
*ISPRESULT* : 0
--------------------
[2026-05-11 16:43:24] : End
--------------------------------------------------
[2026-05-11 16:43:30] : Begin
--------------------
*MCUTYPE* : AI8051U-34K64
*MCUID* : 78B4CAD004EE6A
*FILENAME* : D:\03-March_Wheel_leg\03-Wheel_leg_AI8051U\Objects\03-MARCH_WHEEL_LEG_FOC.HEX
*FILETIME* : 2026年05月11日, 16:43:10
*FILESIZE* : 23252 (0x005AD4)
*CODESIZE* : 8260 (0x002044)
*CHECKSUM* : 0x000B2EB8
*ISPMODE* : 2
*ISPRESULT* : 0
--------------------
[2026-05-11 16:43:32] : End
--------------------------------------------------
[2026-05-11 16:43:40] : Begin
--------------------
*MCUTYPE* : AI8051U-34K64
*MCUID* : 78B4CAD004EE6A
*FILENAME* : D:\03-March_Wheel_leg\03-Wheel_leg_AI8051U\Objects\03-MARCH_WHEEL_LEG_FOC.HEX
*FILETIME* : 2026年05月11日, 16:43:39
*FILESIZE* : 49427 (0x00C113)
*CODESIZE* : 49427 (0x00C113)
*CHECKSUM* : 0x002E8200
*ISPMODE* : 2
*ISPRESULT* : 0
--------------------
[2026-05-11 16:43:46] : End
--------------------------------------------------
[2026-05-11 19:38:31] : Begin
--------------------
*MCUTYPE* : AI8051U-34K64
*MCUID* : 78B4CAD004EE6A
*FILENAME* : D:\03-March_Wheel_leg\03-Wheel_leg_AI8051U\Objects\03-MARCH_WHEEL_LEG_FOC.HEX
*FILETIME* : 2026年05月11日, 16:43:39
*FILESIZE* : 49427 (0x00C113)
*CODESIZE* : 49427 (0x00C113)
*CHECKSUM* : 0x002E8200
*ISPMODE* : 2
*ISPRESULT* : 0
--------------------
[2026-05-11 19:38:37] : End
--------------------------------------------------
[2026-05-11 19:38:56] : Begin
--------------------
*MCUTYPE* : AI8051U-34K64
*MCUID* : 78B4CAD004EE6A
*FILENAME* : D:\03-March_Wheel_leg\03-Wheel_leg_AI8051U\Objects\03-MARCH_WHEEL_LEG_FOC.HEX
*FILETIME* : 2026年05月11日, 19:38:50
*FILESIZE* : 23252 (0x005AD4)
*CODESIZE* : 8260 (0x002044)
*CHECKSUM* : 0x000B2EB8
*ISPMODE* : 2
*ISPRESULT* : 0
--------------------
[2026-05-11 19:38:58] : End
--------------------------------------------------
[2026-05-11 19:39:02] : Begin
--------------------
*MCUTYPE* : AI8051U-34K64
*MCUID* : 78B4CAD004EE6A
*FILENAME* : D:\03-March_Wheel_leg\03-Wheel_leg_AI8051U\Objects\03-MARCH_WHEEL_LEG_FOC.HEX
*FILETIME* : 2026年05月11日, 19:38:50
*FILESIZE* : 23252 (0x005AD4)
*CODESIZE* : 8260 (0x002044)
*CHECKSUM* : 0x000B2EB8
*ISPMODE* : 2
*ISPRESULT* : 0
--------------------
[2026-05-11 19:39:04] : End
--------------------------------------------------
[2026-05-11 19:39:14] : Begin
--------------------
*MCUTYPE* : AI8051U-34K64
*MCUID* : 78B4CAD004EE6A
*FILENAME* : D:\03-March_Wheel_leg\03-Wheel_leg_AI8051U\Objects\03-MARCH_WHEEL_LEG_FOC.HEX
*FILETIME* : 2026年05月11日, 19:38:50
*FILESIZE* : 23252 (0x005AD4)
*CODESIZE* : 8260 (0x002044)
*CHECKSUM* : 0x000B2EB8
*ISPMODE* : 2
*ISPRESULT* : 0
--------------------
[2026-05-11 19:39:17] : End
--------------------------------------------------
[2026-05-11 19:39:21] : Begin
--------------------
*MCUTYPE* : AI8051U-34K64
*MCUID* : 78B4CAD004EE6A
*FILENAME* : D:\03-March_Wheel_leg\03-Wheel_leg_AI8051U\Objects\03-MARCH_WHEEL_LEG_FOC.HEX
*FILETIME* : 2026年05月11日, 19:38:50
*FILESIZE* : 23252 (0x005AD4)
*CODESIZE* : 8260 (0x002044)
*CHECKSUM* : 0x000B2EB8
*ISPMODE* : 2
*ISPRESULT* : 0
--------------------
[2026-05-11 19:39:23] : End
--------------------------------------------------
[2026-05-11 22:55:30] : Begin
--------------------
*MCUTYPE* : AI8051U-34K64
*MCUID* : 78B4CAD004EE6A
*FILENAME* : D:\03-March_Wheel_leg\03-Wheel_leg_AI8051U\Objects\03-MARCH_WHEEL_LEG_FOC.HEX
*FILETIME* : 2026年05月11日, 22:55:22
*FILESIZE* : 37920 (0x009420)
*CODESIZE* : 37920 (0x009420)
*CHECKSUM* : 0x00224700
*ISPMODE* : 2
*ISPRESULT* : 0
--------------------
[2026-05-11 22:55:35] : End
--------------------------------------------------
[2026-05-11 22:55:41] : Begin
--------------------
*MCUTYPE* : AI8051U-34K64
*MCUID* : 78B4CAD004EE6A
*FILENAME* : D:\03-March_Wheel_leg\03-Wheel_leg_AI8051U\Objects\03-MARCH_WHEEL_LEG_FOC.HEX
*FILETIME* : 2026年05月11日, 22:55:22
*FILESIZE* : 37920 (0x009420)
*CODESIZE* : 37920 (0x009420)
*CHECKSUM* : 0x00224700
*ISPMODE* : 2
*ISPRESULT* : 0
--------------------
[2026-05-11 22:55:45] : End
--------------------------------------------------
[2026-05-11 22:56:16] : Begin
--------------------
*MCUTYPE* : AI8051U-34K64
*MCUID* : 78B4CAD004EE6A
*FILENAME* : D:\03-March_Wheel_leg\03-Wheel_leg_AI8051U\Objects\03-MARCH_WHEEL_LEG_FOC.HEX
*FILETIME* : 2026年05月11日, 22:56:09
*FILESIZE* : 23252 (0x005AD4)
*CODESIZE* : 8260 (0x002044)
*CHECKSUM* : 0x000B2EB8
*ISPMODE* : 2
*ISPRESULT* : 0
--------------------
[2026-05-11 22:56:18] : End
--------------------------------------------------
[2026-05-11 22:56:22] : Begin
--------------------
*MCUTYPE* : AI8051U-34K64
*MCUID* : 78B4CAD004EE6A
*FILENAME* : D:\03-March_Wheel_leg\03-Wheel_leg_AI8051U\Objects\03-MARCH_WHEEL_LEG_FOC.HEX
*FILETIME* : 2026年05月11日, 22:56:09
*FILESIZE* : 23252 (0x005AD4)
*CODESIZE* : 8260 (0x002044)
*CHECKSUM* : 0x000B2EB8
*ISPMODE* : 2
*ISPRESULT* : 0
--------------------
[2026-05-11 22:56:25] : End
--------------------------------------------------
[2026-05-11 22:56:35] : Begin
--------------------
*MCUTYPE* : AI8051U-34K64
*MCUID* : 78B4CAD004EE6A
*FILENAME* : D:\03-March_Wheel_leg\03-Wheel_leg_AI8051U\Objects\03-MARCH_WHEEL_LEG_FOC.HEX
*FILETIME* : 2026年05月11日, 22:56:32
*FILESIZE* : 37920 (0x009420)
*CODESIZE* : 37920 (0x009420)
*CHECKSUM* : 0x00224400
*ISPMODE* : 2
*ISPRESULT* : 0
--------------------
[2026-05-11 22:56:39] : End
--------------------------------------------------
