[2026-05-10 19:50:45] : Begin
--------------------
*MCUTYPE* : AI8051U-34K64
*MCUID* : 78B4CAD004EE6A
*FILENAME* : D:\03-March_Wheel_leg\03-Wheel_leg_AI8051U\Objects\03-MARCH_WHEEL_LEG_FOC.HEX
*FILETIME* : 2026年05月06日, 22:32:07
*FILESIZE* : 53193 (0x00CFC9)
*CODESIZE* : 53193 (0x00CFC9)
*CHECKSUM* : 0x00333100
*ISPMODE* : 2
*ISPRESULT* : 0
--------------------
[2026-05-10 19:50:51] : End
--------------------------------------------------
[2026-05-10 20:16:33] : Begin
--------------------
*MCUTYPE* : AI8051U-34K64
*MCUID* : 78B4CAD004EE6A
*FILENAME* : D:\03-March_Wheel_leg\03-Wheel_leg_AI8051U\Objects\03-MARCH_WHEEL_LEG_FOC.HEX
*FILETIME* : 2026年05月06日, 22:32:07
*FILESIZE* : 53193 (0x00CFC9)
*CODESIZE* : 53193 (0x00CFC9)
*CHECKSUM* : 0x00333100
*ISPMODE* : 2
*ISPRESULT* : 0
--------------------
[2026-05-10 20:16:39] : End
--------------------------------------------------
[2026-05-10 20:17:35] : Begin
--------------------
*MCUTYPE* : AI8051U-34K64
*MCUID* : 78B4CAD004EE6A
*FILENAME* : D:\03-March_Wheel_leg\03-Wheel_leg_AI8051U\Objects\03-MARCH_WHEEL_LEG_FOC.HEX
*FILETIME* : 2026年05月10日, 20:17:34
*FILESIZE* : 24958 (0x00617E)
*CODESIZE* : 8866 (0x0022A2)
*CHECKSUM* : 0x000C0FD1
*ISPMODE* : 2
*ISPRESULT* : 0
--------------------
[2026-05-10 20:17:37] : End
--------------------------------------------------
[2026-05-10 20:21:43] : Begin
--------------------
*MCUTYPE* : AI8051U-34K64
*FILENAME* : D:\03-March_Wheel_leg\03-Wheel_leg_AI8051U\Objects\03-March_Wheel_leg_FOC.hex
*FILETIME* : 2026年05月10日, 20:21:42
*FILESIZE* : 25056 (0x0061E0)
*CODESIZE* : 8902 (0x0022C6)
*CHECKSUM* : 0x000C43E5
*ISPMODE* : 2
*ISPRESULT* : 3
--------------------
[2026-05-10 20:21:47] : End
--------------------------------------------------
[2026-05-10 20:21:53] : Begin
--------------------
*MCUTYPE* : AI8051U-34K64
*MCUID* : 78B4CAD004EE6A
*FILENAME* : D:\03-March_Wheel_leg\03-Wheel_leg_AI8051U\Objects\03-March_Wheel_leg_FOC.hex
*FILETIME* : 2026年05月10日, 20:21:42
*FILESIZE* : 25056 (0x0061E0)
*CODESIZE* : 8902 (0x0022C6)
*CHECKSUM* : 0x000C43E5
*ISPMODE* : 2
*ISPRESULT* : 0
--------------------
[2026-05-10 20:21:55] : End
--------------------------------------------------
[2026-05-10 20:23:28] : Begin
--------------------
*MCUTYPE* : AI8051U-34K64
*MCUID* : 78B4CAD004EE6A
*FILENAME* : D:\03-March_Wheel_leg\03-Wheel_leg_AI8051U\Objects\03-March_Wheel_leg_FOC.hex
*FILETIME* : 2026年05月10日, 20:23:27
*FILESIZE* : 24954 (0x00617A)
*CODESIZE* : 8864 (0x0022A0)
*CHECKSUM* : 0x000C1010
*ISPMODE* : 2
*ISPRESULT* : 0
--------------------
[2026-05-10 20:23:30] : End
--------------------------------------------------
[2026-05-10 20:23:34] : Begin
--------------------
*MCUTYPE* : AI8051U-34K64
*FILENAME* : D:\03-March_Wheel_leg\03-Wheel_leg_AI8051U\Objects\03-March_Wheel_leg_FOC.hex
*FILETIME* : 2026年05月10日, 20:23:27
*FILESIZE* : 24954 (0x00617A)
*CODESIZE* : 8864 (0x0022A0)
*CHECKSUM* : 0x000C1010
*ISPMODE* : 2
*ISPRESULT* : 3
--------------------
[2026-05-10 20:23:42] : End
--------------------------------------------------
[2026-05-10 20:35:54] : Begin
--------------------
*MCUTYPE* : AI8051U-34K64
*MCUID* : 78B4CAD004EE6A
*FILENAME* : D:\03-March_Wheel_leg\03-Wheel_leg_AI8051U\Objects\03-March_Wheel_leg_FOC.hex
*FILETIME* : 2026年05月10日, 20:35:53
*FILESIZE* : 24739 (0x0060A3)
*CODESIZE* : 8789 (0x002255)
*CHECKSUM* : 0x000BFE23
*ISPMODE* : 2
*ISPRESULT* : 0
--------------------
[2026-05-10 20:35:56] : End
--------------------------------------------------
