[2026-05-16 12:09:39] : Begin
--------------------
*MCUTYPE* : AI8051U-34K64
*FILENAME* : D:\03-March_Wheel_leg\03-Wheel_leg_AI8051U\Objects\03-March_Wheel_leg_FOC.hex
*FILETIME* : 2026年05月16日, 12:09:19
*FILESIZE* : 27691 (0x006C2B)
*CODESIZE* : 9836 (0x00266C)
*CHECKSUM* : 0x000D7A08
*ISPMODE* : 2
*ISPRESULT* : 3
--------------------
[2026-05-16 12:09:45] : End
--------------------------------------------------
[2026-05-16 12:09:47] : Begin
--------------------
*MCUTYPE* : AI8051U-34K64
*FILENAME* : D:\03-March_Wheel_leg\03-Wheel_leg_AI8051U\Objects\03-March_Wheel_leg_FOC.hex
*FILETIME* : 2026年05月16日, 12:09:19
*FILESIZE* : 27691 (0x006C2B)
*CODESIZE* : 9836 (0x00266C)
*CHECKSUM* : 0x000D7A08
*ISPMODE* : 2
*ISPRESULT* : 3
--------------------
[2026-05-16 12:09:48] : End
--------------------------------------------------
[2026-05-16 12:09:52] : Begin
--------------------
*MCUTYPE* : AI8051U-34K64
*FILENAME* : D:\03-March_Wheel_leg\03-Wheel_leg_AI8051U\Objects\03-March_Wheel_leg_FOC.hex
*FILETIME* : 2026年05月16日, 12:09:19
*FILESIZE* : 27691 (0x006C2B)
*CODESIZE* : 9836 (0x00266C)
*CHECKSUM* : 0x000D7A08
*ISPMODE* : 2
*ISPRESULT* : 3
--------------------
[2026-05-16 12:10:11] : End
--------------------------------------------------
[2026-05-16 12:10:14] : Begin
--------------------
*MCUTYPE* : AI8051U-34K64
*MCUID* : 78B4CAD004EE6A
*FILENAME* : D:\03-March_Wheel_leg\03-Wheel_leg_AI8051U\Objects\03-March_Wheel_leg_FOC.hex
*FILETIME* : 2026年05月16日, 12:09:19
*FILESIZE* : 27691 (0x006C2B)
*CODESIZE* : 9836 (0x00266C)
*CHECKSUM* : 0x000D7A08
*ISPMODE* : 2
*ISPRESULT* : 0
--------------------
[2026-05-16 12:10:17] : End
--------------------------------------------------
[2026-05-16 12:10:18] : Begin
--------------------
*MCUTYPE* : AI8051U-34K64
*FILENAME* : D:\03-March_Wheel_leg\03-Wheel_leg_AI8051U\Objects\03-March_Wheel_leg_FOC.hex
*FILETIME* : 2026年05月16日, 12:09:19
*FILESIZE* : 27691 (0x006C2B)
*CODESIZE* : 9836 (0x00266C)
*CHECKSUM* : 0x000D7A08
*ISPMODE* : 2
*ISPRESULT* : 3
--------------------
[2026-05-16 12:10:25] : End
--------------------------------------------------
[2026-05-16 12:10:35] : Begin
--------------------
*MCUTYPE* : AI8051U-34K64
*MCUID* : 78B4CAD004EE6A
*FILENAME* : D:\03-March_Wheel_leg\03-Wheel_leg_AI8051U\Objects\03-March_Wheel_leg_FOC.hex
*FILETIME* : 2026年05月16日, 12:09:19
*FILESIZE* : 27691 (0x006C2B)
*CODESIZE* : 9836 (0x00266C)
*CHECKSUM* : 0x000D7A08
*ISPMODE* : 2
*ISPRESULT* : 0
--------------------
[2026-05-16 12:10:37] : End
--------------------------------------------------
[2026-05-16 12:18:20] : Begin
--------------------
*MCUTYPE* : AI8051U-34K64
*MCUID* : 78B4CAD004EE6A
*FILENAME* : D:\03-March_Wheel_leg\03-Wheel_leg_AI8051U\Objects\03-March_Wheel_leg_FOC.hex
*FILETIME* : 2026年05月16日, 12:18:19
*FILESIZE* : 27752 (0x006C68)
*CODESIZE* : 9860 (0x002684)
*CHECKSUM* : 0x000D95EA
*ISPMODE* : 2
*ISPRESULT* : 0
--------------------
[2026-05-16 12:18:23] : End
--------------------------------------------------
[2026-05-16 20:43:21] : Begin
--------------------
*MCUTYPE* : AI8051U-34K64
*MCUID* : 78B4CAD004EE6A
*FILENAME* : D:\03-March_Wheel_leg\03-Wheel_leg_AI8051U\Objects\03-March_Wheel_leg_FOC.hex
*FILETIME* : 2026年05月16日, 20:43:20
*FILESIZE* : 27944 (0x006D28)
*CODESIZE* : 9930 (0x0026CA)
*CHECKSUM* : 0x000D787A
*ISPMODE* : 2
*ISPRESULT* : 0
--------------------
[2026-05-16 20:43:24] : End
--------------------------------------------------
[2026-05-16 20:43:30] : Begin
--------------------
*MCUTYPE* : AI8051U-34K64
*MCUID* : 78B4CAD004EE6A
*FILENAME* : D:\03-March_Wheel_leg\03-Wheel_leg_AI8051U\Objects\03-March_Wheel_leg_FOC.hex
*FILETIME* : 2026年05月16日, 20:43:28
*FILESIZE* : 27963 (0x006D3B)
*CODESIZE* : 9933 (0x0026CD)
*CHECKSUM* : 0x000D7C9C
*ISPMODE* : 2
*ISPRESULT* : 0
--------------------
[2026-05-16 20:43:33] : End
--------------------------------------------------
[2026-05-16 20:45:26] : Begin
--------------------
*MCUTYPE* : AI8051U-34K64
*MCUID* : 78B4CAD004EE6A
*FILENAME* : D:\03-March_Wheel_leg\03-Wheel_leg_AI8051U\Objects\03-March_Wheel_leg_FOC.hex
*FILETIME* : 2026年05月16日, 20:45:25
*FILESIZE* : 28470 (0x006F36)
*CODESIZE* : 10115 (0x002783)
*CHECKSUM* : 0x000E3234
*ISPMODE* : 2
*ISPRESULT* : 0
--------------------
[2026-05-16 20:45:29] : End
--------------------------------------------------
[2026-05-16 20:46:54] : Begin
--------------------
*MCUTYPE* : AI8051U-34K64
*MCUID* : 78B4CAD004EE6A
*FILENAME* : D:\03-March_Wheel_leg\03-Wheel_leg_AI8051U\Objects\03-March_Wheel_leg_FOC.hex
*FILETIME* : 2026年05月16日, 20:46:53
*FILESIZE* : 28531 (0x006F73)
*CODESIZE* : 10139 (0x00279B)
*CHECKSUM* : 0x000DD83D
*ISPMODE* : 2
*ISPRESULT* : 0
--------------------
[2026-05-16 20:46:57] : End
--------------------------------------------------
[2026-05-16 20:48:24] : Begin
--------------------
*MCUTYPE* : AI8051U-34K64
*MCUID* : 78B4CAD004EE6A
*FILENAME* : D:\03-March_Wheel_leg\03-Wheel_leg_AI8051U\Objects\03-March_Wheel_leg_FOC.hex
*FILETIME* : 2026年05月16日, 20:48:22
*FILESIZE* : 28593 (0x006FB1)
*CODESIZE* : 10157 (0x0027AD)
*CHECKSUM* : 0x000DE18F
*ISPMODE* : 2
*ISPRESULT* : 0
--------------------
[2026-05-16 20:48:27] : End
--------------------------------------------------
[2026-05-16 20:49:18] : Begin
--------------------
*MCUTYPE* : AI8051U-34K64
*MCUID* : 78B4CAD004EE6A
*FILENAME* : D:\03-March_Wheel_leg\03-Wheel_leg_AI8051U\Objects\03-March_Wheel_leg_FOC.hex
*FILETIME* : 2026年05月16日, 20:49:17
*FILESIZE* : 28593 (0x006FB1)
*CODESIZE* : 10157 (0x0027AD)
*CHECKSUM* : 0x000DE1DA
*ISPMODE* : 2
*ISPRESULT* : 0
--------------------
[2026-05-16 20:49:21] : End
--------------------------------------------------
[2026-05-16 20:51:06] : Begin
--------------------
*MCUTYPE* : AI8051U-34K64
*MCUID* : 78B4CAD004EE6A
*FILENAME* : D:\03-March_Wheel_leg\03-Wheel_leg_AI8051U\Objects\03-March_Wheel_leg_FOC.hex
*FILETIME* : 2026年05月16日, 20:51:04
*FILESIZE* : 28593 (0x006FB1)
*CODESIZE* : 10157 (0x0027AD)
*CHECKSUM* : 0x000DE369
*ISPMODE* : 2
*ISPRESULT* : 0
--------------------
[2026-05-16 20:51:09] : End
--------------------------------------------------
[2026-05-16 21:20:18] : Begin
--------------------
*MCUTYPE* : AI8051U-34K64
*MCUID* : 78B4CAD004EE6A
*FILENAME* : D:\03-March_Wheel_leg\03-Wheel_leg_AI8051U\Objects\03-March_Wheel_leg_FOC.hex
*FILETIME* : 2026年05月16日, 21:20:16
*FILESIZE* : 28705 (0x007021)
*CODESIZE* : 10199 (0x0027D7)
*CHECKSUM* : 0x000DDFBE
*ISPMODE* : 2
*ISPRESULT* : 0
--------------------
[2026-05-16 21:20:20] : End
--------------------------------------------------
[2026-05-16 21:40:52] : Begin
--------------------
*MCUTYPE* : AI8051U-34K64
*MCUID* : 78B4CAD004EE6A
*FILENAME* : D:\03-March_Wheel_leg\03-Wheel_leg_AI8051U\Objects\03-March_Wheel_leg_FOC.hex
*FILETIME* : 2026年05月16日, 21:40:49
*FILESIZE* : 28760 (0x007058)
*CODESIZE* : 10220 (0x0027EC)
*CHECKSUM* : 0x000E0F69
*ISPMODE* : 2
*ISPRESULT* : 0
--------------------
[2026-05-16 21:40:54] : End
--------------------------------------------------
[2026-05-16 21:43:15] : Begin
--------------------
*MCUTYPE* : AI8051U-34K64
*MCUID* : 78B4CAD004EE6A
*FILENAME* : D:\03-March_Wheel_leg\03-Wheel_leg_AI8051U\Objects\03-March_Wheel_leg_FOC.hex
*FILETIME* : 2026年05月16日, 21:43:12
*FILESIZE* : 28760 (0x007058)
*CODESIZE* : 10220 (0x0027EC)
*CHECKSUM* : 0x000E0EE2
*ISPMODE* : 2
*ISPRESULT* : 0
--------------------
[2026-05-16 21:43:17] : End
--------------------------------------------------
[2026-05-16 21:43:45] : Begin
--------------------
*MCUTYPE* : AI8051U-34K64
*MCUID* : 78B4CAD004EE6A
*FILENAME* : D:\03-March_Wheel_leg\03-Wheel_leg_AI8051U\Objects\03-March_Wheel_leg_FOC.hex
*FILETIME* : 2026年05月16日, 21:43:43
*FILESIZE* : 28760 (0x007058)
*CODESIZE* : 10220 (0x0027EC)
*CHECKSUM* : 0x000E0F69
*ISPMODE* : 2
*ISPRESULT* : 0
--------------------
[2026-05-16 21:43:48] : End
--------------------------------------------------
[2026-05-16 22:02:33] : Begin
--------------------
*MCUTYPE* : AI8051U-34K64
*MCUID* : 78B4CAD004EE6A
*FILENAME* : D:\03-March_Wheel_leg\03-Wheel_leg_AI8051U\Objects\03-March_Wheel_leg_FOC.hex
*FILETIME* : 2026年05月16日, 22:02:31
*FILESIZE* : 28834 (0x0070A2)
*CODESIZE* : 10244 (0x002804)
*CHECKSUM* : 0x000E2251
*ISPMODE* : 2
*ISPRESULT* : 0
--------------------
[2026-05-16 22:02:36] : End
--------------------------------------------------
