[2026-05-18 12:50:43] : Begin
--------------------
*MCUTYPE* : AI8051U-34K64
*MCUID* : 78B4CAD004EE6A
*FILENAME* : D:\03-March_Wheel_leg\03-Wheel_leg_AI8051U\Objects\03-March_Wheel_leg_FOC.hex
*FILETIME* : 2026年05月17日, 22:52:13
*FILESIZE* : 29531 (0x00735B)
*CODESIZE* : 10495 (0x0028FF)
*CHECKSUM* : 0x000EB065
*ISPMODE* : 2
*ISPRESULT* : 0
--------------------
[2026-05-18 12:50:46] : End
--------------------------------------------------
[2026-05-18 13:17:35] : Begin
--------------------
*MCUTYPE* : AI8051U-34K64
*MCUID* : 78B4CAD004EE6A
*FILENAME* : D:\03-March_Wheel_leg\03-Wheel_leg_AI8051U\Objects\03-March_Wheel_leg_FOC.hex
*FILETIME* : 2026年05月18日, 13:16:14
*FILESIZE* : 29529 (0x007359)
*CODESIZE* : 10494 (0x0028FE)
*CHECKSUM* : 0x000E7C5A
*ISPMODE* : 2
*ISPRESULT* : 0
--------------------
[2026-05-18 13:17:38] : End
--------------------------------------------------
[2026-05-18 13:46:02] : Begin
--------------------
*MCUTYPE* : AI8051U-34K64
*MCUID* : 78B4CAD004EE6A
*FILENAME* : D:\03-March_Wheel_leg\03-Wheel_leg_AI8051U\Objects\03-March_Wheel_leg_FOC.hex
*FILETIME* : 2026年05月18日, 13:45:44
*FILESIZE* : 29664 (0x0073E0)
*CODESIZE* : 10542 (0x00292E)
*CHECKSUM* : 0x000ED740
*ISPMODE* : 2
*ISPRESULT* : 0
--------------------
[2026-05-18 13:46:05] : End
--------------------------------------------------
[2026-05-18 13:46:18] : Begin
--------------------
*MCUTYPE* : AI8051U-34K64
*MCUID* : 78B4CAD004EE6A
*FILENAME* : D:\03-March_Wheel_leg\03-Wheel_leg_AI8051U\Objects\03-March_Wheel_leg_FOC.hex
*FILETIME* : 2026年05月18日, 13:45:44
*FILESIZE* : 29664 (0x0073E0)
*CODESIZE* : 10542 (0x00292E)
*CHECKSUM* : 0x000ED740
*ISPMODE* : 2
*ISPRESULT* : 0
--------------------
[2026-05-18 13:46:21] : End
--------------------------------------------------
[2026-05-18 13:47:00] : Begin
--------------------
*MCUTYPE* : AI8051U-34K64
*MCUID* : 78B4CAD004EE6A
*FILENAME* : D:\03-March_Wheel_leg\03-Wheel_leg_AI8051U\Objects\03-March_Wheel_leg_FOC.hex
*FILETIME* : 2026年05月18日, 13:45:44
*FILESIZE* : 29664 (0x0073E0)
*CODESIZE* : 10542 (0x00292E)
*CHECKSUM* : 0x000ED740
*ISPMODE* : 2
*ISPRESULT* : 0
--------------------
[2026-05-18 13:47:03] : End
--------------------------------------------------
[2026-05-18 14:05:44] : Begin
--------------------
*MCUTYPE* : AI8051U-34K64
*MCUID* : 78B4CAD004EE6A
*FILENAME* : D:\03-March_Wheel_leg\03-Wheel_leg_AI8051U\Objects\03-March_Wheel_leg_FOC.hex
*FILETIME* : 2026年05月18日, 14:05:43
*FILESIZE* : 29288 (0x007268)
*CODESIZE* : 10406 (0x0028A6)
*CHECKSUM* : 0x000E3BE3
*ISPMODE* : 2
*ISPRESULT* : 0
--------------------
[2026-05-18 14:05:47] : End
--------------------------------------------------
[2026-05-18 14:06:06] : Begin
--------------------
*MCUTYPE* : AI8051U-34K64
*MCUID* : 78B4CAD004EE6A
*FILENAME* : D:\03-March_Wheel_leg\03-Wheel_leg_AI8051U\Objects\03-March_Wheel_leg_FOC.hex
*FILETIME* : 2026年05月18日, 14:06:04
*FILESIZE* : 29282 (0x007262)
*CODESIZE* : 10403 (0x0028A3)
*CHECKSUM* : 0x000E7625
*ISPMODE* : 2
*ISPRESULT* : 0
--------------------
[2026-05-18 14:06:08] : End
--------------------------------------------------
[2026-05-18 14:06:43] : Begin
--------------------
*MCUTYPE* : AI8051U-34K64
*MCUID* : 78B4CAD004EE6A
*FILENAME* : D:\03-March_Wheel_leg\03-Wheel_leg_AI8051U\Objects\03-March_Wheel_leg_FOC.hex
*FILETIME* : 2026年05月18日, 14:06:34
*FILESIZE* : 29153 (0x0071E1)
*CODESIZE* : 10358 (0x002876)
*CHECKSUM* : 0x000E941A
*ISPMODE* : 2
*ISPRESULT* : 0
--------------------
[2026-05-18 14:06:46] : End
--------------------------------------------------
[2026-05-18 14:07:32] : Begin
--------------------
*MCUTYPE* : AI8051U-34K64
*MCUID* : 78B4CAD004EE6A
*FILENAME* : D:\03-March_Wheel_leg\03-Wheel_leg_AI8051U\Objects\03-March_Wheel_leg_FOC.hex
*FILETIME* : 2026年05月18日, 14:07:30
*FILESIZE* : 29153 (0x0071E1)
*CODESIZE* : 10358 (0x002876)
*CHECKSUM* : 0x000E94CE
*ISPMODE* : 2
*ISPRESULT* : 0
--------------------
[2026-05-18 14:07:34] : End
--------------------------------------------------
[2026-05-18 14:17:16] : Begin
--------------------
*MCUTYPE* : AI8051U-34K64
*MCUID* : 78B4CAD004EE6A
*FILENAME* : D:\03-March_Wheel_leg\03-Wheel_leg_AI8051U\Objects\03-March_Wheel_leg_FOC.hex
*FILETIME* : 2026年05月18日, 14:17:08
*FILESIZE* : 29288 (0x007268)
*CODESIZE* : 10406 (0x0028A6)
*CHECKSUM* : 0x000E3C97
*ISPMODE* : 2
*ISPRESULT* : 0
--------------------
[2026-05-18 14:17:18] : End
--------------------------------------------------
[2026-05-18 15:37:46] : Begin
--------------------
*MCUTYPE* : AI8051U-34K64
*MCUID* : 78B4CAD004EE6A
*FILENAME* : D:\03-March_Wheel_leg\03-Wheel_leg_AI8051U\Objects\03-March_Wheel_leg_FOC.hex
*FILETIME* : 2026年05月18日, 15:37:45
*FILESIZE* : 29425 (0x0072F1)
*CODESIZE* : 10455 (0x0028D7)
*CHECKSUM* : 0x000E5B98
*ISPMODE* : 2
*ISPRESULT* : 0
--------------------
[2026-05-18 15:37:48] : End
--------------------------------------------------
