[2026-05-12 09:15:04] : Begin
--------------------
*MCUTYPE* : AI8051U-34K64
*MCUID* : 78B4CAD004EE6A
*FILENAME* : D:\03-March_Wheel_leg\03-Wheel_leg_AI8051U\Objects\03-MARCH_WHEEL_LEG_FOC.HEX
*FILETIME* : 2026年05月12日, 09:13:58
*FILESIZE* : 23252 (0x005AD4)
*CODESIZE* : 8260 (0x002044)
*CHECKSUM* : 0x000B2EB8
*ISPMODE* : 2
*ISPRESULT* : 0
--------------------
[2026-05-12 09:15:07] : End
--------------------------------------------------
[2026-05-12 09:15:09] : Begin
--------------------
*MCUTYPE* : AI8051U-34K64
*FILENAME* : D:\03-March_Wheel_leg\03-Wheel_leg_AI8051U\Objects\03-MARCH_WHEEL_LEG_FOC.HEX
*FILETIME* : 2026年05月12日, 09:13:58
*FILESIZE* : 23252 (0x005AD4)
*CODESIZE* : 8260 (0x002044)
*CHECKSUM* : 0x000B2EB8
*ISPMODE* : 2
*ISPRESULT* : 3
--------------------
[2026-05-12 09:15:17] : End
--------------------------------------------------
[2026-05-12 09:15:19] : Begin
--------------------
*MCUTYPE* : AI8051U-34K64
*FILENAME* : D:\03-March_Wheel_leg\03-Wheel_leg_AI8051U\Objects\03-MARCH_WHEEL_LEG_FOC.HEX
*FILETIME* : 2026年05月12日, 09:13:58
*FILESIZE* : 23252 (0x005AD4)
*CODESIZE* : 8260 (0x002044)
*CHECKSUM* : 0x000B2EB8
*ISPMODE* : 2
*ISPRESULT* : 3
--------------------
[2026-05-12 09:15:21] : End
--------------------------------------------------
[2026-05-12 09:15:30] : Begin
--------------------
*MCUTYPE* : AI8051U-34K64
*MCUID* : 78B4CAD004EE6A
*FILENAME* : D:\03-March_Wheel_leg\03-Wheel_leg_AI8051U\Objects\03-MARCH_WHEEL_LEG_FOC.HEX
*FILETIME* : 2026年05月12日, 09:13:58
*FILESIZE* : 23252 (0x005AD4)
*CODESIZE* : 8260 (0x002044)
*CHECKSUM* : 0x000B2EB8
*ISPMODE* : 2
*ISPRESULT* : 0
--------------------
[2026-05-12 09:15:32] : End
--------------------------------------------------
[2026-05-12 09:15:36] : Begin
--------------------
*MCUTYPE* : AI8051U-34K64
*MCUID* : 78B4CAD004EE6A
*FILENAME* : D:\03-March_Wheel_leg\03-Wheel_leg_AI8051U\Objects\03-MARCH_WHEEL_LEG_FOC.HEX
*FILETIME* : 2026年05月12日, 09:13:58
*FILESIZE* : 23252 (0x005AD4)
*CODESIZE* : 8260 (0x002044)
*CHECKSUM* : 0x000B2EB8
*ISPMODE* : 2
*ISPRESULT* : 0
--------------------
[2026-05-12 09:15:39] : End
--------------------------------------------------
[2026-05-12 09:16:26] : Begin
--------------------
*MCUTYPE* : AI8051U-34K64
*MCUID* : 78B4CAD004EE6A
*FILENAME* : D:\03-March_Wheel_leg\03-Wheel_leg_AI8051U\Objects\03-March_Wheel_leg_FOC.hex
*FILETIME* : 2026年05月12日, 09:16:24
*FILESIZE* : 23252 (0x005AD4)
*CODESIZE* : 8260 (0x002044)
*CHECKSUM* : 0x000B2EB8
*ISPMODE* : 2
*ISPRESULT* : 0
--------------------
[2026-05-12 09:16:28] : End
--------------------------------------------------
[2026-05-12 09:16:34] : Begin
--------------------
*MCUTYPE* : AI8051U-34K64
*MCUID* : 78B4CAD004EE6A
*FILENAME* : D:\03-March_Wheel_leg\03-Wheel_leg_AI8051U\Objects\03-March_Wheel_leg_FOC.hex
*FILETIME* : 2026年05月12日, 09:16:24
*FILESIZE* : 23252 (0x005AD4)
*CODESIZE* : 8260 (0x002044)
*CHECKSUM* : 0x000B2EB8
*ISPMODE* : 2
*ISPRESULT* : 0
--------------------
[2026-05-12 09:16:36] : End
--------------------------------------------------
[2026-05-12 09:19:23] : Begin
--------------------
*MCUTYPE* : AI8051U-34K64
*MCUID* : 78B4CAD004EE6A
*FILENAME* : D:\03-March_Wheel_leg\03-Wheel_leg_AI8051U\Objects\03-March_Wheel_leg_FOC.hex
*FILETIME* : 2026年05月12日, 09:19:21
*FILESIZE* : 23252 (0x005AD4)
*CODESIZE* : 8260 (0x002044)
*CHECKSUM* : 0x000B2EB8
*ISPMODE* : 2
*ISPRESULT* : 0
--------------------
[2026-05-12 09:19:25] : End
--------------------------------------------------
[2026-05-12 09:19:49] : Begin
--------------------
*MCUTYPE* : AI8051U-34K64
*MCUID* : 78B4CAD004EE6A
*FILENAME* : D:\03-March_Wheel_leg\03-Wheel_leg_AI8051U\Objects\03-March_Wheel_leg_FOC.hex
*FILETIME* : 2026年05月12日, 09:19:47
*FILESIZE* : 23252 (0x005AD4)
*CODESIZE* : 8260 (0x002044)
*CHECKSUM* : 0x000B2EB8
*ISPMODE* : 2
*ISPRESULT* : 0
--------------------
[2026-05-12 09:19:51] : End
--------------------------------------------------
[2026-05-12 09:22:18] : Begin
--------------------
*MCUTYPE* : AI8051U-34K64
*MCUID* : 78B4CAD004EE6A
*FILENAME* : D:\03-March_Wheel_leg\03-Wheel_leg_AI8051U\Objects\03-March_Wheel_leg_FOC.hex
*FILETIME* : 2026年05月12日, 09:22:16
*FILESIZE* : 23252 (0x005AD4)
*CODESIZE* : 8260 (0x002044)
*CHECKSUM* : 0x000B2EB8
*ISPMODE* : 2
*ISPRESULT* : 0
--------------------
[2026-05-12 09:22:20] : End
--------------------------------------------------
[2026-05-12 09:23:03] : Begin
--------------------
*MCUTYPE* : AI8051U-34K64
*MCUID* : 78B4CAD004EE6A
*FILENAME* : D:\03-March_Wheel_leg\03-Wheel_leg_AI8051U\Objects\03-March_Wheel_leg_FOC.hex
*FILETIME* : 2026年05月12日, 09:23:01
*FILESIZE* : 23252 (0x005AD4)
*CODESIZE* : 8260 (0x002044)
*CHECKSUM* : 0x000B2EB8
*ISPMODE* : 2
*ISPRESULT* : 0
--------------------
[2026-05-12 09:23:05] : End
--------------------------------------------------
[2026-05-12 12:18:27] : Begin
--------------------
*MCUTYPE* : AI8051U-34K64
*MCUID* : 78B4CAD004EE6A
*FILENAME* : D:\03-March_Wheel_leg\03-Wheel_leg_AI8051U\Objects\03-March_Wheel_leg_FOC.hex
*FILETIME* : 2026年05月12日, 12:18:25
*FILESIZE* : 23252 (0x005AD4)
*CODESIZE* : 8260 (0x002044)
*CHECKSUM* : 0x000B2EB8
*ISPMODE* : 2
*ISPRESULT* : 0
--------------------
[2026-05-12 12:18:29] : End
--------------------------------------------------
[2026-05-12 12:21:24] : Begin
--------------------
*MCUTYPE* : AI8051U-34K64
*MCUID* : 78B4CAD004EE6A
*FILENAME* : D:\03-March_Wheel_leg\03-Wheel_leg_AI8051U\Objects\03-March_Wheel_leg_FOC.hex
*FILETIME* : 2026年05月12日, 12:21:22
*FILESIZE* : 23252 (0x005AD4)
*CODESIZE* : 8260 (0x002044)
*CHECKSUM* : 0x000B2EB8
*ISPMODE* : 2
*ISPRESULT* : 0
--------------------
[2026-05-12 12:21:26] : End
--------------------------------------------------
