L251 LINKER/LOCATER V4.66.93.0                                                          05/11/2026  20:02:09  PAGE 1


L251 LINKER/LOCATER V4.66.93.0, INVOKED BY:
C:\KEIL_V5\C251\BIN\L251.EXE OBJECTS\MAIN.OBJ, SOURCES\LIB\STC_USB_CDC_32G_XDATA.LIB, SOURCES\LIB\AI8051U_32_MDU32.LIB, 
>> SOURCES\LIB\AI8051U_32_TFPU.LIB TO OBJECTS\03-MARCH_WHEEL_LEG_FOC.HEX REMOVEUNUSED NOOVERLAY


CPU MODE:     251 SOURCE MODE
INTR FRAME:   4 BYTES SAVED ON INTERRUPT
MEMORY MODEL: LARGE WITH FLOATING POINT ARITHMETIC


INPUT MODULES INCLUDED:
  OBJECTS\MAIN.OBJ (main)
         COMMENT TYPE 0: C251 V5.60.0
  SOURCES\LIB\STC_USB_CDC_32G_XDATA.LIB (usb)
         COMMENT TYPE 0: C251 V5.60.0
  SOURCES\LIB\STC_USB_CDC_32G_XDATA.LIB (usb_req_class)
         COMMENT TYPE 0: C251 V5.60.0
  SOURCES\LIB\STC_USB_CDC_32G_XDATA.LIB (usb_req_std)
         COMMENT TYPE 0: C251 V5.60.0
  SOURCES\LIB\STC_USB_CDC_32G_XDATA.LIB (usb_req_vendor)
         COMMENT TYPE 0: C251 V5.60.0
  SOURCES\LIB\STC_USB_CDC_32G_XDATA.LIB (util)
         COMMENT TYPE 0: C251 V5.60.0
  SOURCES\LIB\STC_USB_CDC_32G_XDATA.LIB (usb_desc)
         COMMENT TYPE 0: C251 V5.60.0
  SOURCES\LIB\AI8051U_32_MDU32.LIB (AI8051U_32_MDU32)
         COMMENT TYPE 0: A251 V4.69.13.0
  C:\KEIL_V5\C251\LIB\C2SFPL.LIB (SPRINTF)
         COMMENT TYPE 0: A251 V4.69.6.0
  C:\KEIL_V5\C251\LIB\C2SFPL.LIB (VSPRINTF)
         COMMENT TYPE 0: A251 V4.69.6.0
  C:\KEIL_V5\C251\LIB\C2SFPL.LIB (?C?PRNFMT)
         COMMENT TYPE 0: A251 V4.69.6.0
  C:\KEIL_V5\C251\LIB\C2SFPL.LIB (?C?FPCONVERT)
         COMMENT TYPE 0: A251 V4.69.6.0
  C:\KEIL_V5\C251\LIB\C2SFPL.LIB (?C?FPMUL)
         COMMENT TYPE 0: A251 V4.69.6.0
  C:\KEIL_V5\C251\LIB\C2SFPL.LIB (?C?FPDIV)
         COMMENT TYPE 0: A251 V4.69.6.0
  C:\KEIL_V5\C251\LIB\C2SFPL.LIB (?C?FTNPWR)
         COMMENT TYPE 0: A251 V4.69.6.0
  C:\KEIL_V5\C251\LIB\C2SFPL.LIB (?C?FPGETOPN)
         COMMENT TYPE 0: A251 V4.69.6.0
  C:\KEIL_V5\C251\LIB\C2SL.LIB (?C_START)
         COMMENT TYPE 0: A251 V4.69.6.0
  C:\KEIL_V5\C251\LIB\C2SL.LIB (?C?INITHDATA)
         COMMENT TYPE 0: A251 V4.69.6.0
  C:\KEIL_V5\C251\LIB\C2SL.LIB (STRLEN)
         COMMENT TYPE 0: C251 V5.58.7
  C:\KEIL_V5\C251\LIB\C2SL.LIB (memcpy)
         COMMENT TYPE 0: C251 V5.58.7
  C:\KEIL_V5\C251\LIB\C2SL.LIB (?C?INITHDATA_END)
         COMMENT TYPE 0: A251 V4.69.6.0


ACTIVE MEMORY CLASSES OF MODULE:  OBJECTS\03-MARCH_WHEEL_LEG_FOC.HEX (main)

BASE        START       END         USED      MEMORY CLASS
==========================================================
000000H     FF0000H     FFFFFFH     000031H   HCONST
FF0000H     FF0000H     FFFFFFH     00200EH   CODE
010000H     010000H     01FFFFH     00018DH   XDATA
000020H.0   000020H.0   00002FH.7   000000H.3 BIT
FF0000H     FF0000H     FFFFFFH     000004H   CONST
000000H     000000H     00FFFFH     000100H   EDATA
000000H     000000H     00007FH     000008H   DATA
L251 LINKER/LOCATER V4.66.93.0                                                        05/11/2026  20:02:09  PAGE 2




MEMORY MAP OF MODULE:  OBJECTS\03-MARCH_WHEEL_LEG_FOC.HEX (main)


START     STOP      LENGTH    ALIGN  RELOC    MEMORY CLASS   SEGMENT NAME
=========================================================================
000000H   000007H   000008H   ---    AT..     DATA           "REG BANK 0"
000008H.0 00001FH.7 000018H.0 ---    ---      **GAP**
000020H.0 000020H.2 000000H.3 BIT    UNIT     BIT            ?BI?USB
000020H.3 000020H   000000H.5 ---    ---      **GAP**
000021H   000120H   000100H   BYTE   UNIT     EDATA          ?STACK
000121H   00FFFFH   00FEDFH   ---    ---      **GAP**
010000H   0100DBH   0000DCH   BYTE   INSEG    XDATA          ?XD?USB
0100DCH   010107H   00002CH   BYTE   UNIT     XDATA          ?XD?SEG7_SHOWSTRING?UTIL
010108H   010133H   00002CH   BYTE   UNIT     XDATA          ?XD?PRINTF_USB?UTIL
010134H   01015BH   000028H   BYTE   UNIT     XDATA          ?XT?SPRINTF
01015CH   010163H   000008H   BYTE   UNIT     XDATA          ?XD?REVERSE4?UTIL
010164H   01016AH   000007H   BYTE   UNIT     XDATA          ?XD?USB_SENDDATA?USB
01016BH   010171H   000007H   BYTE   INSEG    XDATA          ?XD?USB_REQ_CLASS
010172H   010176H   000005H   BYTE   UNIT     XDATA          ?XD?LCD12864_SETBUFFER?UTIL
010177H   01017BH   000005H   BYTE   UNIT     XDATA          ?XD?OLED12864_SETBUFFER?UTIL
01017CH   01017FH   000004H   BYTE   UNIT     XDATA          ?XD?REVERSE2?UTIL
010180H   010183H   000004H   BYTE   UNIT     XDATA          ?XD?SEG7_SHOWLONG?UTIL
010184H   010187H   000004H   BYTE   UNIT     XDATA          ?XT?VSPRINTF
010188H   010189H   000002H   BYTE   INSEG    XDATA          ?XD?MAIN
01018AH   01018BH   000002H   BYTE   UNIT     XDATA          ?XD?LCD12864_SHOWSTRING?UTIL
01018CH   01018CH   000001H   BYTE   UNIT     XDATA          ?XD?USB_INIT?USB
01018DH   FEFFFFH   FDFE73H   ---    ---      **GAP**
FF0000H   FF0002H   000003H   ---    OFFS..   CODE           ?CO?start251?4
FF0003H   FF0009H   000007H   BYTE   INSEG    CODE           ?PR?SET_USB_IN_CALLBACK?USB
FF000AH   FF000AH   000001H   BYTE   INSEG    CODE           ?PR?USB_SUSPEND?USB
FF000BH   FF000DH   000003H   ---    OFFS..   CODE           ?PR?IV?1
FF000EH   FF00C8H   0000BBH   BYTE   INSEG    CODE           ?PR?USB_SENDDATA?USB
FF00C9H   FF00C9H   000001H   BYTE   INSEG    CODE           ?PR?USB_RESUME?USB
FF00CAH   FF00CAH   000001H   ---    ---      **GAP**
FF00CBH   FF00CDH   000003H   ---    OFFS..   CODE           ?PR?IV?25
FF00CEH   FF082DH   000760H   BYTE   UNIT     CODE           ?C?LIB_CODE
FF082EH   FF093CH   00010FH   BYTE   INSEG    CODE           ?PR?USB_GET_STATUS?USB_REQ_STD
FF093DH   FF0A38H   0000FCH   BYTE   INSEG    CODE           ?PR?USB_OUT_EP1?USB
FF0A39H   FF0B02H   0000CAH   BYTE   INSEG    CODE           ?PR?USB_GET_DESCRIPTOR?USB_REQ_STD
FF0B03H   FF0BACH   0000AAH   BYTE   INSEG    CODE           ?PR?USB_INIT?USB
FF0BADH   FF0C56H   0000AAH   BYTE   INSEG    CODE           ?PR?OLED12864_SETBUFFER?UTIL
FF0C57H   FF0D00H   0000AAH   BYTE   INSEG    CODE           ?PR?LCD12864_SETBUFFER?UTIL
FF0D01H   FF0DA7H   0000A7H   BYTE   INSEG    CODE           ?PR?USB_SET_CONFIGURATION?USB_REQ_STD
FF0DA8H   FF0E4BH   0000A4H   BYTE   INSEG    CODE           ?PR?USB_CLEAR_FEATURE?USB_REQ_STD
FF0E4CH   FF0EDFH   000094H   BYTE   INSEG    CODE           ?PR?USB_SET_FEATURE?USB_REQ_STD
FF0EE0H   FF0F71H   000092H   BYTE   INSEG    CODE           ?PR?USB_SETUP?USB
FF0F72H   FF0FF4H   000083H   BYTE   UNIT     CODE           ?CO?USB_DESC
FF0FF5H   FF1074H   000080H   BYTE   INSEG    CODE           ?PR?USB_ISR?USB
FF1075H   FF10EFH   00007BH   BYTE   INSEG    CODE           ?PR?USB_CTRL_IN?USB
FF10F0H   FF115CH   00006DH   BYTE   INSEG    CODE           ?PR?REVERSE4?UTIL
FF115DH   FF11BBH   00005FH   BYTE   INSEG    CODE           ?PR?USB_CTRL_OUT?USB
FF11BCH   FF1219H   00005EH   BYTE   INSEG    CODE           ?PR?USB_GET_CONFIGURATION?USB_REQ_STD
FF121AH   FF1276H   00005DH   BYTE   INSEG    CODE           ?PR?SEG7_SHOWSTRING?UTIL
FF1277H   FF12D2H   00005CH   BYTE   INSEG    CODE           ?PR?USB_REQ_STD?USB_REQ_STD
FF12D3H   FF1323H   000051H   BYTE   INSEG    CODE           ?PR?LCD12864_SHOWPICTURE?UTIL
FF1324H   FF1371H   00004EH   BYTE   INSEG    CODE           ?PR?USB_SET_ADDRESS?USB_REQ_STD
FF1372H   FF13BCH   00004BH   BYTE   INSEG    CODE           ?PR?LED40_SENDDATA?UTIL
FF13BDH   FF1407H   00004BH   BYTE   INSEG    CODE           ?PR?LED64_SENDDATA?UTIL
FF1408H   FF1452H   00004BH   BYTE   INSEG    CODE           ?PR?SEG7_SHOWLONG?UTIL
FF1453H   FF149CH   00004AH   BYTE   INSEG    CODE           ?PR?USB_RESET?USB
FF149DH   FF14E5H   000049H   BYTE   INSEG    CODE           ?PR?_M?MAIN
FF14E6H   FF152DH   000048H   BYTE   INSEG    CODE           ?PR?USB_GET_INTERFACE?USB_REQ_STD
FF152EH   FF1540H   000013H   BYTE   UNIT     CODE           ?C_C51STARTUP
L251 LINKER/LOCATER V4.66.93.0                                                        05/11/2026  20:02:09  PAGE 3


FF1541H   FF1571H   000031H   BYTE   UNIT     CODE           ?C_C51STARTUP?2
FF1572H   FF1574H   000003H   BYTE   UNIT     CODE           ?C_C51STARTUP?3
FF1575H   FF15B8H   000044H   BYTE   INSEG    CODE           ?PR?LED40_SETPORT?UTIL
FF15B9H   FF15FCH   000044H   BYTE   INSEG    CODE           ?PR?LED64_SETPORT?UTIL
FF15FDH   FF163FH   000043H   BYTE   INSEG    CODE           ?PR?LED40_SETBIT?UTIL
FF1640H   FF1682H   000043H   BYTE   INSEG    CODE           ?PR?LED64_SETBIT?UTIL
FF1683H   FF16C4H   000042H   BYTE   INSEG    CODE           ?PR?OLED12864_SHOWPICTURE?UTIL
FF16C5H   FF1705H   000041H   BYTE   INSEG    CODE           ?PR?LCD12864_SHOWSTRING?UTIL
FF1706H   FF1746H   000041H   BYTE   INSEG    CODE           ?PR?LED40_CLRBIT?UTIL
FF1747H   FF1787H   000041H   BYTE   INSEG    CODE           ?PR?LED64_CLRBIT?UTIL
FF1788H   FF17C6H   00003FH   BYTE   INSEG    CODE           ?PR?USB_IN_EP1?USB
FF17C7H   FF1805H   00003FH   BYTE   INSEG    CODE           ?PR?PRINTF_USB?UTIL
FF1806H   FF1841H   00003CH   BYTE   INSEG    CODE           ?PR?OLED12864_SCROLLRIGHT?UTIL
FF1842H   FF187DH   00003CH   BYTE   INSEG    CODE           ?PR?OLED12864_SCROLLUP?UTIL
FF187EH   FF18B8H   00003BH   BYTE   INSEG    CODE           ?PR?USB_WRITE_REG?USB
FF18B9H   FF18F3H   00003BH   BYTE   INSEG    CODE           ?PR?OLED12864_SCROLLLEFT?UTIL
FF18F4H   FF192DH   00003AH   BYTE   INSEG    CODE           ?PR?USB_READ_FIFO?_?USB
FF192EH   FF1966H   000039H   BYTE   INSEG    CODE           ?PR?REVERSE2?UTIL
FF1967H   FF199EH   000038H   BYTE   INSEG    CODE           ?PR?USB_READ_REG?USB
FF199FH   FF19D5H   000037H   BYTE   INSEG    CODE           ?PR?SEG7_SHOWCODE?UTIL
FF19D6H   FF1A0AH   000035H   BYTE   INSEG    CODE           ?PR?SEG7_SHOWFLOAT?UTIL
FF1A0BH   FF1A3EH   000034H   BYTE   INSEG    CODE           ?PR?USB_GET_LINE_CODING?USB_REQ_CLASS
FF1A3FH   FF1A72H   000034H   BYTE   INSEG    CODE           ?PR?USB_SET_LINE_CODING?USB_REQ_CLASS
FF1A73H   FF1AA0H   00002EH   BYTE   INSEG    CODE           ?PR?TIMER0_ISR?MAIN
FF1AA1H   FF1ACBH   00002BH   BYTE   INSEG    CODE           ?PR?USB_IN_EP2?USB
FF1ACCH   FF1AF5H   00002AH   BYTE   INSEG    CODE           ?PR?USB_SET_INTERFACE?USB_REQ_STD
FF1AF6H   FF1B1EH   000029H   BYTE   INSEG    CODE           ?PR?DELAY_US?MAIN
FF1B1FH   FF1B47H   000029H   BYTE   INSEG    CODE           ?PR?USB_WRITE_FIFO?_?USB
FF1B48H   FF1B70H   000029H   BYTE   INSEG    CODE           ?PR?LCD12864_SCROLLUP?UTIL
FF1B71H   FF1B95H   000025H   BYTE   INSEG    CODE           ?PR?MEMCPY?_?MEMCPY
FF1B96H   FF1BB9H   000024H   BYTE   INSEG    CODE           ?PR?TIMER0_INIT?MAIN
FF1BBAH   FF1BDCH   000023H   BYTE   INSEG    CODE           ?PR?OLED12864_SETADDRESSMODE?UTIL
FF1BDDH   FF1BFFH   000023H   BYTE   INSEG    CODE           ?PR?OLED12864_SETCONTRAST?UTIL
FF1C00H   FF1C22H   000023H   BYTE   INSEG    CODE           ?PR?LCD12864_REVERSELINE?UTIL
FF1C23H   FF1C3FH   00001DH   BYTE   INSEG    CODE           ?PR?SLEEP_US?UTIL
FF1C40H   FF1C5BH   00001CH   BYTE   INSEG    CODE           ?PR?OLED12864_SCROLLSTART?UTIL
FF1C5CH   FF1C77H   00001CH   BYTE   INSEG    CODE           ?PR?OLED12864_DISPLAYON?UTIL
FF1C78H   FF1C93H   00001CH   BYTE   INSEG    CODE           ?PR?LCD12864_SCROLLRIGHT?UTIL
FF1C94H   FF1CAFH   00001CH   BYTE   INSEG    CODE           ?PR?LCD12864_AUTOWRAPON?UTIL
FF1CB0H   FF1CCBH   00001CH   BYTE   INSEG    CODE           ?PR?OLED12864_VERTICALMIRROR?UTIL
FF1CCCH   FF1CE7H   00001CH   BYTE   INSEG    CODE           ?PR?LCD12864_CURSORRETURNHOME?UTIL
FF1CE8H   FF1D03H   00001CH   BYTE   INSEG    CODE           ?PR?OLED12864_DISPLAYENTIRE?UTIL
FF1D04H   FF1D1FH   00001CH   BYTE   INSEG    CODE           ?PR?LCD12864_DISPLAYON?UTIL
FF1D20H   FF1D3BH   00001CH   BYTE   INSEG    CODE           ?PR?LCD12864_CURSORMOVERIGHT?UTIL
FF1D3CH   FF1D57H   00001CH   BYTE   INSEG    CODE           ?PR?LCD12864_CURSORON?UTIL
FF1D58H   FF1D72H   00001BH   BYTE   INSEG    CODE           ?PR?USB_REQ_CLASS?USB_REQ_CLASS
FF1D73H   FF1D8DH   00001BH   BYTE   INSEG    CODE           ?PR?OLED12864_DISPLAYOFF?UTIL
FF1D8EH   FF1DA8H   00001BH   BYTE   INSEG    CODE           ?PR?LCD12864_AUTOWRAPOFF?UTIL
FF1DA9H   FF1DC3H   00001BH   BYTE   INSEG    CODE           ?PR?OLED12864_SCROLLSTOP?UTIL
FF1DC4H   FF1DDEH   00001BH   BYTE   INSEG    CODE           ?PR?LCD12864_DISPLAYOFF?UTIL
FF1DDFH   FF1DF9H   00001BH   BYTE   INSEG    CODE           ?PR?LCD12864_SCROLLLEFT?UTIL
FF1DFAH   FF1E14H   00001BH   BYTE   INSEG    CODE           ?PR?OLED12864_HORIZONTALMIRROR?UTIL
FF1E15H   FF1E2FH   00001BH   BYTE   INSEG    CODE           ?PR?OLED12864_DISPLAYCONTENT?UTIL
FF1E30H   FF1E4AH   00001BH   BYTE   INSEG    CODE           ?PR?LCD12864_CURSOROFF?UTIL
FF1E4BH   FF1E65H   00001BH   BYTE   INSEG    CODE           ?PR?LCD12864_CURSORMOVELEFT?UTIL
FF1E66H   FF1E7EH   000019H   BYTE   INSEG    CODE           ?PR?USB_BULK_INTR_OUT?USB
FF1E7FH   FF1E97H   000019H   BYTE   INSEG    CODE           ?PR?OLED12864_SETHEADER?UTIL
FF1E98H   FF1EB0H   000019H   BYTE   INSEG    CODE           ?PR?LCD12864_SETHEADER?UTIL
FF1EB1H   FF1EC9H   000019H   BYTE   INSEG    CODE           ?PR?SEG7_SETHEADER?UTIL
FF1ECAH   FF1EE1H   000018H   BYTE   INSEG    CODE           ?PR?USB_OUT_DONE?USB
FF1EE2H   FF1EF9H   000018H   BYTE   INSEG    CODE           ?PR?SLEEP_MS?UTIL
FF1EFAH   FF1F11H   000018H   BYTE   UNIT     CODE           ?PR?AI8051U_32_MDU32
FF1F12H   FF1F28H   000017H   BYTE   INSEG    CODE           ?PR?DELAY_MS?MAIN
FF1F29H   FF1F3EH   000016H   BYTE   INSEG    CODE           ?PR?USB_SET_CTRL_LINE_STATE?USB_REQ_CLASS
FF1F3FH   FF1F54H   000016H   BYTE   INSEG    CODE           ?PR?LCD12864_DISPLAYCLEAR?UTIL
L251 LINKER/LOCATER V4.66.93.0                                                        05/11/2026  20:02:09  PAGE 4


FF1F55H   FF1F6AH   000016H   BYTE   INSEG    CODE           ?PR?OLED12864_DISPLAYREVERSE?UTIL
FF1F6BH   FF1F7FH   000015H   BYTE   INSEG    CODE           ?PR?USB_BULK_INTR_IN?USB
FF1F80H   FF1F90H   000011H   BYTE   INSEG    CODE           ?PR?USB_CALLBACK?MAIN
FF1F91H   FF1FA1H   000011H   BYTE   INSEG    CODE           ?PR?USB_SETUP_IN?USB
FF1FA2H   FF1FB1H   000010H   BYTE   INSEG    CODE           ?PR?MAIN?MAIN
FF1FB2H   FF1FBFH   00000EH   BYTE   INSEG    CODE           ?PR?USB_SETUP_OUT?USB
FF1FC0H   FF1FCDH   00000EH   BYTE   INSEG    CODE           ?PR?USB_SETUP_STALL?USB
FF1FCEH   FF1FDBH   00000EH   BYTE   INSEG    CODE           ?PR?STRLEN?_?STRLEN
FF1FDCH   FF1FE8H   00000DH   BYTE   INSEG    CODE           ?PR?USB_SETUP_STATUS?USB
FF1FE9H   FF1FF3H   00000BH   BYTE   INSEG    CODE           ?PR?USB_IN?USB
FF1FF4H   FF1FFEH   00000BH   BYTE   INSEG    CODE           ?PR?SET_USB_ISPCMD?USB
FF1FFFH   FF2005H   000007H   BYTE   INSEG    CODE           ?PR?SET_USB_OUT_CALLBACK?USB
FF2006H   FF2008H   000003H   BYTE   INSEG    CODE           ?PR?USB_SET_DESCRIPTOR?USB_REQ_STD
FF2009H   FF200BH   000003H   BYTE   INSEG    CODE           ?PR?USB_SYNCH_FRAME?USB_REQ_STD
FF200CH   FF200EH   000003H   BYTE   INSEG    CODE           ?PR?USB_REQ_VENDOR?USB_REQ_VENDOR
FF200FH   FF2012H   000004H   BYTE   UNIT     CONST          ?CO?PRINTF
FF2013H   FF2038H   000026H   BYTE   UNIT     HCONST         ?C_INITHDATA
FF2039H   FF2041H   000009H   BYTE   UNIT     HCONST         ?HC?USB
FF2042H   FF2043H   000002H   BYTE   UNIT     HCONST         ?HC?MAIN



PUBLIC SYMBOLS OF MODULE:  OBJECTS\03-MARCH_WHEEL_LEG_FOC.HEX (main)


      VALUE       CLASS    TYPE      PUBLIC SYMBOL NAME
      =================================================
      000000FFH   NUMBER   ---       ?C?CODESEG
      00FF055AH   CODE     ---       ?C?FPCONVERT
      00FF06F5H   CODE     ---       ?C?FPDIV
      00FF07DDH   CODE     ---       ?C?FPGETOPN2
      00FF0655H   CODE     ---       ?C?FPMUL
      00FF081AH   CODE     ---       ?C?FPNANRESULT
      00FF0822H   CODE     ---       ?C?FPOVERFLOW
      00FF07F6H   CODE     ---       ?C?FPRESULT
      00FF080CH   CODE     ---       ?C?FPRESULT2
      00FF0612H   CODE     ---       ?C?FPROUND
      00FF081FH   CODE     ---       ?C?FPUNDERFLOW
      00FF07A6H   CODE     ---       ?C?FTNPWR
      00FF1541H   CODE     ---       ?C?INITHDATA
      00FF2037H   HCONST   WORD      ?C?INITHDATA_END
      00FF1EFEH   CODE     ---       ?C?LIMUL
      00FF1EFAH   CODE     ---       ?C?LMUL
      00FF013DH   CODE     ---       ?C?PRNFMT
      00FF1F0EH   CODE     ---       ?C?SLDIV
      00FF0000H   CODE     ---       ?C?STARTUP
      00FF1F04H   CODE     ---       ?C?ULDIV
      00FF1F08H   CODE     ---       ?C?ULIDIV
      00000001H   NUMBER   ---       ?C?XDATASEG
      00FF0000H   CODE     ---       ?C_STARTUP
      00010130H   XDATA    BYTE      ?printf_usb?BYTE
      00010104H   XDATA    BYTE      ?SEG7_ShowString?BYTE
      0001015CH   XDATA    ---       ?sprintf?BYTE
      0001017CH   XDATA    ---       ?vsprintf?BYTE
      00FF149DH   CODE     ---       _m
*SFR* 000000E0H   DATA     BYTE      ACC
*SFR* 000000BCH   DATA     BYTE      ADC_CONTR
*SFR* 000000DEH   DATA     BYTE      ADCCFG
*SFR* 000000EFH   DATA     BYTE      AUXINTIF
*SFR* 0000008EH   DATA     BYTE      AUXR
*SFR* 00000097H   DATA     BYTE      AUXR2
*SFR* 000000F0H   DATA     BYTE      B
      00000020H.1 BIT      BIT       bUsbFeatureReady
      00000020H.2 BIT      BIT       bUsbInBusy
      00000020H.0 BIT      BIT       bUsbOutReady
L251 LINKER/LOCATER V4.66.93.0                                                        05/11/2026  20:02:09  PAGE 5


*SFR* 000000F1H   DATA     BYTE      CANICR
*SFR* 000000EAH   DATA     BYTE      CKCON
*SFR* 000000E6H   DATA     BYTE      CMPCR1
*SFR* 000000E7H   DATA     BYTE      CMPCR2
      00FF0FA6H   CODE     ---       CONFIGDESC
      00FF1F12H   CODE     ---       delay_ms
      00FF1AF6H   CODE     ---       delay_us
      00FF0F94H   CODE     ---       DEVICEDESC
      00010092H   XDATA    BYTE      DeviceState
*SFR* 000000EDH   DATA     BYTE      DMAIR
*SFR* 000000A8H.7 DATA     BIT       EA
*SFR* 000000BAH.7 DATA     BIT       EAXFR
      000100D3H   XDATA    ---       Ep0State
*SFR* 000000A8H.1 DATA     BIT       ET0
*SFR* 000000AFH.7 DATA     BIT       EUSB
*SFR* 000000C7H   DATA     BYTE      IAP_CONTR
*SFR* 000000A8H   DATA     BYTE      IE
*SFR* 000000AFH   DATA     BYTE      IE2
      000100DAH   XDATA    BYTE      InEpState
*SFR* 0000008FH   DATA     BYTE      INTCLKO
*SFR* 000000B8H   DATA     BYTE      IP
*SFR* 000000B5H   DATA     BYTE      IP2
*SFR* 000000B6H   DATA     BYTE      IP2H
*SFR* 000000DFH   DATA     BYTE      IP3
*SFR* 000000EEH   DATA     BYTE      IP3H
*SFR* 000000B7H   DATA     BYTE      IPH
*SFR* 0000009DH   DATA     BYTE      IRCBAND
      00FF0F90H   CODE     ---       LANGIDDESC
      00FF1D8EH   CODE     ---       LCD12864_AutoWrapOff
      00FF1C94H   CODE     ---       LCD12864_AutoWrapOn
      00FF1E4BH   CODE     ---       LCD12864_CursorMoveLeft
      00FF1D20H   CODE     ---       LCD12864_CursorMoveRight
      00FF1E30H   CODE     ---       LCD12864_CursorOff
      00FF1D3CH   CODE     ---       LCD12864_CursorOn
      00FF1CCCH   CODE     ---       LCD12864_CursorReturnHome
      00FF1F3FH   CODE     ---       LCD12864_DisplayClear
      00FF1DC4H   CODE     ---       LCD12864_DisplayOff
      00FF1D04H   CODE     ---       LCD12864_DisplayOn
      00FF1C00H   CODE     ---       LCD12864_ReverseLine
      00FF1DDFH   CODE     ---       LCD12864_ScrollLeft
      00FF1C78H   CODE     ---       LCD12864_ScrollRight
      00FF1B48H   CODE     ---       LCD12864_ScrollUp
      00FF12D3H   CODE     ---       LCD12864_ShowPicture
      00FF16C5H   CODE     ---       LCD12864_ShowString
      00FF1706H   CODE     ---       LED40_ClrBit
      00FF1372H   CODE     ---       LED40_SendData
      00FF15FDH   CODE     ---       LED40_SetBit
      00FF1575H   CODE     ---       LED40_SetPort
      00FF1747H   CODE     ---       LED64_ClrBit
      00FF13BDH   CODE     ---       LED64_SendData
      00FF1640H   CODE     ---       LED64_SetBit
      00FF15B9H   CODE     ---       LED64_SetPort
      0001016BH   XDATA    ---       LineCoding
*SFR* 000000F9H   DATA     BYTE      LINICR
      00FF1FA2H   CODE     ---       main
      00FF0FEDH   CODE     ---       MANUFACTDESC
      00FF1B71H   CODE     ---       memcpy?_
      00FF1E15H   CODE     ---       OLED12864_DisplayContent
      00FF1CE8H   CODE     ---       OLED12864_DisplayEntire
      00FF1D73H   CODE     ---       OLED12864_DisplayOff
      00FF1C5CH   CODE     ---       OLED12864_DisplayOn
      00FF1F55H   CODE     ---       OLED12864_DisplayReverse
      00FF1DFAH   CODE     ---       OLED12864_HorizontalMirror
      00FF18B9H   CODE     ---       OLED12864_ScrollLeft
      00FF1806H   CODE     ---       OLED12864_ScrollRight
L251 LINKER/LOCATER V4.66.93.0                                                        05/11/2026  20:02:09  PAGE 6


      00FF1C40H   CODE     ---       OLED12864_ScrollStart
      00FF1DA9H   CODE     ---       OLED12864_ScrollStop
      00FF1842H   CODE     ---       OLED12864_ScrollUp
      00FF1BBAH   CODE     ---       OLED12864_SetAddressMode
      00FF1BDDH   CODE     ---       OLED12864_SetContrast
      00FF1683H   CODE     ---       OLED12864_ShowPicture
      00FF1CB0H   CODE     ---       OLED12864_VerticalMirror
      000100DBH   XDATA    BYTE      OutEpState
      00010008H   XDATA    BYTE      OutNumber
*SFR* 00000080H   DATA     BYTE      P0
*SFR* 00000094H   DATA     BYTE      P0M0
*SFR* 00000093H   DATA     BYTE      P0M1
*SFR* 00000090H   DATA     BYTE      P1
*SFR* 00000092H   DATA     BYTE      P1M0
*SFR* 00000091H   DATA     BYTE      P1M1
*SFR* 000000A0H   DATA     BYTE      P2
*SFR* 00000096H   DATA     BYTE      P2M0
*SFR* 00000095H   DATA     BYTE      P2M1
*SFR* 000000B0H   DATA     BYTE      P3
*SFR* 000000B2H   DATA     BYTE      P3M0
*SFR* 000000B1H   DATA     BYTE      P3M1
*SFR* 000000C0H   DATA     BYTE      P4
*SFR* 000000C0H.2 DATA     BIT       P42
*SFR* 000000B4H   DATA     BYTE      P4M0
*SFR* 000000B3H   DATA     BYTE      P4M1
*SFR* 000000C8H   DATA     BYTE      P5
*SFR* 000000CAH   DATA     BYTE      P5M0
*SFR* 000000C9H   DATA     BYTE      P5M1
*SFR* 000000E8H   DATA     BYTE      P6
*SFR* 000000CCH   DATA     BYTE      P6M0
*SFR* 000000CBH   DATA     BYTE      P6M1
*SFR* 000000F8H   DATA     BYTE      P7
*SFR* 000000E2H   DATA     BYTE      P7M0
*SFR* 000000E1H   DATA     BYTE      P7M1
*SFR* 000000A2H   DATA     BYTE      P_SW1
*SFR* 000000BAH   DATA     BYTE      P_SW2
*SFR* 000000BBH   DATA     BYTE      P_SW3
*SFR* 000000BFH   DATA     BYTE      P_SW4
      00FF0FE9H   CODE     ---       PACKET0
      00FF0FEBH   CODE     ---       PACKET1
*SFR* 00000087H   DATA     BYTE      PCON
      00FF17C7H   CODE     ---       printf_usb
      00FF0F72H   CODE     ---       PRODUCTDESC
*SFR* 000000D0H   DATA     BYTE      PSW
*SFR* 000000D1H   DATA     BYTE      PSW1
      00FF192EH   CODE     ---       reverse2
      00FF10F0H   CODE     ---       reverse4
*SFR* 000000FFH   DATA     BYTE      RSTCFG
*SFR* 0000009AH   DATA     BYTE      S2CON
*SFR* 000000ACH   DATA     BYTE      S3CON
*SFR* 000000FDH   DATA     BYTE      S4CON
*SFR* 00000098H   DATA     BYTE      SCON
      00FF199FH   CODE     ---       SEG7_ShowCode
      00FF19D6H   CODE     ---       SEG7_ShowFloat
      00FF1408H   CODE     ---       SEG7_ShowLong
      00FF121AH   CODE     ---       SEG7_ShowString
      00FF0003H   CODE     ---       set_usb_IN_callback
      00FF1FF4H   CODE     ---       set_usb_ispcmd
      00FF1FFFH   CODE     ---       set_usb_OUT_callback
      00010000H   XDATA    ---       Setup
      00FF1EE2H   CODE     ---       sleep_ms
      00FF1C23H   CODE     ---       sleep_us
*SFR* 000000CEH   DATA     BYTE      SPCTL
      00FF00CEH   CODE     NEAR LAB  sprintf
*SFR* 000000CDH   DATA     BYTE      SPSTAT
L251 LINKER/LOCATER V4.66.93.0                                                        05/11/2026  20:02:09  PAGE 7


      00FF1FCEH   CODE     ---       strlen?_
*SFR* 000000DDH   DATA     BYTE      T4T3M
*SFR* 00000088H   DATA     BYTE      TCON
*SFR* 0000008CH   DATA     BYTE      TH0
      00010188H   XDATA    WORD      tick_10ms
      00FF1B96H   CODE     ---       Timer0_Init
      00FF1A73H   CODE     ---       Timer0_ISR
*SFR* 0000008AH   DATA     BYTE      TL0
*SFR* 00000089H   DATA     BYTE      TMOD
*SFR* 00000088H.4 DATA     BIT       TR0
      00FF1F6BH   CODE     ---       usb_bulk_intr_in
      00FF1E66H   CODE     ---       usb_bulk_intr_out
      00FF1F80H   CODE     ---       usb_callback
      00FF0DA8H   CODE     ---       usb_clear_feature
      00FF1075H   CODE     ---       usb_ctrl_in
      00FF115DH   CODE     ---       usb_ctrl_out
      00FF11BCH   CODE     ---       usb_get_configuration
      00FF0A39H   CODE     ---       usb_get_descriptor
      00FF14E6H   CODE     ---       usb_get_interface
      00FF1A0BH   CODE     ---       usb_get_line_coding
      00FF082EH   CODE     ---       usb_get_status
      00FF1FE9H   CODE     ---       usb_IN
      00010090H   XDATA    ---       usb_IN_callback
      00FF1788H   CODE     ---       usb_in_ep1
      00FF1AA1H   CODE     ---       usb_in_ep2
      00FF0B03H   CODE     ---       usb_init
      00FF0FF5H   CODE     ---       usb_isr
      0001000AH   XDATA    ---       usb_OUT_callback
      00FF1ECAH   CODE     ---       usb_OUT_done
      00FF093DH   CODE     ---       usb_out_ep1
      00FF18F4H   CODE     ---       usb_read_fifo?_
      00FF1967H   CODE     ---       usb_read_reg
      00FF1D58H   CODE     ---       usb_req_class
      00FF1277H   CODE     ---       usb_req_std
      00FF200CH   CODE     ---       usb_req_vendor
      00FF1453H   CODE     ---       usb_reset
      00FF00C9H   CODE     ---       usb_resume
      00FF000EH   CODE     ---       USB_SendData
      00FF1324H   CODE     ---       usb_set_address
      00FF0D01H   CODE     ---       usb_set_configuration
      00FF1F29H   CODE     ---       usb_set_ctrl_line_state
      00FF2006H   CODE     ---       usb_set_descriptor
      00FF0E4CH   CODE     ---       usb_set_feature
      00FF1ACCH   CODE     ---       usb_set_interface
      00FF1A3FH   CODE     ---       usb_set_line_coding
      00FF0EE0H   CODE     ---       usb_setup
      00FF1F91H   CODE     ---       usb_setup_in
      00FF1FB2H   CODE     ---       usb_setup_out
      00FF1FC0H   CODE     ---       usb_setup_stall
      00FF1FDCH   CODE     ---       usb_setup_status
      00FF000AH   CODE     ---       usb_suspend
      00FF2009H   CODE     ---       usb_synch_frame
      00FF1B1FH   CODE     ---       usb_write_fifo?_
      00FF187EH   CODE     ---       usb_write_reg
*SFR* 000000FCH   DATA     BYTE      USBADR
*SFR* 000000DCH   DATA     BYTE      USBCLK
*SFR* 000000F4H   DATA     BYTE      USBCON
*SFR* 000000ECH   DATA     BYTE      USBDAT
      00010093H   XDATA    ---       UsbFeatureBuffer
      0001000CH   XDATA    ---       UsbInBuffer
      0001004CH   XDATA    ---       UsbOutBuffer
      0001008CH   XDATA    ---       USER_STCISPCMD
      00FF00EEH   CODE     NEAR LAB  vsprintf
*SFR* 000000C1H   DATA     BYTE      WDT_CONTR
*SFR* 000000E9H   DATA     BYTE      WTST
L251 LINKER/LOCATER V4.66.93.0                                                        05/11/2026  20:02:09  PAGE 8





SYMBOL TABLE OF MODULE:  OBJECTS\03-MARCH_WHEEL_LEG_FOC.HEX (main)

      VALUE       REP       CLASS    TYPE      SYMBOL NAME
      ====================================================
      ---         MODULE    ---      ---       main
      00FF1A73H   PUBLIC    CODE     ---       Timer0_ISR
      00FF1FA2H   PUBLIC    CODE     ---       main
      00FF1B96H   PUBLIC    CODE     ---       Timer0_Init
      00FF149DH   PUBLIC    CODE     ---       _m
      00FF1F12H   PUBLIC    CODE     ---       delay_ms
      00FF1AF6H   PUBLIC    CODE     ---       delay_us
      00FF1F80H   PUBLIC    CODE     ---       usb_callback
      00010188H   PUBLIC    XDATA    WORD      tick_10ms
      00000094H   SFRSYM    DATA     BYTE      P0M0
      000000D0H   SFRSYM    DATA     BYTE      PSW
      000000BAH.7 SFRSYM    DATA     BIT       EAXFR
      0000009DH   SFRSYM    DATA     BYTE      IRCBAND
      00000097H   SFRSYM    DATA     BYTE      AUXR2
      000000EAH   SFRSYM    DATA     BYTE      CKCON
      000000EFH   SFRSYM    DATA     BYTE      AUXINTIF
      000000FDH   SFRSYM    DATA     BYTE      S4CON
      000000ACH   SFRSYM    DATA     BYTE      S3CON
      0000009AH   SFRSYM    DATA     BYTE      S2CON
      000000B7H   SFRSYM    DATA     BYTE      IPH
      000000CDH   SFRSYM    DATA     BYTE      SPSTAT
      000000DDH   SFRSYM    DATA     BYTE      T4T3M
      000000C1H   SFRSYM    DATA     BYTE      WDT_CONTR
      00000088H.4 SFRSYM    DATA     BIT       TR0
      000000E9H   SFRSYM    DATA     BYTE      WTST
      0000008AH   SFRSYM    DATA     BYTE      TL0
      0000008CH   SFRSYM    DATA     BYTE      TH0
      000000DFH   SFRSYM    DATA     BYTE      IP3
      000000F4H   SFRSYM    DATA     BYTE      USBCON
      000000B5H   SFRSYM    DATA     BYTE      IP2
      000000FFH   SFRSYM    DATA     BYTE      RSTCFG
      000000A8H.1 SFRSYM    DATA     BIT       ET0
      000000E0H   SFRSYM    DATA     BYTE      ACC
      000000C7H   SFRSYM    DATA     BYTE      IAP_CONTR
      0000008EH   SFRSYM    DATA     BYTE      AUXR
      000000F0H   SFRSYM    DATA     BYTE      B
      000000AFH   SFRSYM    DATA     BYTE      IE2
      000000C0H.2 SFRSYM    DATA     BIT       P42
      00000088H   SFRSYM    DATA     BYTE      TCON
      00000089H   SFRSYM    DATA     BYTE      TMOD
      00000098H   SFRSYM    DATA     BYTE      SCON
      00000087H   SFRSYM    DATA     BYTE      PCON
      000000BCH   SFRSYM    DATA     BYTE      ADC_CONTR
      000000D1H   SFRSYM    DATA     BYTE      PSW1
      000000E7H   SFRSYM    DATA     BYTE      CMPCR2
      000000E6H   SFRSYM    DATA     BYTE      CMPCR1
      000000DEH   SFRSYM    DATA     BYTE      ADCCFG
      000000B8H   SFRSYM    DATA     BYTE      IP
      0000008FH   SFRSYM    DATA     BYTE      INTCLKO
      000000EEH   SFRSYM    DATA     BYTE      IP3H
      000000B6H   SFRSYM    DATA     BYTE      IP2H
      000000BFH   SFRSYM    DATA     BYTE      P_SW4
      000000A8H   SFRSYM    DATA     BYTE      IE
      000000BBH   SFRSYM    DATA     BYTE      P_SW3
      000000BAH   SFRSYM    DATA     BYTE      P_SW2
      000000A2H   SFRSYM    DATA     BYTE      P_SW1
      000000CEH   SFRSYM    DATA     BYTE      SPCTL
      000000F8H   SFRSYM    DATA     BYTE      P7
L251 LINKER/LOCATER V4.66.93.0                                                        05/11/2026  20:02:09  PAGE 9


      000000A8H.7 SFRSYM    DATA     BIT       EA
      000000E1H   SFRSYM    DATA     BYTE      P7M1
      000000E8H   SFRSYM    DATA     BYTE      P6
      000000C8H   SFRSYM    DATA     BYTE      P5
      000000CBH   SFRSYM    DATA     BYTE      P6M1
      000000E2H   SFRSYM    DATA     BYTE      P7M0
      000000C0H   SFRSYM    DATA     BYTE      P4
      000000C9H   SFRSYM    DATA     BYTE      P5M1
      000000CCH   SFRSYM    DATA     BYTE      P6M0
      000000B0H   SFRSYM    DATA     BYTE      P3
      000000B3H   SFRSYM    DATA     BYTE      P4M1
      000000CAH   SFRSYM    DATA     BYTE      P5M0
      000000A0H   SFRSYM    DATA     BYTE      P2
      000000B1H   SFRSYM    DATA     BYTE      P3M1
      000000B4H   SFRSYM    DATA     BYTE      P4M0
      00000090H   SFRSYM    DATA     BYTE      P1
      00000095H   SFRSYM    DATA     BYTE      P2M1
      000000B2H   SFRSYM    DATA     BYTE      P3M0
      00000080H   SFRSYM    DATA     BYTE      P0
      00000091H   SFRSYM    DATA     BYTE      P1M1
      00000096H   SFRSYM    DATA     BYTE      P2M0
      00000092H   SFRSYM    DATA     BYTE      P1M0
      00000093H   SFRSYM    DATA     BYTE      P0M1

      00FF1B96H   BLOCK     CODE     ---       LVL=0
      00FF1B96H   LINE      CODE     ---       #19
      00FF1B96H   LINE      CODE     ---       #22
      00FF1B99H   LINE      CODE     ---       #23
      00FF1B9DH   LINE      CODE     ---       #29
      00FF1BA0H   LINE      CODE     ---       #30
      00FF1BA3H   LINE      CODE     ---       #33
      00FF1BB0H   LINE      CODE     ---       #36
      00FF1BB3H   LINE      CODE     ---       #39
      00FF1BB5H   LINE      CODE     ---       #40
      00FF1BB7H   LINE      CODE     ---       #43
      00FF1BB9H   LINE      CODE     ---       #44
      ---         BLOCKEND  ---      ---       LVL=0

      00FF1A73H   BLOCK     CODE     ---       LVL=0
      00FF1A73H   LINE      CODE     ---       #47
      00FF1A79H   LINE      CODE     ---       #49
      00FF1A84H   LINE      CODE     ---       #51
      00FF1A90H   LINE      CODE     ---       #53
      00FF1A98H   LINE      CODE     ---       #54
      00FF1A9AH   LINE      CODE     ---       #55
      ---         BLOCKEND  ---      ---       LVL=0

      00FF1FA2H   BLOCK     CODE     ---       LVL=0
      00FF1FA2H   LINE      CODE     ---       #66
      ---         BLOCKEND  ---      ---       LVL=0

      00FF149DH   BLOCK     CODE     ---       LVL=0
      00FF149DH   LINE      CODE     ---       #66
      00FF149DH   LINE      CODE     ---       #68
      00FF14A0H   LINE      CODE     ---       #69
      00FF14A3H   LINE      CODE     ---       #70
      00FF14A6H   LINE      CODE     ---       #71
      00FF14ACH   LINE      CODE     ---       #72
      00FF14B2H   LINE      CODE     ---       #73
      00FF14B8H   LINE      CODE     ---       #74
      00FF14BEH   LINE      CODE     ---       #75
      00FF14C4H   LINE      CODE     ---       #76
      00FF14CAH   LINE      CODE     ---       #77
      00FF14D0H   LINE      CODE     ---       #78
      00FF14D6H   LINE      CODE     ---       #80
L251 LINKER/LOCATER V4.66.93.0                                                        05/11/2026  20:02:09  PAGE 10


      00FF14D9H   LINE      CODE     ---       #81
      00FF14E0H   LINE      CODE     ---       #83
      00FF14E2H   LINE      CODE     ---       #85
      00FF14E4H   LINE      CODE     ---       #90
      00FF14E4H   LINE      CODE     ---       #93
      ---         BLOCKEND  ---      ---       LVL=0

      00FF1F80H   BLOCK     CODE     ---       LVL=0
      00FF1F80H   LINE      CODE     ---       #96
      00FF1F80H   LINE      CODE     ---       #98
      ---         BLOCKEND  ---      ---       LVL=0

      00FF1AF6H   BLOCK     CODE     ---       LVL=0
      WR4         REGSYM    ---      WORD      us
      00FF1AF6H   LINE      CODE     ---       #108
      00FF1AF8H   LINE      CODE     ---       #110
      00FF1AF8H   LINE      CODE     ---       #112
      00FF1B16H   LINE      CODE     ---       #113
      00FF1B1EH   LINE      CODE     ---       #114
      ---         BLOCKEND  ---      ---       LVL=0

      00FF1F12H   BLOCK     CODE     ---       LVL=0
      WR4         REGSYM    ---      WORD      ms
      00FF1F14H   BLOCK     CODE     NEAR LAB  LVL=1
      WR6         REGSYM    ---      WORD      i
      ---         BLOCKEND  ---      ---       LVL=1
      00FF1F12H   LINE      CODE     ---       #122
      00FF1F14H   LINE      CODE     ---       #123
      00FF1F14H   LINE      CODE     ---       #126
      00FF1F14H   LINE      CODE     ---       #128
      00FF1F18H   LINE      CODE     ---       #129
      00FF1F20H   LINE      CODE     ---       #130
      00FF1F28H   LINE      CODE     ---       #131
      ---         BLOCKEND  ---      ---       LVL=0

      ---         MODULE    ---      ---       usb
      00FF0003H   PUBLIC    CODE     ---       set_usb_IN_callback
      00FF1F91H   PUBLIC    CODE     ---       usb_setup_in
      00FF1FB2H   PUBLIC    CODE     ---       usb_setup_out
      00FF1075H   PUBLIC    CODE     ---       usb_ctrl_in
      00FF115DH   PUBLIC    CODE     ---       usb_ctrl_out
      00FF1ECAH   PUBLIC    CODE     ---       usb_OUT_done
      00FF000AH   PUBLIC    CODE     ---       usb_suspend
      00FF1F6BH   PUBLIC    CODE     ---       usb_bulk_intr_in
      00FF1E66H   PUBLIC    CODE     ---       usb_bulk_intr_out
      00FF00C9H   PUBLIC    CODE     ---       usb_resume
      00FF1FE9H   PUBLIC    CODE     ---       usb_IN
      00FF18F4H   PUBLIC    CODE     ---       usb_read_fifo?_
      00FF1453H   PUBLIC    CODE     ---       usb_reset
      00FF000EH   PUBLIC    CODE     ---       USB_SendData
      00FF1FF4H   PUBLIC    CODE     ---       set_usb_ispcmd
      00FF0EE0H   PUBLIC    CODE     ---       usb_setup
      00FF1B1FH   PUBLIC    CODE     ---       usb_write_fifo?_
      00FF0B03H   PUBLIC    CODE     ---       usb_init
      00FF1FC0H   PUBLIC    CODE     ---       usb_setup_stall
      00FF1FFFH   PUBLIC    CODE     ---       set_usb_OUT_callback
      00FF1FDCH   PUBLIC    CODE     ---       usb_setup_status
      00FF1967H   PUBLIC    CODE     ---       usb_read_reg
      00FF1788H   PUBLIC    CODE     ---       usb_in_ep1
      00FF1AA1H   PUBLIC    CODE     ---       usb_in_ep2
      00FF093DH   PUBLIC    CODE     ---       usb_out_ep1
      00FF187EH   PUBLIC    CODE     ---       usb_write_reg
      00FF0FF5H   PUBLIC    CODE     ---       usb_isr
      00010000H   PUBLIC    XDATA    ---       Setup
      00010008H   PUBLIC    XDATA    BYTE      OutNumber
L251 LINKER/LOCATER V4.66.93.0                                                        05/11/2026  20:02:09  PAGE 11


      0001000AH   PUBLIC    XDATA    ---       usb_OUT_callback
      0001000CH   PUBLIC    XDATA    ---       UsbInBuffer
      0001004CH   PUBLIC    XDATA    ---       UsbOutBuffer
      0001008CH   PUBLIC    XDATA    ---       USER_STCISPCMD
      00010090H   PUBLIC    XDATA    ---       usb_IN_callback
      00010092H   PUBLIC    XDATA    BYTE      DeviceState
      00010093H   PUBLIC    XDATA    ---       UsbFeatureBuffer
      000100D3H   PUBLIC    XDATA    ---       Ep0State
      000100DAH   PUBLIC    XDATA    BYTE      InEpState
      000100DBH   PUBLIC    XDATA    BYTE      OutEpState
      00000020H.0 PUBLIC    BIT      BIT       bUsbOutReady
      00000020H.1 PUBLIC    BIT      BIT       bUsbFeatureReady
      00000020H.2 PUBLIC    BIT      BIT       bUsbInBusy
      000000D0H   SFRSYM    DATA     BYTE      PSW
      0000009DH   SFRSYM    DATA     BYTE      IRCBAND
      00000097H   SFRSYM    DATA     BYTE      AUXR2
      000000EFH   SFRSYM    DATA     BYTE      AUXINTIF
      000000FDH   SFRSYM    DATA     BYTE      S4CON
      000000ACH   SFRSYM    DATA     BYTE      S3CON
      0000009AH   SFRSYM    DATA     BYTE      S2CON
      000000B7H   SFRSYM    DATA     BYTE      IPH
      000000CDH   SFRSYM    DATA     BYTE      SPSTAT
      000000DDH   SFRSYM    DATA     BYTE      T4T3M
      000000C1H   SFRSYM    DATA     BYTE      WDT_CONTR
      000000DFH   SFRSYM    DATA     BYTE      IP3
      000000F4H   SFRSYM    DATA     BYTE      USBCON
      000000B5H   SFRSYM    DATA     BYTE      IP2
      000000FFH   SFRSYM    DATA     BYTE      RSTCFG
      000000DCH   SFRSYM    DATA     BYTE      USBCLK
      000000ECH   SFRSYM    DATA     BYTE      USBDAT
      000000C7H   SFRSYM    DATA     BYTE      IAP_CONTR
      000000F9H   SFRSYM    DATA     BYTE      LINICR
      000000FCH   SFRSYM    DATA     BYTE      USBADR
      0000008EH   SFRSYM    DATA     BYTE      AUXR
      000000AFH   SFRSYM    DATA     BYTE      IE2
      00000088H   SFRSYM    DATA     BYTE      TCON
      00000098H   SFRSYM    DATA     BYTE      SCON
      000000F1H   SFRSYM    DATA     BYTE      CANICR
      00000087H   SFRSYM    DATA     BYTE      PCON
      000000BCH   SFRSYM    DATA     BYTE      ADC_CONTR
      000000AFH.7 SFRSYM    DATA     BIT       EUSB
      000000E7H   SFRSYM    DATA     BYTE      CMPCR2
      000000E6H   SFRSYM    DATA     BYTE      CMPCR1
      000000B8H   SFRSYM    DATA     BYTE      IP
      0000008FH   SFRSYM    DATA     BYTE      INTCLKO
      000000EEH   SFRSYM    DATA     BYTE      IP3H
      000000B6H   SFRSYM    DATA     BYTE      IP2H
      000000A8H   SFRSYM    DATA     BYTE      IE
      000000BBH   SFRSYM    DATA     BYTE      P_SW3
      000000BAH   SFRSYM    DATA     BYTE      P_SW2
      000000A2H   SFRSYM    DATA     BYTE      P_SW1
      000000CEH   SFRSYM    DATA     BYTE      SPCTL
      000000F8H   SFRSYM    DATA     BYTE      P7
      000000E8H   SFRSYM    DATA     BYTE      P6
      000000C8H   SFRSYM    DATA     BYTE      P5
      000000C0H   SFRSYM    DATA     BYTE      P4
      000000B0H   SFRSYM    DATA     BYTE      P3
      000000A0H   SFRSYM    DATA     BYTE      P2
      000000B1H   SFRSYM    DATA     BYTE      P3M1
      00000090H   SFRSYM    DATA     BYTE      P1
      000000B2H   SFRSYM    DATA     BYTE      P3M0
      00000080H   SFRSYM    DATA     BYTE      P0

      ---         MODULE    ---      ---       usb_req_class
      00FF1F29H   PUBLIC    CODE     ---       usb_set_ctrl_line_state
L251 LINKER/LOCATER V4.66.93.0                                                        05/11/2026  20:02:09  PAGE 12


      00FF1A0BH   PUBLIC    CODE     ---       usb_get_line_coding
      00FF1A3FH   PUBLIC    CODE     ---       usb_set_line_coding
      00FF1D58H   PUBLIC    CODE     ---       usb_req_class
      0001016BH   PUBLIC    XDATA    ---       LineCoding
      000000D0H   SFRSYM    DATA     BYTE      PSW
      0000009DH   SFRSYM    DATA     BYTE      IRCBAND
      00000097H   SFRSYM    DATA     BYTE      AUXR2
      000000EFH   SFRSYM    DATA     BYTE      AUXINTIF
      000000FDH   SFRSYM    DATA     BYTE      S4CON
      000000ACH   SFRSYM    DATA     BYTE      S3CON
      0000009AH   SFRSYM    DATA     BYTE      S2CON
      000000B7H   SFRSYM    DATA     BYTE      IPH
      000000CDH   SFRSYM    DATA     BYTE      SPSTAT
      000000DDH   SFRSYM    DATA     BYTE      T4T3M
      000000C1H   SFRSYM    DATA     BYTE      WDT_CONTR
      000000DFH   SFRSYM    DATA     BYTE      IP3
      000000F4H   SFRSYM    DATA     BYTE      USBCON
      000000B5H   SFRSYM    DATA     BYTE      IP2
      000000FFH   SFRSYM    DATA     BYTE      RSTCFG
      000000F9H   SFRSYM    DATA     BYTE      LINICR
      0000008EH   SFRSYM    DATA     BYTE      AUXR
      000000AFH   SFRSYM    DATA     BYTE      IE2
      00000088H   SFRSYM    DATA     BYTE      TCON
      00000098H   SFRSYM    DATA     BYTE      SCON
      000000F1H   SFRSYM    DATA     BYTE      CANICR
      00000087H   SFRSYM    DATA     BYTE      PCON
      000000BCH   SFRSYM    DATA     BYTE      ADC_CONTR
      000000E7H   SFRSYM    DATA     BYTE      CMPCR2
      000000E6H   SFRSYM    DATA     BYTE      CMPCR1
      000000B8H   SFRSYM    DATA     BYTE      IP
      0000008FH   SFRSYM    DATA     BYTE      INTCLKO
      000000EEH   SFRSYM    DATA     BYTE      IP3H
      000000B6H   SFRSYM    DATA     BYTE      IP2H
      000000A8H   SFRSYM    DATA     BYTE      IE
      000000BBH   SFRSYM    DATA     BYTE      P_SW3
      000000BAH   SFRSYM    DATA     BYTE      P_SW2
      000000A2H   SFRSYM    DATA     BYTE      P_SW1
      000000CEH   SFRSYM    DATA     BYTE      SPCTL
      000000F8H   SFRSYM    DATA     BYTE      P7
      000000E8H   SFRSYM    DATA     BYTE      P6
      000000C8H   SFRSYM    DATA     BYTE      P5
      000000C0H   SFRSYM    DATA     BYTE      P4
      000000B0H   SFRSYM    DATA     BYTE      P3
      000000A0H   SFRSYM    DATA     BYTE      P2
      00000090H   SFRSYM    DATA     BYTE      P1
      00000080H   SFRSYM    DATA     BYTE      P0

      ---         MODULE    ---      ---       usb_req_std
      00FF14E6H   PUBLIC    CODE     ---       usb_get_interface
      00FF0DA8H   PUBLIC    CODE     ---       usb_clear_feature
      00FF1ACCH   PUBLIC    CODE     ---       usb_set_interface
      00FF0A39H   PUBLIC    CODE     ---       usb_get_descriptor
      00FF2006H   PUBLIC    CODE     ---       usb_set_descriptor
      00FF1277H   PUBLIC    CODE     ---       usb_req_std
      00FF2009H   PUBLIC    CODE     ---       usb_synch_frame
      00FF1324H   PUBLIC    CODE     ---       usb_set_address
      00FF0E4CH   PUBLIC    CODE     ---       usb_set_feature
      00FF11BCH   PUBLIC    CODE     ---       usb_get_configuration
      00FF0D01H   PUBLIC    CODE     ---       usb_set_configuration
      00FF082EH   PUBLIC    CODE     ---       usb_get_status
      000000D0H   SFRSYM    DATA     BYTE      PSW
      0000009DH   SFRSYM    DATA     BYTE      IRCBAND
      00000097H   SFRSYM    DATA     BYTE      AUXR2
      000000EFH   SFRSYM    DATA     BYTE      AUXINTIF
      000000FDH   SFRSYM    DATA     BYTE      S4CON
L251 LINKER/LOCATER V4.66.93.0                                                        05/11/2026  20:02:09  PAGE 13


      000000ACH   SFRSYM    DATA     BYTE      S3CON
      0000009AH   SFRSYM    DATA     BYTE      S2CON
      000000B7H   SFRSYM    DATA     BYTE      IPH
      000000CDH   SFRSYM    DATA     BYTE      SPSTAT
      000000DDH   SFRSYM    DATA     BYTE      T4T3M
      000000C1H   SFRSYM    DATA     BYTE      WDT_CONTR
      000000DFH   SFRSYM    DATA     BYTE      IP3
      000000F4H   SFRSYM    DATA     BYTE      USBCON
      000000B5H   SFRSYM    DATA     BYTE      IP2
      000000FFH   SFRSYM    DATA     BYTE      RSTCFG
      000000F9H   SFRSYM    DATA     BYTE      LINICR
      0000008EH   SFRSYM    DATA     BYTE      AUXR
      000000AFH   SFRSYM    DATA     BYTE      IE2
      00000088H   SFRSYM    DATA     BYTE      TCON
      00000098H   SFRSYM    DATA     BYTE      SCON
      000000F1H   SFRSYM    DATA     BYTE      CANICR
      00000087H   SFRSYM    DATA     BYTE      PCON
      000000BCH   SFRSYM    DATA     BYTE      ADC_CONTR
      000000E7H   SFRSYM    DATA     BYTE      CMPCR2
      000000E6H   SFRSYM    DATA     BYTE      CMPCR1
      000000B8H   SFRSYM    DATA     BYTE      IP
      0000008FH   SFRSYM    DATA     BYTE      INTCLKO
      000000EEH   SFRSYM    DATA     BYTE      IP3H
      000000B6H   SFRSYM    DATA     BYTE      IP2H
      000000A8H   SFRSYM    DATA     BYTE      IE
      000000BBH   SFRSYM    DATA     BYTE      P_SW3
      000000BAH   SFRSYM    DATA     BYTE      P_SW2
      000000A2H   SFRSYM    DATA     BYTE      P_SW1
      000000CEH   SFRSYM    DATA     BYTE      SPCTL
      000000F8H   SFRSYM    DATA     BYTE      P7
      000000E8H   SFRSYM    DATA     BYTE      P6
      000000C8H   SFRSYM    DATA     BYTE      P5
      000000C0H   SFRSYM    DATA     BYTE      P4
      000000B0H   SFRSYM    DATA     BYTE      P3
      000000A0H   SFRSYM    DATA     BYTE      P2
      00000090H   SFRSYM    DATA     BYTE      P1
      00000080H   SFRSYM    DATA     BYTE      P0

      ---         MODULE    ---      ---       usb_req_vendor
      00FF200CH   PUBLIC    CODE     ---       usb_req_vendor
      000000D0H   SFRSYM    DATA     BYTE      PSW
      0000009DH   SFRSYM    DATA     BYTE      IRCBAND
      00000097H   SFRSYM    DATA     BYTE      AUXR2
      000000EFH   SFRSYM    DATA     BYTE      AUXINTIF
      000000FDH   SFRSYM    DATA     BYTE      S4CON
      000000ACH   SFRSYM    DATA     BYTE      S3CON
      0000009AH   SFRSYM    DATA     BYTE      S2CON
      000000B7H   SFRSYM    DATA     BYTE      IPH
      000000CDH   SFRSYM    DATA     BYTE      SPSTAT
      000000DDH   SFRSYM    DATA     BYTE      T4T3M
      000000C1H   SFRSYM    DATA     BYTE      WDT_CONTR
      000000DFH   SFRSYM    DATA     BYTE      IP3
      000000F4H   SFRSYM    DATA     BYTE      USBCON
      000000B5H   SFRSYM    DATA     BYTE      IP2
      000000FFH   SFRSYM    DATA     BYTE      RSTCFG
      000000F9H   SFRSYM    DATA     BYTE      LINICR
      0000008EH   SFRSYM    DATA     BYTE      AUXR
      000000AFH   SFRSYM    DATA     BYTE      IE2
      00000088H   SFRSYM    DATA     BYTE      TCON
      00000098H   SFRSYM    DATA     BYTE      SCON
      000000F1H   SFRSYM    DATA     BYTE      CANICR
      00000087H   SFRSYM    DATA     BYTE      PCON
      000000BCH   SFRSYM    DATA     BYTE      ADC_CONTR
      000000E7H   SFRSYM    DATA     BYTE      CMPCR2
      000000E6H   SFRSYM    DATA     BYTE      CMPCR1
L251 LINKER/LOCATER V4.66.93.0                                                        05/11/2026  20:02:09  PAGE 14


      000000B8H   SFRSYM    DATA     BYTE      IP
      0000008FH   SFRSYM    DATA     BYTE      INTCLKO
      000000EEH   SFRSYM    DATA     BYTE      IP3H
      000000B6H   SFRSYM    DATA     BYTE      IP2H
      000000A8H   SFRSYM    DATA     BYTE      IE
      000000BBH   SFRSYM    DATA     BYTE      P_SW3
      000000BAH   SFRSYM    DATA     BYTE      P_SW2
      000000A2H   SFRSYM    DATA     BYTE      P_SW1
      000000CEH   SFRSYM    DATA     BYTE      SPCTL
      000000F8H   SFRSYM    DATA     BYTE      P7
      000000E8H   SFRSYM    DATA     BYTE      P6
      000000C8H   SFRSYM    DATA     BYTE      P5
      000000C0H   SFRSYM    DATA     BYTE      P4
      000000B0H   SFRSYM    DATA     BYTE      P3
      000000A0H   SFRSYM    DATA     BYTE      P2
      00000090H   SFRSYM    DATA     BYTE      P1
      00000080H   SFRSYM    DATA     BYTE      P0

      ---         MODULE    ---      ---       util
      00FF1F3FH   PUBLIC    CODE     ---       LCD12864_DisplayClear
      00FF1806H   PUBLIC    CODE     ---       OLED12864_ScrollRight
      00FF1D73H   PUBLIC    CODE     ---       OLED12864_DisplayOff
      00FF18B9H   PUBLIC    CODE     ---       OLED12864_ScrollLeft
      00FF1BBAH   PUBLIC    CODE     ---       OLED12864_SetAddressMode
      00FF1BDDH   PUBLIC    CODE     ---       OLED12864_SetContrast
      00FF1D8EH   PUBLIC    CODE     ---       LCD12864_AutoWrapOff
      00FF1683H   PUBLIC    CODE     ---       OLED12864_ShowPicture
      00FF1C40H   PUBLIC    CODE     ---       OLED12864_ScrollStart
      00FF19D6H   PUBLIC    CODE     ---       SEG7_ShowFloat
      00FF121AH   PUBLIC    CODE     ---       SEG7_ShowString
      00FF199FH   PUBLIC    CODE     ---       SEG7_ShowCode
      00FF1372H   PUBLIC    CODE     ---       LED40_SendData
      00FF1C5CH   PUBLIC    CODE     ---       OLED12864_DisplayOn
      00FF1C00H   PUBLIC    CODE     ---       LCD12864_ReverseLine
      00FF1DA9H   PUBLIC    CODE     ---       OLED12864_ScrollStop
      00FF13BDH   PUBLIC    CODE     ---       LED64_SendData
      00FF1408H   PUBLIC    CODE     ---       SEG7_ShowLong
      00FF1C78H   PUBLIC    CODE     ---       LCD12864_ScrollRight
      00FF1C94H   PUBLIC    CODE     ---       LCD12864_AutoWrapOn
      00FF1DC4H   PUBLIC    CODE     ---       LCD12864_DisplayOff
      00FF192EH   PUBLIC    CODE     ---       reverse2
      00FF10F0H   PUBLIC    CODE     ---       reverse4
      00FF1DDFH   PUBLIC    CODE     ---       LCD12864_ScrollLeft
      00FF1DFAH   PUBLIC    CODE     ---       OLED12864_HorizontalMirror
      00FF12D3H   PUBLIC    CODE     ---       LCD12864_ShowPicture
      00FF17C7H   PUBLIC    CODE     ---       printf_usb
      00FF1842H   PUBLIC    CODE     ---       OLED12864_ScrollUp
      00FF1E15H   PUBLIC    CODE     ---       OLED12864_DisplayContent
      00FF1F55H   PUBLIC    CODE     ---       OLED12864_DisplayReverse
      00FF1CB0H   PUBLIC    CODE     ---       OLED12864_VerticalMirror
      00FF1CCCH   PUBLIC    CODE     ---       LCD12864_CursorReturnHome
      00FF1CE8H   PUBLIC    CODE     ---       OLED12864_DisplayEntire
      00FF1D04H   PUBLIC    CODE     ---       LCD12864_DisplayOn
      00FF1D20H   PUBLIC    CODE     ---       LCD12864_CursorMoveRight
      00FF16C5H   PUBLIC    CODE     ---       LCD12864_ShowString
      00FF1E30H   PUBLIC    CODE     ---       LCD12864_CursorOff
      00FF1EE2H   PUBLIC    CODE     ---       sleep_ms
      00FF1706H   PUBLIC    CODE     ---       LED40_ClrBit
      00FF1747H   PUBLIC    CODE     ---       LED64_ClrBit
      00FF1E4BH   PUBLIC    CODE     ---       LCD12864_CursorMoveLeft
      00FF1C23H   PUBLIC    CODE     ---       sleep_us
      00FF15FDH   PUBLIC    CODE     ---       LED40_SetBit
      00FF1640H   PUBLIC    CODE     ---       LED64_SetBit
      00FF1575H   PUBLIC    CODE     ---       LED40_SetPort
      00FF1B48H   PUBLIC    CODE     ---       LCD12864_ScrollUp
L251 LINKER/LOCATER V4.66.93.0                                                        05/11/2026  20:02:09  PAGE 15


      00FF15B9H   PUBLIC    CODE     ---       LED64_SetPort
      00FF1D3CH   PUBLIC    CODE     ---       LCD12864_CursorOn
      00010104H   PUBLIC    XDATA    BYTE      ?SEG7_ShowString?BYTE
      00010130H   PUBLIC    XDATA    BYTE      ?printf_usb?BYTE
      000000D0H   SFRSYM    DATA     BYTE      PSW
      0000009DH   SFRSYM    DATA     BYTE      IRCBAND
      00000097H   SFRSYM    DATA     BYTE      AUXR2
      000000EFH   SFRSYM    DATA     BYTE      AUXINTIF
      000000FDH   SFRSYM    DATA     BYTE      S4CON
      000000ACH   SFRSYM    DATA     BYTE      S3CON
      0000009AH   SFRSYM    DATA     BYTE      S2CON
      000000B7H   SFRSYM    DATA     BYTE      IPH
      000000CDH   SFRSYM    DATA     BYTE      SPSTAT
      000000DDH   SFRSYM    DATA     BYTE      T4T3M
      000000C1H   SFRSYM    DATA     BYTE      WDT_CONTR
      000000DFH   SFRSYM    DATA     BYTE      IP3
      000000F4H   SFRSYM    DATA     BYTE      USBCON
      000000B5H   SFRSYM    DATA     BYTE      IP2
      000000FFH   SFRSYM    DATA     BYTE      RSTCFG
      000000F9H   SFRSYM    DATA     BYTE      LINICR
      0000008EH   SFRSYM    DATA     BYTE      AUXR
      000000AFH   SFRSYM    DATA     BYTE      IE2
      00000088H   SFRSYM    DATA     BYTE      TCON
      00000098H   SFRSYM    DATA     BYTE      SCON
      000000F1H   SFRSYM    DATA     BYTE      CANICR
      00000087H   SFRSYM    DATA     BYTE      PCON
      000000BCH   SFRSYM    DATA     BYTE      ADC_CONTR
      000000E7H   SFRSYM    DATA     BYTE      CMPCR2
      000000E6H   SFRSYM    DATA     BYTE      CMPCR1
      000000B8H   SFRSYM    DATA     BYTE      IP
      0000008FH   SFRSYM    DATA     BYTE      INTCLKO
      000000EEH   SFRSYM    DATA     BYTE      IP3H
      000000B6H   SFRSYM    DATA     BYTE      IP2H
      000000A8H   SFRSYM    DATA     BYTE      IE
      000000BBH   SFRSYM    DATA     BYTE      P_SW3
      000000BAH   SFRSYM    DATA     BYTE      P_SW2
      000000A2H   SFRSYM    DATA     BYTE      P_SW1
      000000CEH   SFRSYM    DATA     BYTE      SPCTL
      000000F8H   SFRSYM    DATA     BYTE      P7
      000000E8H   SFRSYM    DATA     BYTE      P6
      000000C8H   SFRSYM    DATA     BYTE      P5
      000000C0H   SFRSYM    DATA     BYTE      P4
      000000B0H   SFRSYM    DATA     BYTE      P3
      000000A0H   SFRSYM    DATA     BYTE      P2
      00000090H   SFRSYM    DATA     BYTE      P1
      00000080H   SFRSYM    DATA     BYTE      P0

      ---         MODULE    ---      ---       usb_desc
      00FF0F72H   PUBLIC    CODE     ---       PRODUCTDESC
      00FF0F90H   PUBLIC    CODE     ---       LANGIDDESC
      00FF0F94H   PUBLIC    CODE     ---       DEVICEDESC
      00FF0FA6H   PUBLIC    CODE     ---       CONFIGDESC
      00FF0FE9H   PUBLIC    CODE     ---       PACKET0
      00FF0FEBH   PUBLIC    CODE     ---       PACKET1
      00FF0FEDH   PUBLIC    CODE     ---       MANUFACTDESC
      000000D0H   SFRSYM    DATA     BYTE      PSW
      0000009DH   SFRSYM    DATA     BYTE      IRCBAND
      00000097H   SFRSYM    DATA     BYTE      AUXR2
      000000EFH   SFRSYM    DATA     BYTE      AUXINTIF
      000000FDH   SFRSYM    DATA     BYTE      S4CON
      000000ACH   SFRSYM    DATA     BYTE      S3CON
      0000009AH   SFRSYM    DATA     BYTE      S2CON
      000000B7H   SFRSYM    DATA     BYTE      IPH
      000000CDH   SFRSYM    DATA     BYTE      SPSTAT
      000000DDH   SFRSYM    DATA     BYTE      T4T3M
L251 LINKER/LOCATER V4.66.93.0                                                        05/11/2026  20:02:09  PAGE 16


      000000C1H   SFRSYM    DATA     BYTE      WDT_CONTR
      000000DFH   SFRSYM    DATA     BYTE      IP3
      000000F4H   SFRSYM    DATA     BYTE      USBCON
      000000B5H   SFRSYM    DATA     BYTE      IP2
      000000FFH   SFRSYM    DATA     BYTE      RSTCFG
      000000F9H   SFRSYM    DATA     BYTE      LINICR
      0000008EH   SFRSYM    DATA     BYTE      AUXR
      000000AFH   SFRSYM    DATA     BYTE      IE2
      00000088H   SFRSYM    DATA     BYTE      TCON
      00000098H   SFRSYM    DATA     BYTE      SCON
      000000F1H   SFRSYM    DATA     BYTE      CANICR
      00000087H   SFRSYM    DATA     BYTE      PCON
      000000BCH   SFRSYM    DATA     BYTE      ADC_CONTR
      000000E7H   SFRSYM    DATA     BYTE      CMPCR2
      000000E6H   SFRSYM    DATA     BYTE      CMPCR1
      000000B8H   SFRSYM    DATA     BYTE      IP
      0000008FH   SFRSYM    DATA     BYTE      INTCLKO
      000000EEH   SFRSYM    DATA     BYTE      IP3H
      000000B6H   SFRSYM    DATA     BYTE      IP2H
      000000A8H   SFRSYM    DATA     BYTE      IE
      000000BBH   SFRSYM    DATA     BYTE      P_SW3
      000000BAH   SFRSYM    DATA     BYTE      P_SW2
      000000A2H   SFRSYM    DATA     BYTE      P_SW1
      000000CEH   SFRSYM    DATA     BYTE      SPCTL
      000000F8H   SFRSYM    DATA     BYTE      P7
      000000E8H   SFRSYM    DATA     BYTE      P6
      000000C8H   SFRSYM    DATA     BYTE      P5
      000000C0H   SFRSYM    DATA     BYTE      P4
      000000B0H   SFRSYM    DATA     BYTE      P3
      000000A0H   SFRSYM    DATA     BYTE      P2
      00000090H   SFRSYM    DATA     BYTE      P1
      00000080H   SFRSYM    DATA     BYTE      P0

      ---         MODULE    ---      ---       AI8051U_32_MDU32
      00FF1EFEH   PUBLIC    CODE     ---       ?C?LIMUL
      00FF1EFAH   PUBLIC    CODE     ---       ?C?LMUL
      00FF1F0EH   PUBLIC    CODE     ---       ?C?SLDIV
      00FF1F04H   PUBLIC    CODE     ---       ?C?ULDIV
      00FF1F08H   PUBLIC    CODE     ---       ?C?ULIDIV
      000000EDH   SFRSYM    DATA     BYTE      DMAIR
      00000002H   SYMBOL    NUMBER   ---       DMA_LMUL
      00000006H   SYMBOL    NUMBER   ---       DMA_SLDIV
      00000004H   SYMBOL    NUMBER   ---       DMA_ULDIV

      00FF1EFAH   BLOCK     CODE     NEAR LAB  LVL=0
      00FF1EFAH   LINE      CODE     ---       #23
      00FF1EFDH   LINE      CODE     ---       #24
      00FF1EFEH   LINE      CODE     ---       #33
      00FF1F00H   LINE      CODE     ---       #34
      00FF1F03H   LINE      CODE     ---       #35
      00FF1F04H   LINE      CODE     ---       #44
      00FF1F07H   LINE      CODE     ---       #45
      00FF1F08H   LINE      CODE     ---       #54
      00FF1F0AH   LINE      CODE     ---       #55
      00FF1F0DH   LINE      CODE     ---       #56
      00FF1F0EH   LINE      CODE     ---       #65
      00FF1F11H   LINE      CODE     ---       #66
      ---         BLOCKEND  ---      ---       LVL=0

      ---         MODULE    ---      ---       SPRINTF
      0001015CH   PUBLIC    XDATA    ---       ?SPRINTF?BYTE
      00FF00CEH   PUBLIC    CODE     NEAR LAB  SPRINTF

      ---         MODULE    ---      ---       VSPRINTF
      0001017CH   PUBLIC    XDATA    ---       ?VSPRINTF?BYTE
L251 LINKER/LOCATER V4.66.93.0                                                        05/11/2026  20:02:09  PAGE 17


      00FF00EEH   PUBLIC    CODE     NEAR LAB  VSPRINTF

      ---         MODULE    ---      ---       ?C?PRNFMT
      00FF013DH   PUBLIC    CODE     ---       ?C?PRNFMT

      ---         MODULE    ---      ---       ?C?FPCONVERT
      00FF055AH   PUBLIC    CODE     ---       ?C?FPCONVERT
      00FF0612H   PUBLIC    CODE     ---       ?C?FPROUND

      ---         MODULE    ---      ---       ?C?FPMUL
      00FF0655H   PUBLIC    CODE     ---       ?C?FPMUL

      ---         MODULE    ---      ---       ?C?FPDIV
      00FF06F5H   PUBLIC    CODE     ---       ?C?FPDIV

      ---         MODULE    ---      ---       ?C?FTNPWR
      00FF07A6H   PUBLIC    CODE     ---       ?C?FTNPWR

      ---         MODULE    ---      ---       ?C?FPGETOPN
      00FF07DDH   PUBLIC    CODE     ---       ?C?FPGETOPN2
      00FF081AH   PUBLIC    CODE     ---       ?C?FPNANRESULT
      00FF0822H   PUBLIC    CODE     ---       ?C?FPOVERFLOW
      00FF07F6H   PUBLIC    CODE     ---       ?C?FPRESULT
      00FF080CH   PUBLIC    CODE     ---       ?C?FPRESULT2
      00FF081FH   PUBLIC    CODE     ---       ?C?FPUNDERFLOW

      ---         MODULE    ---      ---       ?C_START
      00FF0000H   PUBLIC    CODE     ---       ?C?STARTUP
      00FF0000H   PUBLIC    CODE     ---       ?C_STARTUP

      ---         MODULE    ---      ---       ?C?INITHDATA
      00FF1541H   PUBLIC    CODE     ---       ?C?INITHDATA

      ---         MODULE    ---      ---       STRLEN
      00FF1FCEH   PUBLIC    CODE     ---       strlen?_

      ---         MODULE    ---      ---       memcpy
      00FF1B71H   PUBLIC    CODE     ---       memcpy?_

      ---         MODULE    ---      ---       ?C?INITHDATA_END
      00FF2037H   PUBLIC    HCONST   WORD      ?C?INITHDATA_END

Program Size: data=8.3 edata+hdata=256 xdata=397 const=53 code=8206
L251 RUN COMPLETE.  0 WARNING(S),  0 ERROR(S)
