C251 COMPILER V5.60.0,  main                                                               06/05/26  21:50:33  PAGE 1   


C251 COMPILER V5.60.0, COMPILATION OF MODULE main
OBJECT MODULE PLACED IN build\main.obj
COMPILER INVOKED BY: C:\Keil_v5\C251\BIN\C251.EXE Sources\main.c LARGE DEBUG SYMBOLS INCDIR(Sources\inc) INCDIR(Sources\
                    -inc\stc) OBJECT(build\main.obj) 

stmt  level    source

    1          //<<AICUBE_USER_HEADER_REMARK_BEGIN>>
    2          ////////////////////////////////////////
    3          // 在此添加用户文件头说明信息  
    4          // 文件名称: main.c
    5          // 文件描述: 
    6          // 文件版本: V1.0
    7          // 修改记录:
    8          //   1. (2026-05-03) 创建文件
    9          ////////////////////////////////////////
   10          //<<AICUBE_USER_HEADER_REMARK_END>>
   11          
   12          
   13          #include "config.h"                     //默认已包含stdio.h、intrins.h等头文件
   14          
   15          
   16          //<<AICUBE_USER_INCLUDE_BEGIN>>
   17          // 在此添加用户头文件包含  
   18          //<<AICUBE_USER_INCLUDE_END>>
   19          
   20          
   21          //<<AICUBE_USER_GLOBAL_DEFINE_BEGIN>>
   22          // 在此添加用户全局变量定义、用户宏定义以及函数声明 
   23          
   24          // ==================== 全局变量 ====================
   25          volatile unsigned int tick_10ms = 0;   // 10ms 计数器
   26          
   27          // ==================== T0 初始化 ====================
   28          void Timer0_Init(void)
   29          {
   30   1          // 1. 设置为模式 0（16 位自动重装载）
   31   1          TMOD &= 0xF0;              // 清除 T0 控制字段
   32   1          TMOD |= 0x00;              // GATE=0, C/T=0, M1=0, M0=0
   33   1          
   34   1          // 2. 设置重装载值（目标：10ms 中断）
   35   1          //    系统时钟 = 24MHz (默认 HIRC)
   36   1          //    TM0PS = 11 → 预分频 12 → 定时器时钟 = 2MHz
   37   1          //    65536 - 20000 = 45536 = 0xB1E0
   38   1          TL0 = 0xE0;                // 低字节先写
   39   1          TH0 = 0xB1;                // 高字节
   40   1          
   41   1          // 3. 设置 8 位预分频器 (需要先访问扩展寄存器)
   42   1          EAXFR = 1;                 // 允许访问扩展 XFR
   43   1          TM0PS = 11;                // 预分频 ÷ 12
   44   1          EAXFR = 0;
   45   1          
   46   1          // 4. 1T 模式（不分频，速度最快）
   47   1          AUXR |= 0x80;              // T0x12 = 1
   48   1          
   49   1          // 5. 开中断
   50   1          ET0 = 1;                   // 允许 T0 中断
   51   1          EA  = 1;                   // 开总中断
   52   1          
   53   1          // 6. 启动定时器
   54   1          TR0 = 1;                   // T0 开始计数
   55   1      }
   56          
   57          // ==================== T0 中断服务程序 ====================
   58          void Timer0_ISR(void) interrupt 1
C251 COMPILER V5.60.0,  main                                                               06/05/26  21:50:33  PAGE 2   

   59          {
   60   1          tick_10ms++;               // 每 10ms +1
   61   1          
   62   1          if (tick_10ms >= 10)      // 1 秒到了（10ms × 100 = 1000ms）
   63   1          {
   64   2              tick_10ms = 0;
   65   2              P42 = ~P42;            // 翻转 LED（0.5s 亮, 0.5s 灭 = 1Hz 闪烁）
   66   2          }
   67   1      }
   68          //<<AICUBE_USER_GLOBAL_DEFINE_END>>
   69          
   70          
   71          
   72          ////////////////////////////////////////
   73          // 项目主函数
   74          // 入口参数: 无
   75          // 函数返回: 无
   76          ////////////////////////////////////////
   77          void main(void)
   78          {
   79   1          //<<AICUBE_USER_MAIN_INITIAL_BEGIN>>
   80   1          // 在此添加用户主函数初始化代码  
   81   1          //<<AICUBE_USER_MAIN_INITIAL_END>>
   82   1      
   83   1          SYS_Init();
   84   1      
   85   1          //<<AICUBE_USER_MAIN_CODE_BEGIN>>
   86   1          // 在此添加主函数中运行一次的用户代码  
   87   1              // GPIO 初始化为准双向口
   88   1          P0M1 = 0;   P0M0 = 0;
   89   1          P1M1 = 0;   P1M0 = 0;
   90   1          P2M1 = 0;   P2M0 = 0;
   91   1          P3M1 = 0;   P3M0 = 0;
   92   1          P4M1 = 0;   P4M0 = 0;
   93   1          P5M1 = 0;   P5M0 = 0;
   94   1          P6M1 = 0;   P6M0 = 0;
   95   1          P7M1 = 0;   P7M0 = 0;
   96   1          
   97   1          // 初始化端口
   98   1          P0 = 0xFF;  P1 = 0xFF;  P2 = 0xFF;
   99   1          P3 = 0xFF;  P4 = 0xFF;  P5 = 0xFF;
  100   1          // LED 初始状态：亮
  101   1          P42 = 0;
  102   1          // 启动定时器
  103   1          Timer0_Init();
  104   1          //<<AICUBE_USER_MAIN_CODE_END>>
  105   1      
  106   1          while (1) 
  107   1          {
  108   2              USBLIB_OUT_Done();              //查询方式处理USB接收的数据
  109   2      
  110   2              //<<AICUBE_USER_MAIN_LOOP_BEGIN>>
  111   2              // 在此添加主函数中用户主循环代码  
  112   2              //<<AICUBE_USER_MAIN_LOOP_END>>
  113   2          }
  114   1      }
  115          
  116          ////////////////////////////////////////
  117          // 系统初始化函数
  118          // 入口参数: 无
  119          // 函数返回: 无
  120          ////////////////////////////////////////
  121          void SYS_Init(void)
  122          {
  123   1          EnableAccessXFR();                  //使能访问扩展XFR
  124   1          AccessCodeFastest();                //设置最快速度访问程序代码
C251 COMPILER V5.60.0,  main                                                               06/05/26  21:50:33  PAGE 3   

  125   1          AccessIXramFastest();               //设置最快速度访问内部XDATA
  126   1          IAP_SetTimeBase();                  //设置IAP等待参数,产生1us时基
  127   1      
  128   1          //<<AICUBE_USER_PREINITIAL_CODE_BEGIN>>
  129   1          // 在此添加用户预初始化代码  
  130   1          //<<AICUBE_USER_PREINITIAL_CODE_END>>
  131   1      
  132   1          PORT3_Init();                       //P3口初始化
  133   1          PORT5_Init();                       //P5口初始化
  134   1          CLK_Init();                         //时钟模块初始化
  135   1          CRE_Init();                         //自动追频模块初始化
  136   1          delay_ms(1);
  137   1          USBLIB_Init();                      //USB库初始化
  138   1          delay_ms(1);
  139   1          MATHLIB_Init();                     //MATH库初始化
  140   1      
  141   1          //<<AICUBE_USER_INITIAL_CODE_BEGIN>>
  142   1          // 在此添加用户初始化代码  
  143   1          //<<AICUBE_USER_INITIAL_CODE_END>>
  144   1      
  145   1          EnableGlobalInt();                  //使能全局中断
  146   1          USBLIB_WaitConfiged();              //等待USB完成配置
  147   1      }
  148          
  149          ////////////////////////////////////////
  150          // 微秒延时函数
  151          // 入口参数: us (设置延时的微秒值)
  152          // 函数返回: 无
  153          ////////////////////////////////////////
  154          void delay_us(uint16_t us)
  155          {
  156   1          do
  157   1          {
  158   2              NOP(30);                        //(MAIN_Fosc + 500000) / 1000000 - 6
  159   2          } while (--us);
  160   1      }
  161          
  162          
  163          ////////////////////////////////////////
  164          // 毫秒延时函数
  165          // 入口参数: ms (设置延时的毫秒值)
  166          // 函数返回: 无
  167          ////////////////////////////////////////
  168          void delay_ms(uint16_t ms)
  169          {
  170   1          uint16_t i;
  171   1      
  172   1          do
  173   1          {
  174   2              i = MAIN_Fosc / 6000;
  175   2              while (--i);
  176   2          } while (--ms);
  177   1      }
  178          
  179          
  180          //<<AICUBE_USER_FUNCTION_IMPLEMENT_BEGIN>>
  181          // 在此添加用户函数实现代码  
  182          //<<AICUBE_USER_FUNCTION_IMPLEMENT_END>>
  183          
  184          
C251 COMPILER V5.60.0,  main                                                               06/05/26  21:50:33  PAGE 4   

Name                                    Class    Space Type   Offset   Size
---------------------------------------------------------------------------

uint32_t . . . . . . . . . . . . . . .  type           ulong  000000H  4
uint8. . . . . . . . . . . . . . . . .  type           uchar  000000H  1
INT. . . . . . . . . . . . . . . . . .  type           int    000000H  2
u16. . . . . . . . . . . . . . . . . .  type           uint   000000H  2
u32. . . . . . . . . . . . . . . . . .  type           ulong  000000H  4
s16. . . . . . . . . . . . . . . . . .  type           int    000000H  2
int8_t . . . . . . . . . . . . . . . .  type           char   000000H  1
s32. . . . . . . . . . . . . . . . . .  type           long   000000H  4
uint8_t. . . . . . . . . . . . . . . .  type           uchar  000000H  1
WORD . . . . . . . . . . . . . . . . .  type           uint   000000H  2
BYTE . . . . . . . . . . . . . . . . .  type           uchar  000000H  1
int16. . . . . . . . . . . . . . . . .  type           int    000000H  2
int32. . . . . . . . . . . . . . . . .  type           long   000000H  4
LONG . . . . . . . . . . . . . . . . .  type           long   000000H  4
BOOL . . . . . . . . . . . . . . . . .  type     bit   bit    000000H  1
u8 . . . . . . . . . . . . . . . . . .  type           uchar  000000H  1
s8 . . . . . . . . . . . . . . . . . .  type           char   000000H  1
uint16 . . . . . . . . . . . . . . . .  type           uint   000000H  2
uint32 . . . . . . . . . . . . . . . .  type           ulong  000000H  4
CHAR . . . . . . . . . . . . . . . . .  type           char   000000H  1
size_t . . . . . . . . . . . . . . . .  type           uint   000000H  2
int16_t. . . . . . . . . . . . . . . .  type           int    000000H  2
int32_t. . . . . . . . . . . . . . . .  type           long   000000H  4
int8 . . . . . . . . . . . . . . . . .  type           char   000000H  1
DWORD. . . . . . . . . . . . . . . . .  type           ulong  000000H  4
uint16_t . . . . . . . . . . . . . . .  type           uint   000000H  2
P0M0 . . . . . . . . . . . . . . . . .  sfr      data  uchar  094H     1
PSW. . . . . . . . . . . . . . . . . .  sfr      data  uchar  0D0H     1
EAXFR. . . . . . . . . . . . . . . . .  absbit   data  bit    0BAH.7   1
IRCBAND. . . . . . . . . . . . . . . .  sfr      data  uchar  09DH     1
AUXR2. . . . . . . . . . . . . . . . .  sfr      data  uchar  097H     1
CKCON. . . . . . . . . . . . . . . . .  sfr      data  uchar  0EAH     1
AUXINTIF . . . . . . . . . . . . . . .  sfr      data  uchar  0EFH     1
S4CON. . . . . . . . . . . . . . . . .  sfr      data  uchar  0FDH     1
S3CON. . . . . . . . . . . . . . . . .  sfr      data  uchar  0ACH     1
S2CON. . . . . . . . . . . . . . . . .  sfr      data  uchar  09AH     1
IPH. . . . . . . . . . . . . . . . . .  sfr      data  uchar  0B7H     1
SPSTAT . . . . . . . . . . . . . . . .  sfr      data  uchar  0CDH     1
T4T3M. . . . . . . . . . . . . . . . .  sfr      data  uchar  0DDH     1
WDT_CONTR. . . . . . . . . . . . . . .  sfr      data  uchar  0C1H     1
TR0. . . . . . . . . . . . . . . . . .  absbit   data  bit    088H.4   1
WTST . . . . . . . . . . . . . . . . .  sfr      data  uchar  0E9H     1
TL0. . . . . . . . . . . . . . . . . .  sfr      data  uchar  08AH     1
TH0. . . . . . . . . . . . . . . . . .  sfr      data  uchar  08CH     1
IP3. . . . . . . . . . . . . . . . . .  sfr      data  uchar  0DFH     1
USBCON . . . . . . . . . . . . . . . .  sfr      data  uchar  0F4H     1
IP2. . . . . . . . . . . . . . . . . .  sfr      data  uchar  0B5H     1
RSTCFG . . . . . . . . . . . . . . . .  sfr      data  uchar  0FFH     1
ET0. . . . . . . . . . . . . . . . . .  absbit   data  bit    0A8H.1   1
ACC. . . . . . . . . . . . . . . . . .  sfr      data  uchar  0E0H     1
IAP_CONTR. . . . . . . . . . . . . . .  sfr      data  uchar  0C7H     1
AUXR . . . . . . . . . . . . . . . . .  sfr      data  uchar  08EH     1
B. . . . . . . . . . . . . . . . . . .  sfr      data  uchar  0F0H     1
IE2. . . . . . . . . . . . . . . . . .  sfr      data  uchar  0AFH     1
P42. . . . . . . . . . . . . . . . . .  absbit   data  bit    0C0H.2   1
TCON . . . . . . . . . . . . . . . . .  sfr      data  uchar  088H     1
TMOD . . . . . . . . . . . . . . . . .  sfr      data  uchar  089H     1
SCON . . . . . . . . . . . . . . . . .  sfr      data  uchar  098H     1
IAP_TPS. . . . . . . . . . . . . . . .  sfr      data  uchar  0F5H     1
PCON . . . . . . . . . . . . . . . . .  sfr      data  uchar  087H     1
ADC_CONTR. . . . . . . . . . . . . . .  sfr      data  uchar  0BCH     1
PSW1 . . . . . . . . . . . . . . . . .  sfr      data  uchar  0D1H     1
CMPCR2 . . . . . . . . . . . . . . . .  sfr      data  uchar  0E7H     1
C251 COMPILER V5.60.0,  main                                                               06/05/26  21:50:33  PAGE 5   

CMPCR1 . . . . . . . . . . . . . . . .  sfr      data  uchar  0E6H     1
ADCCFG . . . . . . . . . . . . . . . .  sfr      data  uchar  0DEH     1
IP . . . . . . . . . . . . . . . . . .  sfr      data  uchar  0B8H     1
INTCLKO. . . . . . . . . . . . . . . .  sfr      data  uchar  08FH     1
IP3H . . . . . . . . . . . . . . . . .  sfr      data  uchar  0EEH     1
IP2H . . . . . . . . . . . . . . . . .  sfr      data  uchar  0B6H     1
P_SW4. . . . . . . . . . . . . . . . .  sfr      data  uchar  0BFH     1
IE . . . . . . . . . . . . . . . . . .  sfr      data  uchar  0A8H     1
P_SW3. . . . . . . . . . . . . . . . .  sfr      data  uchar  0BBH     1
P_SW2. . . . . . . . . . . . . . . . .  sfr      data  uchar  0BAH     1
P_SW1. . . . . . . . . . . . . . . . .  sfr      data  uchar  0A2H     1
SPCTL. . . . . . . . . . . . . . . . .  sfr      data  uchar  0CEH     1
P7 . . . . . . . . . . . . . . . . . .  sfr      data  uchar  0F8H     1
EA . . . . . . . . . . . . . . . . . .  absbit   data  bit    0A8H.7   1
P7M1 . . . . . . . . . . . . . . . . .  sfr      data  uchar  0E1H     1
P6 . . . . . . . . . . . . . . . . . .  sfr      data  uchar  0E8H     1
P5 . . . . . . . . . . . . . . . . . .  sfr      data  uchar  0C8H     1
P6M1 . . . . . . . . . . . . . . . . .  sfr      data  uchar  0CBH     1
P7M0 . . . . . . . . . . . . . . . . .  sfr      data  uchar  0E2H     1
P4 . . . . . . . . . . . . . . . . . .  sfr      data  uchar  0C0H     1
P5M1 . . . . . . . . . . . . . . . . .  sfr      data  uchar  0C9H     1
P6M0 . . . . . . . . . . . . . . . . .  sfr      data  uchar  0CCH     1
P3 . . . . . . . . . . . . . . . . . .  sfr      data  uchar  0B0H     1
P4M1 . . . . . . . . . . . . . . . . .  sfr      data  uchar  0B3H     1
P5M0 . . . . . . . . . . . . . . . . .  sfr      data  uchar  0CAH     1
P2 . . . . . . . . . . . . . . . . . .  sfr      data  uchar  0A0H     1
P3M1 . . . . . . . . . . . . . . . . .  sfr      data  uchar  0B1H     1
P4M0 . . . . . . . . . . . . . . . . .  sfr      data  uchar  0B4H     1
P1 . . . . . . . . . . . . . . . . . .  sfr      data  uchar  090H     1
P2M1 . . . . . . . . . . . . . . . . .  sfr      data  uchar  095H     1
P3M0 . . . . . . . . . . . . . . . . .  sfr      data  uchar  0B2H     1
P0 . . . . . . . . . . . . . . . . . .  sfr      data  uchar  080H     1
P1M1 . . . . . . . . . . . . . . . . .  sfr      data  uchar  091H     1
P2M0 . . . . . . . . . . . . . . . . .  sfr      data  uchar  096H     1
P1M0 . . . . . . . . . . . . . . . . .  sfr      data  uchar  092H     1
P0M1 . . . . . . . . . . . . . . . . .  sfr      data  uchar  093H     1
USBLIB_OUT_Done. . . . . . . . . . . .  extern   code  funct  000000H  
sprintf. . . . . . . . . . . . . . . .  extern   code  funct  000000H  
USBLIB_Init. . . . . . . . . . . . . .  extern   code  funct  000000H  
CRE_Init . . . . . . . . . . . . . . .  extern   code  funct  000000H  
CLK_Init . . . . . . . . . . . . . . .  extern   code  funct  000000H  
USBLIB_WaitConfiged. . . . . . . . . .  extern   code  funct  000000H  
PORT3_Init . . . . . . . . . . . . . .  extern   code  funct  000000H  
PORT5_Init . . . . . . . . . . . . . .  extern   code  funct  000000H  
MATHLIB_Init . . . . . . . . . . . . .  extern   code  funct  000000H  
Timer0_ISR . . . . . . . . . . . . . .  public   code  funct  000000H  46
main . . . . . . . . . . . . . . . . .  public   code  funct  000000H  16
Timer0_Init. . . . . . . . . . . . . .  public   code  funct  000000H  42
_m . . . . . . . . . . . . . . . . . .  public   code  funct  000000H  79
delay_ms . . . . . . . . . . . . . . .  public   code  funct  000000H  23
  ms . . . . . . . . . . . . . . . . .  *reg*          uint   WR4      2
  i. . . . . . . . . . . . . . . . . .  *reg*          uint   WR6      2
delay_us . . . . . . . . . . . . . . .  public   code  funct  000000H  41
  us . . . . . . . . . . . . . . . . .  *reg*          uint   WR4      2
SYS_Init . . . . . . . . . . . . . . .  public   code  funct  000000H  49
tick_10ms. . . . . . . . . . . . . . .  public   xdata uint   000000H  2


Module Information          Static   Overlayable
------------------------------------------------
  code size            =       299     ------
  ecode size           =    ------     ------
  data size            =    ------     ------
  idata size           =    ------     ------
  pdata size           =    ------     ------
  xdata size           =         2     ------
  xdata-const size     =    ------     ------
C251 COMPILER V5.60.0,  main                                                               06/05/26  21:50:33  PAGE 6   

  edata size           =    ------     ------
  bit size             =    ------     ------
  ebit size            =    ------     ------
  bitaddressable size  =    ------     ------
  ebitaddressable size =    ------     ------
  far data size        =    ------     ------
  huge data size       =    ------     ------
  const size           =    ------     ------
  hconst size          =         9     ------
End of Module Information.


C251 COMPILATION COMPLETE.  0 WARNING(S),  0 ERROR(S)
