[2026-05-01 21:52:39] : Begin
--------------------
*MCUTYPE* : AI8051U-34K64
*MCUID* : 78B4CAD004EE6A
*FILENAME* : D:\Learning-STC\test_8051_STC\build\Debug\AI8051U_test.hex
*FILETIME* : 2026年05月01日, 21:51:50
*FILESIZE* : 2820 (0x000B04)
*CODESIZE* : 996 (0x0003E4)
*CHECKSUM* : 0x0001A4B4
*ISPMODE* : 2
*ISPRESULT* : 0
--------------------
[2026-05-01 21:52:41] : End
--------------------------------------------------
[2026-05-01 21:54:20] : Begin
--------------------
*MCUTYPE* : AI8051U-34K64
*MCUID* : 78B4CAD004EE6A
*FILENAME* : D:\Learning-STC\test_8051_STC\build\Debug\AI8051U_test.hex
*FILETIME* : 2026年05月01日, 21:54:19
*FILESIZE* : 2820 (0x000B04)
*CODESIZE* : 996 (0x0003E4)
*CHECKSUM* : 0x0001A4B4
*ISPMODE* : 2
*ISPRESULT* : 0
--------------------
[2026-05-01 21:54:22] : End
--------------------------------------------------
[2026-05-01 21:54:35] : Begin
--------------------
*MCUTYPE* : AI8051U-34K64
*FILENAME* : D:\Learning-STC\test_8051_STC\build\Debug\AI8051U_test.hex
*FILETIME* : 2026年05月01日, 21:54:19
*FILESIZE* : 2820 (0x000B04)
*CODESIZE* : 996 (0x0003E4)
*CHECKSUM* : 0x0001A4B4
*ISPMODE* : 2
*ISPRESULT* : 3
--------------------
[2026-05-01 21:54:39] : End
--------------------------------------------------
[2026-05-01 21:54:44] : Begin
--------------------
*MCUTYPE* : AI8051U-34K64
*MCUID* : 78B4CAD004EE6A
*FILENAME* : D:\Learning-STC\test_8051_STC\build\Debug\AI8051U_test.hex
*FILETIME* : 2026年05月01日, 21:54:19
*FILESIZE* : 2820 (0x000B04)
*CODESIZE* : 996 (0x0003E4)
*CHECKSUM* : 0x0001A4B4
*ISPMODE* : 2
*ISPRESULT* : 0
--------------------
[2026-05-01 21:54:46] : End
--------------------------------------------------
[2026-05-01 21:56:01] : Begin
--------------------
*MCUTYPE* : AI8051U-34K64
*FILENAME* : D:\Learning-STC\test_8051_STC\build\Debug\AI8051U_test.hex
*FILETIME* : 2026年05月01日, 21:54:19
*FILESIZE* : 2820 (0x000B04)
*CODESIZE* : 996 (0x0003E4)
*CHECKSUM* : 0x0001A4B4
*ISPMODE* : 1
*ISPRESULT* : 5
--------------------
[2026-05-01 21:56:01] : End
--------------------------------------------------
[2026-05-01 21:56:54] : Begin
--------------------
*MCUTYPE* : AI8051U-34K64
*FILENAME* : D:\Learning-STC\test_8051_STC\build\Debug\AI8051U_test.hex
*FILETIME* : 2026年05月01日, 21:56:53
*FILESIZE* : 2777 (0x000AD9)
*CODESIZE* : 981 (0x0003D5)
*CHECKSUM* : 0x00019E2F
*ISPMODE* : 2
*ISPRESULT* : 1
--------------------
[2026-05-01 21:56:56] : End
--------------------------------------------------
[2026-05-01 21:57:11] : Begin
--------------------
*MCUTYPE* : AI8051U-34K64
*MCUID* : 78B4CAD004EE6A
*FILENAME* : D:\Learning-STC\test_8051_STC\build\Debug\AI8051U_test.hex
*FILETIME* : 2026年05月01日, 21:56:53
*FILESIZE* : 2777 (0x000AD9)
*CODESIZE* : 981 (0x0003D5)
*CHECKSUM* : 0x00019E2F
*ISPMODE* : 2
*ISPRESULT* : 0
--------------------
[2026-05-01 21:57:13] : End
--------------------------------------------------
[2026-05-01 21:57:35] : Begin
--------------------
*MCUTYPE* : AI8051U-34K64
*FILENAME* : D:\Learning-STC\test_8051_STC\build\Debug\AI8051U_test.hex
*FILETIME* : 2026年05月01日, 21:57:34
*FILESIZE* : 2787 (0x000AE3)
*CODESIZE* : 986 (0x0003DA)
*CHECKSUM* : 0x0001A1A9
*ISPMODE* : 2
*ISPRESULT* : 3
--------------------
[2026-05-01 21:57:41] : End
--------------------------------------------------
[2026-05-01 21:57:51] : Begin
--------------------
*MCUTYPE* : AI8051U-34K64
*MCUID* : 78B4CAD004EE6A
*FILENAME* : D:\Learning-STC\test_8051_STC\build\Debug\AI8051U_test.hex
*FILETIME* : 2026年05月01日, 21:57:50
*FILESIZE* : 2787 (0x000AE3)
*CODESIZE* : 986 (0x0003DA)
*CHECKSUM* : 0x0001A1A9
*ISPMODE* : 2
*ISPRESULT* : 0
--------------------
[2026-05-01 21:57:53] : End
--------------------------------------------------
[2026-05-01 22:00:11] : Begin
--------------------
*MCUTYPE* : AI8051U-34K64
*FILENAME* : D:\Learning-STC\test_8051_STC\build\Debug\AI8051U_test.hex
*FILETIME* : 2026年05月01日, 22:00:10
*FILESIZE* : 2787 (0x000AE3)
*CODESIZE* : 986 (0x0003DA)
*CHECKSUM* : 0x0001A14F
*ISPMODE* : 2
*ISPRESULT* : 3
--------------------
[2026-05-01 22:00:16] : End
--------------------------------------------------
[2026-05-01 22:00:52] : Begin
--------------------
*MCUTYPE* : AI8051U-34K64
*MCUID* : 78B4CAD004EE6A
*FILENAME* : D:\Learning-STC\test_8051_STC\build\Debug\AI8051U_test.hex
*FILETIME* : 2026年05月01日, 22:00:10
*FILESIZE* : 2787 (0x000AE3)
*CODESIZE* : 986 (0x0003DA)
*CHECKSUM* : 0x0001A14F
*ISPMODE* : 2
*ISPRESULT* : 0
--------------------
[2026-05-01 22:00:53] : End
--------------------------------------------------
