L251 LINKER/LOCATER V4.66.93.0                                                          05/12/2026  15:25:11  PAGE 1


L251 LINKER/LOCATER V4.66.93.0, INVOKED BY:
C:\KEIL_V5\C251\BIN\L251.EXE .\Objects\main.obj, .\Sources\lib\ai8051u_32_mdu32.lib, .\Sources\lib\ai8051u_32_tfpu.lib, 
>> .\Sources\lib\stc_usb_cdc_32g_xdata.lib TO .\Objects\03-March_Wheel_leg_FOC PRINT (.\Listings\03-March_Wheel_leg_FOC.
>> map) CASE DISABLEWARNING (16) REMOVEUNUSED, NOOVERLAY CLASSES (EDATA (0X0-0X7FF), HDATA (0X0-0X7FF))


CPU MODE:     251 SOURCE MODE
INTR FRAME:   4 BYTES SAVED ON INTERRUPT
MEMORY MODEL: LARGE WITH FLOATING POINT ARITHMETIC


INPUT MODULES INCLUDED:
  .\Objects\main.obj (main)
         COMMENT TYPE 0: C251 V5.60.0
  .\Sources\lib\stc_usb_cdc_32g_xdata.lib (usb)
         COMMENT TYPE 0: C251 V5.60.0
  .\Sources\lib\stc_usb_cdc_32g_xdata.lib (usb_req_class)
         COMMENT TYPE 0: C251 V5.60.0
  .\Sources\lib\stc_usb_cdc_32g_xdata.lib (usb_req_std)
         COMMENT TYPE 0: C251 V5.60.0
  .\Sources\lib\stc_usb_cdc_32g_xdata.lib (usb_req_vendor)
         COMMENT TYPE 0: C251 V5.60.0
  .\Sources\lib\stc_usb_cdc_32g_xdata.lib (util)
         COMMENT TYPE 0: C251 V5.60.0
  .\Sources\lib\stc_usb_cdc_32g_xdata.lib (usb_desc)
         COMMENT TYPE 0: C251 V5.60.0
  .\Sources\lib\ai8051u_32_mdu32.lib (AI8051U_32_MDU32)
         COMMENT TYPE 0: A251 V4.69.13.0
  C:\KEIL_V5\C251\LIB\C2SFPL.LIB (SPRINTF)
         COMMENT TYPE 0: A251 V4.69.6.0
  C:\KEIL_V5\C251\LIB\C2SFPL.LIB (VSPRINTF)
         COMMENT TYPE 0: A251 V4.69.6.0
  C:\KEIL_V5\C251\LIB\C2SFPL.LIB (?C?PRNFMT)
         COMMENT TYPE 0: A251 V4.69.6.0
  C:\KEIL_V5\C251\LIB\C2SFPL.LIB (?C?FPCONVERT)
         COMMENT TYPE 0: A251 V4.69.6.0
  C:\KEIL_V5\C251\LIB\C2SFPL.LIB (?C?FPMUL)
         COMMENT TYPE 0: A251 V4.69.6.0
  C:\KEIL_V5\C251\LIB\C2SFPL.LIB (?C?FPDIV)
         COMMENT TYPE 0: A251 V4.69.6.0
  C:\KEIL_V5\C251\LIB\C2SFPL.LIB (?C?FTNPWR)
         COMMENT TYPE 0: A251 V4.69.6.0
  C:\KEIL_V5\C251\LIB\C2SFPL.LIB (?C?FPGETOPN)
         COMMENT TYPE 0: A251 V4.69.6.0
  C:\KEIL_V5\C251\LIB\C2SL.LIB (?C_START)
         COMMENT TYPE 0: A251 V4.69.6.0
  C:\KEIL_V5\C251\LIB\C2SL.LIB (?C?INITHDATA)
         COMMENT TYPE 0: A251 V4.69.6.0
  C:\KEIL_V5\C251\LIB\C2SL.LIB (STRLEN)
         COMMENT TYPE 0: C251 V5.58.7
  C:\KEIL_V5\C251\LIB\C2SL.LIB (memcpy)
         COMMENT TYPE 0: C251 V5.58.7
  C:\KEIL_V5\C251\LIB\C2SL.LIB (?C?INITHDATA_END)
         COMMENT TYPE 0: A251 V4.69.6.0


ACTIVE MEMORY CLASSES OF MODULE:  .\Objects\03-March_Wheel_leg_FOC (main)

BASE        START       END         USED      MEMORY CLASS
==========================================================
000000H     000000H     0007FFH     000100H   EDATA
000000H     000000H     0007FFH               HDATA
000000H     FF0000H     FFFFFFH     000031H   HCONST
FF0000H     FF0000H     FFFFFFH     0020F4H   CODE
010000H     010000H     01FFFFH     00018DH   XDATA
000020H.0   000020H.0   00002FH.7   000000H.3 BIT
L251 LINKER/LOCATER V4.66.93.0                                                        05/12/2026  15:25:11  PAGE 2


FF0000H     FF0000H     FFFFFFH     000004H   CONST
000000H     000000H     00007FH     000008H   DATA


MEMORY MAP OF MODULE:  .\Objects\03-March_Wheel_leg_FOC (main)


START     STOP      LENGTH    ALIGN  RELOC    MEMORY CLASS   SEGMENT NAME
=========================================================================
000000H   000007H   000008H   ---    AT..     DATA           "REG BANK 0"
000008H.0 00001FH.7 000018H.0 ---    ---      **GAP**
000020H.0 000020H.2 000000H.3 BIT    UNIT     BIT            ?BI?USB
000020H.3 000020H   000000H.5 ---    ---      **GAP**
000021H   000120H   000100H   BYTE   UNIT     EDATA          ?STACK
000121H   00FFFFH   00FEDFH   ---    ---      **GAP**
010000H   0100DBH   0000DCH   BYTE   INSEG    XDATA          ?XD?USB
0100DCH   010107H   00002CH   BYTE   UNIT     XDATA          ?XD?SEG7_SHOWSTRING?UTIL
010108H   010133H   00002CH   BYTE   UNIT     XDATA          ?XD?PRINTF_USB?UTIL
010134H   01015BH   000028H   BYTE   UNIT     XDATA          ?XT?SPRINTF
01015CH   010163H   000008H   BYTE   UNIT     XDATA          ?XD?REVERSE4?UTIL
010164H   01016AH   000007H   BYTE   UNIT     XDATA          ?XD?USB_SENDDATA?USB
01016BH   010171H   000007H   BYTE   INSEG    XDATA          ?XD?USB_REQ_CLASS
010172H   010176H   000005H   BYTE   UNIT     XDATA          ?XD?LCD12864_SETBUFFER?UTIL
010177H   01017BH   000005H   BYTE   UNIT     XDATA          ?XD?OLED12864_SETBUFFER?UTIL
01017CH   01017FH   000004H   BYTE   UNIT     XDATA          ?XD?REVERSE2?UTIL
010180H   010183H   000004H   BYTE   UNIT     XDATA          ?XD?SEG7_SHOWLONG?UTIL
010184H   010187H   000004H   BYTE   UNIT     XDATA          ?XT?VSPRINTF
010188H   010189H   000002H   BYTE   INSEG    XDATA          ?XD?MAIN
01018AH   01018BH   000002H   BYTE   UNIT     XDATA          ?XD?LCD12864_SHOWSTRING?UTIL
01018CH   01018CH   000001H   BYTE   UNIT     XDATA          ?XD?USB_INIT?USB
01018DH   FEFFFFH   FDFE73H   ---    ---      **GAP**
FF0000H   FF0002H   000003H   ---    OFFS..   CODE           ?CO?start251?4
FF0003H   FF0009H   000007H   BYTE   INSEG    CODE           ?PR?SET_USB_IN_CALLBACK?USB
FF000AH   FF000AH   000001H   BYTE   INSEG    CODE           ?PR?USB_SUSPEND?USB
FF000BH   FF000DH   000003H   ---    OFFS..   CODE           ?PR?IV?1
FF000EH   FF00C8H   0000BBH   BYTE   INSEG    CODE           ?PR?USB_SENDDATA?USB
FF00C9H   FF00C9H   000001H   BYTE   INSEG    CODE           ?PR?USB_RESUME?USB
FF00CAH   FF00CAH   000001H   ---    ---      **GAP**
FF00CBH   FF00CDH   000003H   ---    OFFS..   CODE           ?PR?IV?25
FF00CEH   FF082DH   000760H   BYTE   UNIT     CODE           ?C?LIB_CODE
FF082EH   FF093CH   00010FH   BYTE   INSEG    CODE           ?PR?USB_GET_STATUS?USB_REQ_STD
FF093DH   FF0A38H   0000FCH   BYTE   INSEG    CODE           ?PR?USB_OUT_EP1?USB
FF0A39H   FF0B15H   0000DDH   BYTE   INSEG    CODE           ?PR?CLK_INIT?MAIN
FF0B16H   FF0BDFH   0000CAH   BYTE   INSEG    CODE           ?PR?USB_GET_DESCRIPTOR?USB_REQ_STD
FF0BE0H   FF0C89H   0000AAH   BYTE   INSEG    CODE           ?PR?USB_INIT?USB
FF0C8AH   FF0D33H   0000AAH   BYTE   INSEG    CODE           ?PR?OLED12864_SETBUFFER?UTIL
FF0D34H   FF0DDDH   0000AAH   BYTE   INSEG    CODE           ?PR?LCD12864_SETBUFFER?UTIL
FF0DDEH   FF0E84H   0000A7H   BYTE   INSEG    CODE           ?PR?USB_SET_CONFIGURATION?USB_REQ_STD
FF0E85H   FF0F28H   0000A4H   BYTE   INSEG    CODE           ?PR?USB_CLEAR_FEATURE?USB_REQ_STD
FF0F29H   FF0FBCH   000094H   BYTE   INSEG    CODE           ?PR?USB_SET_FEATURE?USB_REQ_STD
FF0FBDH   FF104EH   000092H   BYTE   INSEG    CODE           ?PR?USB_SETUP?USB
FF104FH   FF10D1H   000083H   BYTE   UNIT     CODE           ?CO?USB_DESC
FF10D2H   FF1151H   000080H   BYTE   INSEG    CODE           ?PR?USB_ISR?USB
FF1152H   FF11CCH   00007BH   BYTE   INSEG    CODE           ?PR?USB_CTRL_IN?USB
FF11CDH   FF1239H   00006DH   BYTE   INSEG    CODE           ?PR?REVERSE4?UTIL
FF123AH   FF1298H   00005FH   BYTE   INSEG    CODE           ?PR?USB_CTRL_OUT?USB
FF1299H   FF12F6H   00005EH   BYTE   INSEG    CODE           ?PR?USB_GET_CONFIGURATION?USB_REQ_STD
FF12F7H   FF1353H   00005DH   BYTE   INSEG    CODE           ?PR?SEG7_SHOWSTRING?UTIL
FF1354H   FF13AFH   00005CH   BYTE   INSEG    CODE           ?PR?USB_REQ_STD?USB_REQ_STD
FF13B0H   FF1400H   000051H   BYTE   INSEG    CODE           ?PR?LCD12864_SHOWPICTURE?UTIL
FF1401H   FF144EH   00004EH   BYTE   INSEG    CODE           ?PR?USB_SET_ADDRESS?USB_REQ_STD
FF144FH   FF1499H   00004BH   BYTE   INSEG    CODE           ?PR?LED40_SENDDATA?UTIL
FF149AH   FF14E4H   00004BH   BYTE   INSEG    CODE           ?PR?LED64_SENDDATA?UTIL
FF14E5H   FF152FH   00004BH   BYTE   INSEG    CODE           ?PR?SEG7_SHOWLONG?UTIL
FF1530H   FF1579H   00004AH   BYTE   INSEG    CODE           ?PR?USB_RESET?USB
L251 LINKER/LOCATER V4.66.93.0                                                        05/12/2026  15:25:11  PAGE 3


FF157AH   FF15C1H   000048H   BYTE   INSEG    CODE           ?PR?_M?MAIN
FF15C2H   FF1609H   000048H   BYTE   INSEG    CODE           ?PR?USB_GET_INTERFACE?USB_REQ_STD
FF160AH   FF161CH   000013H   BYTE   UNIT     CODE           ?C_C51STARTUP
FF161DH   FF164DH   000031H   BYTE   UNIT     CODE           ?C_C51STARTUP?2
FF164EH   FF1650H   000003H   BYTE   UNIT     CODE           ?C_C51STARTUP?3
FF1651H   FF1694H   000044H   BYTE   INSEG    CODE           ?PR?LED40_SETPORT?UTIL
FF1695H   FF16D8H   000044H   BYTE   INSEG    CODE           ?PR?LED64_SETPORT?UTIL
FF16D9H   FF171BH   000043H   BYTE   INSEG    CODE           ?PR?LED40_SETBIT?UTIL
FF171CH   FF175EH   000043H   BYTE   INSEG    CODE           ?PR?LED64_SETBIT?UTIL
FF175FH   FF17A0H   000042H   BYTE   INSEG    CODE           ?PR?OLED12864_SHOWPICTURE?UTIL
FF17A1H   FF17E1H   000041H   BYTE   INSEG    CODE           ?PR?LCD12864_SHOWSTRING?UTIL
FF17E2H   FF1822H   000041H   BYTE   INSEG    CODE           ?PR?LED40_CLRBIT?UTIL
FF1823H   FF1863H   000041H   BYTE   INSEG    CODE           ?PR?LED64_CLRBIT?UTIL
FF1864H   FF18A2H   00003FH   BYTE   INSEG    CODE           ?PR?USB_IN_EP1?USB
FF18A3H   FF18E1H   00003FH   BYTE   INSEG    CODE           ?PR?PRINTF_USB?UTIL
FF18E2H   FF191DH   00003CH   BYTE   INSEG    CODE           ?PR?OLED12864_SCROLLRIGHT?UTIL
FF191EH   FF1959H   00003CH   BYTE   INSEG    CODE           ?PR?OLED12864_SCROLLUP?UTIL
FF195AH   FF1994H   00003BH   BYTE   INSEG    CODE           ?PR?USB_WRITE_REG?USB
FF1995H   FF19CFH   00003BH   BYTE   INSEG    CODE           ?PR?OLED12864_SCROLLLEFT?UTIL
FF19D0H   FF1A09H   00003AH   BYTE   INSEG    CODE           ?PR?USB_READ_FIFO?_?USB
FF1A0AH   FF1A42H   000039H   BYTE   INSEG    CODE           ?PR?REVERSE2?UTIL
FF1A43H   FF1A7AH   000038H   BYTE   INSEG    CODE           ?PR?USB_READ_REG?USB
FF1A7BH   FF1AB1H   000037H   BYTE   INSEG    CODE           ?PR?SEG7_SHOWCODE?UTIL
FF1AB2H   FF1AE6H   000035H   BYTE   INSEG    CODE           ?PR?SEG7_SHOWFLOAT?UTIL
FF1AE7H   FF1B1AH   000034H   BYTE   INSEG    CODE           ?PR?USB_GET_LINE_CODING?USB_REQ_CLASS
FF1B1BH   FF1B4EH   000034H   BYTE   INSEG    CODE           ?PR?USB_SET_LINE_CODING?USB_REQ_CLASS
FF1B4FH   FF1B7CH   00002EH   BYTE   INSEG    CODE           ?PR?TIMER0_ISR?MAIN
FF1B7DH   FF1BA7H   00002BH   BYTE   INSEG    CODE           ?PR?USB_IN_EP2?USB
FF1BA8H   FF1BD1H   00002AH   BYTE   INSEG    CODE           ?PR?USB_SET_INTERFACE?USB_REQ_STD
FF1BD2H   FF1BFAH   000029H   BYTE   INSEG    CODE           ?PR?DELAY_US?MAIN
FF1BFBH   FF1C23H   000029H   BYTE   INSEG    CODE           ?PR?USB_WRITE_FIFO?_?USB
FF1C24H   FF1C4CH   000029H   BYTE   INSEG    CODE           ?PR?LCD12864_SCROLLUP?UTIL
FF1C4DH   FF1C71H   000025H   BYTE   INSEG    CODE           ?PR?MEMCPY?_?MEMCPY
FF1C72H   FF1C95H   000024H   BYTE   INSEG    CODE           ?PR?TIMER0_INIT?MAIN
FF1C96H   FF1CB8H   000023H   BYTE   INSEG    CODE           ?PR?OLED12864_SETADDRESSMODE?UTIL
FF1CB9H   FF1CDBH   000023H   BYTE   INSEG    CODE           ?PR?OLED12864_SETCONTRAST?UTIL
FF1CDCH   FF1CFEH   000023H   BYTE   INSEG    CODE           ?PR?LCD12864_REVERSELINE?UTIL
FF1CFFH   FF1D1BH   00001DH   BYTE   INSEG    CODE           ?PR?SLEEP_US?UTIL
FF1D1CH   FF1D37H   00001CH   BYTE   INSEG    CODE           ?PR?OLED12864_SCROLLSTART?UTIL
FF1D38H   FF1D53H   00001CH   BYTE   INSEG    CODE           ?PR?OLED12864_DISPLAYON?UTIL
FF1D54H   FF1D6FH   00001CH   BYTE   INSEG    CODE           ?PR?LCD12864_SCROLLRIGHT?UTIL
FF1D70H   FF1D8BH   00001CH   BYTE   INSEG    CODE           ?PR?LCD12864_AUTOWRAPON?UTIL
FF1D8CH   FF1DA7H   00001CH   BYTE   INSEG    CODE           ?PR?OLED12864_VERTICALMIRROR?UTIL
FF1DA8H   FF1DC3H   00001CH   BYTE   INSEG    CODE           ?PR?LCD12864_CURSORRETURNHOME?UTIL
FF1DC4H   FF1DDFH   00001CH   BYTE   INSEG    CODE           ?PR?OLED12864_DISPLAYENTIRE?UTIL
FF1DE0H   FF1DFBH   00001CH   BYTE   INSEG    CODE           ?PR?LCD12864_DISPLAYON?UTIL
FF1DFCH   FF1E17H   00001CH   BYTE   INSEG    CODE           ?PR?LCD12864_CURSORMOVERIGHT?UTIL
FF1E18H   FF1E33H   00001CH   BYTE   INSEG    CODE           ?PR?LCD12864_CURSORON?UTIL
FF1E34H   FF1E4EH   00001BH   BYTE   INSEG    CODE           ?PR?USB_REQ_CLASS?USB_REQ_CLASS
FF1E4FH   FF1E69H   00001BH   BYTE   INSEG    CODE           ?PR?OLED12864_DISPLAYOFF?UTIL
FF1E6AH   FF1E84H   00001BH   BYTE   INSEG    CODE           ?PR?LCD12864_AUTOWRAPOFF?UTIL
FF1E85H   FF1E9FH   00001BH   BYTE   INSEG    CODE           ?PR?OLED12864_SCROLLSTOP?UTIL
FF1EA0H   FF1EBAH   00001BH   BYTE   INSEG    CODE           ?PR?LCD12864_DISPLAYOFF?UTIL
FF1EBBH   FF1ED5H   00001BH   BYTE   INSEG    CODE           ?PR?LCD12864_SCROLLLEFT?UTIL
FF1ED6H   FF1EF0H   00001BH   BYTE   INSEG    CODE           ?PR?OLED12864_HORIZONTALMIRROR?UTIL
FF1EF1H   FF1F0BH   00001BH   BYTE   INSEG    CODE           ?PR?OLED12864_DISPLAYCONTENT?UTIL
FF1F0CH   FF1F26H   00001BH   BYTE   INSEG    CODE           ?PR?LCD12864_CURSOROFF?UTIL
FF1F27H   FF1F41H   00001BH   BYTE   INSEG    CODE           ?PR?LCD12864_CURSORMOVELEFT?UTIL
FF1F42H   FF1F5AH   000019H   BYTE   INSEG    CODE           ?PR?USB_BULK_INTR_OUT?USB
FF1F5BH   FF1F73H   000019H   BYTE   INSEG    CODE           ?PR?OLED12864_SETHEADER?UTIL
FF1F74H   FF1F8CH   000019H   BYTE   INSEG    CODE           ?PR?LCD12864_SETHEADER?UTIL
FF1F8DH   FF1FA5H   000019H   BYTE   INSEG    CODE           ?PR?SEG7_SETHEADER?UTIL
FF1FA6H   FF1FBDH   000018H   BYTE   INSEG    CODE           ?PR?USB_OUT_DONE?USB
FF1FBEH   FF1FD5H   000018H   BYTE   INSEG    CODE           ?PR?SLEEP_MS?UTIL
FF1FD6H   FF1FEDH   000018H   BYTE   UNIT     CODE           ?PR?AI8051U_32_MDU32
L251 LINKER/LOCATER V4.66.93.0                                                        05/12/2026  15:25:11  PAGE 4


FF1FEEH   FF2004H   000017H   BYTE   INSEG    CODE           ?PR?DELAY_MS?MAIN
FF2005H   FF201AH   000016H   BYTE   INSEG    CODE           ?PR?USB_SET_CTRL_LINE_STATE?USB_REQ_CLASS
FF201BH   FF2030H   000016H   BYTE   INSEG    CODE           ?PR?LCD12864_DISPLAYCLEAR?UTIL
FF2031H   FF2046H   000016H   BYTE   INSEG    CODE           ?PR?OLED12864_DISPLAYREVERSE?UTIL
FF2047H   FF205BH   000015H   BYTE   INSEG    CODE           ?PR?USB_BULK_INTR_IN?USB
FF205CH   FF206CH   000011H   BYTE   INSEG    CODE           ?PR?USB_CALLBACK?MAIN
FF206DH   FF207DH   000011H   BYTE   INSEG    CODE           ?PR?USB_SETUP_IN?USB
FF207EH   FF208DH   000010H   BYTE   INSEG    CODE           ?PR?MAIN?MAIN
FF208EH   FF209BH   00000EH   BYTE   INSEG    CODE           ?PR?USB_SETUP_OUT?USB
FF209CH   FF20A9H   00000EH   BYTE   INSEG    CODE           ?PR?USB_SETUP_STALL?USB
FF20AAH   FF20B7H   00000EH   BYTE   INSEG    CODE           ?PR?STRLEN?_?STRLEN
FF20B8H   FF20C4H   00000DH   BYTE   INSEG    CODE           ?PR?USB_SETUP_STATUS?USB
FF20C5H   FF20CFH   00000BH   BYTE   INSEG    CODE           ?PR?USB_IN?USB
FF20D0H   FF20DAH   00000BH   BYTE   INSEG    CODE           ?PR?SET_USB_ISPCMD?USB
FF20DBH   FF20E4H   00000AH   BYTE   INSEG    CODE           ?PR?USBLIB_INIT?MAIN
FF20E5H   FF20EBH   000007H   BYTE   INSEG    CODE           ?PR?SET_USB_OUT_CALLBACK?USB
FF20ECH   FF20EEH   000003H   BYTE   INSEG    CODE           ?PR?USB_SET_DESCRIPTOR?USB_REQ_STD
FF20EFH   FF20F1H   000003H   BYTE   INSEG    CODE           ?PR?USB_SYNCH_FRAME?USB_REQ_STD
FF20F2H   FF20F4H   000003H   BYTE   INSEG    CODE           ?PR?USB_REQ_VENDOR?USB_REQ_VENDOR
FF20F5H   FF20F8H   000004H   BYTE   UNIT     CONST          ?CO?PRINTF
FF20F9H   FF211EH   000026H   BYTE   UNIT     HCONST         ?C_INITHDATA
FF211FH   FF2127H   000009H   BYTE   UNIT     HCONST         ?HC?USB
FF2128H   FF2129H   000002H   BYTE   UNIT     HCONST         ?HC?MAIN



PUBLIC SYMBOLS OF MODULE:  .\Objects\03-March_Wheel_leg_FOC (main)


      VALUE       CLASS    TYPE      PUBLIC SYMBOL NAME
      =================================================
      000000FFH   NUMBER   ---       ?C?CODESEG
      00FF055AH   CODE     ---       ?C?FPCONVERT
      00FF06F5H   CODE     ---       ?C?FPDIV
      00FF07DDH   CODE     ---       ?C?FPGETOPN2
      00FF0655H   CODE     ---       ?C?FPMUL
      00FF081AH   CODE     ---       ?C?FPNANRESULT
      00FF0822H   CODE     ---       ?C?FPOVERFLOW
      00FF07F6H   CODE     ---       ?C?FPRESULT
      00FF080CH   CODE     ---       ?C?FPRESULT2
      00FF0612H   CODE     ---       ?C?FPROUND
      00FF081FH   CODE     ---       ?C?FPUNDERFLOW
      00FF07A6H   CODE     ---       ?C?FTNPWR
      00FF161DH   CODE     ---       ?C?INITHDATA
      00FF211DH   HCONST   WORD      ?C?INITHDATA_END
      00FF1FDAH   CODE     ---       ?C?LIMUL
      00FF1FD6H   CODE     ---       ?C?LMUL
      00FF013DH   CODE     ---       ?C?PRNFMT
      00FF1FEAH   CODE     ---       ?C?SLDIV
      00FF0000H   CODE     ---       ?C?STARTUP
      00FF1FE0H   CODE     ---       ?C?ULDIV
      00FF1FE4H   CODE     ---       ?C?ULIDIV
      00000001H   NUMBER   ---       ?C?XDATASEG
      00FF0000H   CODE     ---       ?C_STARTUP
      00010130H   XDATA    BYTE      ?printf_usb?BYTE
      00010104H   XDATA    BYTE      ?SEG7_ShowString?BYTE
      0001015CH   XDATA    ---       ?sprintf?BYTE
      0001017CH   XDATA    ---       ?vsprintf?BYTE
      00FF157AH   CODE     ---       _m
*SFR* 000000E0H   DATA     BYTE      ACC
*SFR* 000000BCH   DATA     BYTE      ADC_CONTR
*SFR* 000000DEH   DATA     BYTE      ADCCFG
*SFR* 000000EFH   DATA     BYTE      AUXINTIF
*SFR* 0000008EH   DATA     BYTE      AUXR
*SFR* 00000097H   DATA     BYTE      AUXR2
L251 LINKER/LOCATER V4.66.93.0                                                        05/12/2026  15:25:11  PAGE 5


*SFR* 000000F0H   DATA     BYTE      B
      00000020H.1 BIT      BIT       bUsbFeatureReady
      00000020H.2 BIT      BIT       bUsbInBusy
      00000020H.0 BIT      BIT       bUsbOutReady
*SFR* 000000F1H   DATA     BYTE      CANICR
*SFR* 000000EAH   DATA     BYTE      CKCON
      00FF0A39H   CODE     ---       CLK_Init
*SFR* 000000E6H   DATA     BYTE      CMPCR1
*SFR* 000000E7H   DATA     BYTE      CMPCR2
      00FF1083H   CODE     ---       CONFIGDESC
      00FF1FEEH   CODE     ---       delay_ms
      00FF1BD2H   CODE     ---       delay_us
      00FF1071H   CODE     ---       DEVICEDESC
      00010092H   XDATA    BYTE      DeviceState
*SFR* 000000EDH   DATA     BYTE      DMAIR
*SFR* 000000A8H.7 DATA     BIT       EA
*SFR* 000000BAH.7 DATA     BIT       EAXFR
      000100D3H   XDATA    ---       Ep0State
*SFR* 000000A8H.1 DATA     BIT       ET0
*SFR* 000000AFH.7 DATA     BIT       EUSB
*SFR* 000000C7H   DATA     BYTE      IAP_CONTR
*SFR* 000000A8H   DATA     BYTE      IE
*SFR* 000000AFH   DATA     BYTE      IE2
      000100DAH   XDATA    BYTE      InEpState
*SFR* 0000008FH   DATA     BYTE      INTCLKO
*SFR* 000000B8H   DATA     BYTE      IP
*SFR* 000000B5H   DATA     BYTE      IP2
*SFR* 000000B6H   DATA     BYTE      IP2H
*SFR* 000000DFH   DATA     BYTE      IP3
*SFR* 000000EEH   DATA     BYTE      IP3H
*SFR* 000000B7H   DATA     BYTE      IPH
*SFR* 0000009DH   DATA     BYTE      IRCBAND
*SFR* 0000009FH   DATA     BYTE      IRTRIM
      00FF106DH   CODE     ---       LANGIDDESC
      00FF1E6AH   CODE     ---       LCD12864_AutoWrapOff
      00FF1D70H   CODE     ---       LCD12864_AutoWrapOn
      00FF1F27H   CODE     ---       LCD12864_CursorMoveLeft
      00FF1DFCH   CODE     ---       LCD12864_CursorMoveRight
      00FF1F0CH   CODE     ---       LCD12864_CursorOff
      00FF1E18H   CODE     ---       LCD12864_CursorOn
      00FF1DA8H   CODE     ---       LCD12864_CursorReturnHome
      00FF201BH   CODE     ---       LCD12864_DisplayClear
      00FF1EA0H   CODE     ---       LCD12864_DisplayOff
      00FF1DE0H   CODE     ---       LCD12864_DisplayOn
      00FF1CDCH   CODE     ---       LCD12864_ReverseLine
      00FF1EBBH   CODE     ---       LCD12864_ScrollLeft
      00FF1D54H   CODE     ---       LCD12864_ScrollRight
      00FF1C24H   CODE     ---       LCD12864_ScrollUp
      00FF13B0H   CODE     ---       LCD12864_ShowPicture
      00FF17A1H   CODE     ---       LCD12864_ShowString
      00FF17E2H   CODE     ---       LED40_ClrBit
      00FF144FH   CODE     ---       LED40_SendData
      00FF16D9H   CODE     ---       LED40_SetBit
      00FF1651H   CODE     ---       LED40_SetPort
      00FF1823H   CODE     ---       LED64_ClrBit
      00FF149AH   CODE     ---       LED64_SendData
      00FF171CH   CODE     ---       LED64_SetBit
      00FF1695H   CODE     ---       LED64_SetPort
      0001016BH   XDATA    ---       LineCoding
*SFR* 000000F9H   DATA     BYTE      LINICR
      00FF207EH   CODE     ---       main
      00FF10CAH   CODE     ---       MANUFACTDESC
      00FF1C4DH   CODE     ---       memcpy?_
      00FF1EF1H   CODE     ---       OLED12864_DisplayContent
      00FF1DC4H   CODE     ---       OLED12864_DisplayEntire
L251 LINKER/LOCATER V4.66.93.0                                                        05/12/2026  15:25:11  PAGE 6


      00FF1E4FH   CODE     ---       OLED12864_DisplayOff
      00FF1D38H   CODE     ---       OLED12864_DisplayOn
      00FF2031H   CODE     ---       OLED12864_DisplayReverse
      00FF1ED6H   CODE     ---       OLED12864_HorizontalMirror
      00FF1995H   CODE     ---       OLED12864_ScrollLeft
      00FF18E2H   CODE     ---       OLED12864_ScrollRight
      00FF1D1CH   CODE     ---       OLED12864_ScrollStart
      00FF1E85H   CODE     ---       OLED12864_ScrollStop
      00FF191EH   CODE     ---       OLED12864_ScrollUp
      00FF1C96H   CODE     ---       OLED12864_SetAddressMode
      00FF1CB9H   CODE     ---       OLED12864_SetContrast
      00FF175FH   CODE     ---       OLED12864_ShowPicture
      00FF1D8CH   CODE     ---       OLED12864_VerticalMirror
      000100DBH   XDATA    BYTE      OutEpState
      00010008H   XDATA    BYTE      OutNumber
*SFR* 00000080H   DATA     BYTE      P0
*SFR* 00000094H   DATA     BYTE      P0M0
*SFR* 00000093H   DATA     BYTE      P0M1
*SFR* 00000090H   DATA     BYTE      P1
*SFR* 00000092H   DATA     BYTE      P1M0
*SFR* 00000091H   DATA     BYTE      P1M1
*SFR* 000000A0H   DATA     BYTE      P2
*SFR* 00000096H   DATA     BYTE      P2M0
*SFR* 00000095H   DATA     BYTE      P2M1
*SFR* 000000B0H   DATA     BYTE      P3
*SFR* 000000B2H   DATA     BYTE      P3M0
*SFR* 000000B1H   DATA     BYTE      P3M1
*SFR* 000000C0H   DATA     BYTE      P4
*SFR* 000000C0H.2 DATA     BIT       P42
*SFR* 000000B4H   DATA     BYTE      P4M0
*SFR* 000000B3H   DATA     BYTE      P4M1
*SFR* 000000C8H   DATA     BYTE      P5
*SFR* 000000CAH   DATA     BYTE      P5M0
*SFR* 000000C9H   DATA     BYTE      P5M1
*SFR* 000000E8H   DATA     BYTE      P6
*SFR* 000000CCH   DATA     BYTE      P6M0
*SFR* 000000CBH   DATA     BYTE      P6M1
*SFR* 000000F8H   DATA     BYTE      P7
*SFR* 000000E2H   DATA     BYTE      P7M0
*SFR* 000000E1H   DATA     BYTE      P7M1
*SFR* 000000A2H   DATA     BYTE      P_SW1
*SFR* 000000BAH   DATA     BYTE      P_SW2
*SFR* 000000BBH   DATA     BYTE      P_SW3
*SFR* 000000BFH   DATA     BYTE      P_SW4
      00FF10C6H   CODE     ---       PACKET0
      00FF10C8H   CODE     ---       PACKET1
*SFR* 00000087H   DATA     BYTE      PCON
      00FF18A3H   CODE     ---       printf_usb
      00FF104FH   CODE     ---       PRODUCTDESC
*SFR* 000000D0H   DATA     BYTE      PSW
*SFR* 000000D1H   DATA     BYTE      PSW1
      00FF1A0AH   CODE     ---       reverse2
      00FF11CDH   CODE     ---       reverse4
*SFR* 000000FFH   DATA     BYTE      RSTCFG
*SFR* 0000009AH   DATA     BYTE      S2CON
*SFR* 000000ACH   DATA     BYTE      S3CON
*SFR* 000000FDH   DATA     BYTE      S4CON
*SFR* 00000098H   DATA     BYTE      SCON
      00FF1A7BH   CODE     ---       SEG7_ShowCode
      00FF1AB2H   CODE     ---       SEG7_ShowFloat
      00FF14E5H   CODE     ---       SEG7_ShowLong
      00FF12F7H   CODE     ---       SEG7_ShowString
      00FF0003H   CODE     ---       set_usb_IN_callback
      00FF20D0H   CODE     ---       set_usb_ispcmd
      00FF20E5H   CODE     ---       set_usb_OUT_callback
L251 LINKER/LOCATER V4.66.93.0                                                        05/12/2026  15:25:11  PAGE 7


      00010000H   XDATA    ---       Setup
      00FF1FBEH   CODE     ---       sleep_ms
      00FF1CFFH   CODE     ---       sleep_us
*SFR* 000000CEH   DATA     BYTE      SPCTL
      00FF00CEH   CODE     NEAR LAB  sprintf
*SFR* 000000CDH   DATA     BYTE      SPSTAT
      00FF20AAH   CODE     ---       strlen?_
*SFR* 000000DDH   DATA     BYTE      T4T3M
*SFR* 00000088H   DATA     BYTE      TCON
*SFR* 0000008CH   DATA     BYTE      TH0
      00010188H   XDATA    WORD      tick_10ms
      00FF1C72H   CODE     ---       Timer0_Init
      00FF1B4FH   CODE     ---       Timer0_ISR
*SFR* 0000008AH   DATA     BYTE      TL0
*SFR* 00000089H   DATA     BYTE      TMOD
*SFR* 00000088H.4 DATA     BIT       TR0
      00FF2047H   CODE     ---       usb_bulk_intr_in
      00FF1F42H   CODE     ---       usb_bulk_intr_out
      00FF205CH   CODE     ---       usb_callback
      00FF0E85H   CODE     ---       usb_clear_feature
      00FF1152H   CODE     ---       usb_ctrl_in
      00FF123AH   CODE     ---       usb_ctrl_out
      00FF1299H   CODE     ---       usb_get_configuration
      00FF0B16H   CODE     ---       usb_get_descriptor
      00FF15C2H   CODE     ---       usb_get_interface
      00FF1AE7H   CODE     ---       usb_get_line_coding
      00FF082EH   CODE     ---       usb_get_status
      00FF20C5H   CODE     ---       usb_IN
      00010090H   XDATA    ---       usb_IN_callback
      00FF1864H   CODE     ---       usb_in_ep1
      00FF1B7DH   CODE     ---       usb_in_ep2
      00FF0BE0H   CODE     ---       usb_init
      00FF10D2H   CODE     ---       usb_isr
      0001000AH   XDATA    ---       usb_OUT_callback
      00FF1FA6H   CODE     ---       usb_OUT_done
      00FF093DH   CODE     ---       usb_out_ep1
      00FF19D0H   CODE     ---       usb_read_fifo?_
      00FF1A43H   CODE     ---       usb_read_reg
      00FF1E34H   CODE     ---       usb_req_class
      00FF1354H   CODE     ---       usb_req_std
      00FF20F2H   CODE     ---       usb_req_vendor
      00FF1530H   CODE     ---       usb_reset
      00FF00C9H   CODE     ---       usb_resume
      00FF000EH   CODE     ---       USB_SendData
      00FF1401H   CODE     ---       usb_set_address
      00FF0DDEH   CODE     ---       usb_set_configuration
      00FF2005H   CODE     ---       usb_set_ctrl_line_state
      00FF20ECH   CODE     ---       usb_set_descriptor
      00FF0F29H   CODE     ---       usb_set_feature
      00FF1BA8H   CODE     ---       usb_set_interface
      00FF1B1BH   CODE     ---       usb_set_line_coding
      00FF0FBDH   CODE     ---       usb_setup
      00FF206DH   CODE     ---       usb_setup_in
      00FF208EH   CODE     ---       usb_setup_out
      00FF209CH   CODE     ---       usb_setup_stall
      00FF20B8H   CODE     ---       usb_setup_status
      00FF000AH   CODE     ---       usb_suspend
      00FF20EFH   CODE     ---       usb_synch_frame
      00FF1BFBH   CODE     ---       usb_write_fifo?_
      00FF195AH   CODE     ---       usb_write_reg
*SFR* 000000FCH   DATA     BYTE      USBADR
*SFR* 000000DCH   DATA     BYTE      USBCLK
*SFR* 000000F4H   DATA     BYTE      USBCON
*SFR* 000000ECH   DATA     BYTE      USBDAT
      00010093H   XDATA    ---       UsbFeatureBuffer
L251 LINKER/LOCATER V4.66.93.0                                                        05/12/2026  15:25:11  PAGE 8


      0001000CH   XDATA    ---       UsbInBuffer
      00FF20DBH   CODE     ---       USBLIB_Init
      0001004CH   XDATA    ---       UsbOutBuffer
      0001008CH   XDATA    ---       USER_STCISPCMD
*SFR* 000000A6H   DATA     BYTE      VRTRIM
      00FF00EEH   CODE     NEAR LAB  vsprintf
*SFR* 000000C1H   DATA     BYTE      WDT_CONTR
*SFR* 000000E9H   DATA     BYTE      WTST



SYMBOL TABLE OF MODULE:  .\Objects\03-March_Wheel_leg_FOC (main)

      VALUE       REP       CLASS    TYPE      SYMBOL NAME
      ====================================================
      ---         MODULE    ---      ---       main
      00FF1B4FH   PUBLIC    CODE     ---       Timer0_ISR
      00FF207EH   PUBLIC    CODE     ---       main
      00FF1C72H   PUBLIC    CODE     ---       Timer0_Init
      00FF20DBH   PUBLIC    CODE     ---       USBLIB_Init
      00FF157AH   PUBLIC    CODE     ---       _m
      00FF0A39H   PUBLIC    CODE     ---       CLK_Init
      00FF1FEEH   PUBLIC    CODE     ---       delay_ms
      00FF1BD2H   PUBLIC    CODE     ---       delay_us
      00FF205CH   PUBLIC    CODE     ---       usb_callback
      00010188H   PUBLIC    XDATA    WORD      tick_10ms
      00000094H   SFRSYM    DATA     BYTE      P0M0
      000000D0H   SFRSYM    DATA     BYTE      PSW
      000000BAH.7 SFRSYM    DATA     BIT       EAXFR
      0000009DH   SFRSYM    DATA     BYTE      IRCBAND
      00000097H   SFRSYM    DATA     BYTE      AUXR2
      000000EAH   SFRSYM    DATA     BYTE      CKCON
      000000EFH   SFRSYM    DATA     BYTE      AUXINTIF
      000000FDH   SFRSYM    DATA     BYTE      S4CON
      000000ACH   SFRSYM    DATA     BYTE      S3CON
      0000009AH   SFRSYM    DATA     BYTE      S2CON
      000000A6H   SFRSYM    DATA     BYTE      VRTRIM
      000000B7H   SFRSYM    DATA     BYTE      IPH
      000000CDH   SFRSYM    DATA     BYTE      SPSTAT
      000000DDH   SFRSYM    DATA     BYTE      T4T3M
      0000009FH   SFRSYM    DATA     BYTE      IRTRIM
      000000C1H   SFRSYM    DATA     BYTE      WDT_CONTR
      00000088H.4 SFRSYM    DATA     BIT       TR0
      000000E9H   SFRSYM    DATA     BYTE      WTST
      0000008AH   SFRSYM    DATA     BYTE      TL0
      0000008CH   SFRSYM    DATA     BYTE      TH0
      000000DFH   SFRSYM    DATA     BYTE      IP3
      000000F4H   SFRSYM    DATA     BYTE      USBCON
      000000B5H   SFRSYM    DATA     BYTE      IP2
      000000FFH   SFRSYM    DATA     BYTE      RSTCFG
      000000A8H.1 SFRSYM    DATA     BIT       ET0
      000000E0H   SFRSYM    DATA     BYTE      ACC
      000000DCH   SFRSYM    DATA     BYTE      USBCLK
      000000C7H   SFRSYM    DATA     BYTE      IAP_CONTR
      0000008EH   SFRSYM    DATA     BYTE      AUXR
      000000F0H   SFRSYM    DATA     BYTE      B
      000000AFH   SFRSYM    DATA     BYTE      IE2
      000000C0H.2 SFRSYM    DATA     BIT       P42
      00000088H   SFRSYM    DATA     BYTE      TCON
      00000089H   SFRSYM    DATA     BYTE      TMOD
      00000098H   SFRSYM    DATA     BYTE      SCON
      00000087H   SFRSYM    DATA     BYTE      PCON
      000000BCH   SFRSYM    DATA     BYTE      ADC_CONTR
      000000D1H   SFRSYM    DATA     BYTE      PSW1
      000000E7H   SFRSYM    DATA     BYTE      CMPCR2
L251 LINKER/LOCATER V4.66.93.0                                                        05/12/2026  15:25:11  PAGE 9


      000000E6H   SFRSYM    DATA     BYTE      CMPCR1
      000000DEH   SFRSYM    DATA     BYTE      ADCCFG
      000000B8H   SFRSYM    DATA     BYTE      IP
      0000008FH   SFRSYM    DATA     BYTE      INTCLKO
      000000EEH   SFRSYM    DATA     BYTE      IP3H
      000000B6H   SFRSYM    DATA     BYTE      IP2H
      000000BFH   SFRSYM    DATA     BYTE      P_SW4
      000000A8H   SFRSYM    DATA     BYTE      IE
      000000BBH   SFRSYM    DATA     BYTE      P_SW3
      000000BAH   SFRSYM    DATA     BYTE      P_SW2
      000000A2H   SFRSYM    DATA     BYTE      P_SW1
      000000CEH   SFRSYM    DATA     BYTE      SPCTL
      000000F8H   SFRSYM    DATA     BYTE      P7
      000000A8H.7 SFRSYM    DATA     BIT       EA
      000000E1H   SFRSYM    DATA     BYTE      P7M1
      000000E8H   SFRSYM    DATA     BYTE      P6
      000000C8H   SFRSYM    DATA     BYTE      P5
      000000CBH   SFRSYM    DATA     BYTE      P6M1
      000000E2H   SFRSYM    DATA     BYTE      P7M0
      000000C0H   SFRSYM    DATA     BYTE      P4
      000000C9H   SFRSYM    DATA     BYTE      P5M1
      000000CCH   SFRSYM    DATA     BYTE      P6M0
      000000B0H   SFRSYM    DATA     BYTE      P3
      000000B3H   SFRSYM    DATA     BYTE      P4M1
      000000CAH   SFRSYM    DATA     BYTE      P5M0
      000000A0H   SFRSYM    DATA     BYTE      P2
      000000B1H   SFRSYM    DATA     BYTE      P3M1
      000000B4H   SFRSYM    DATA     BYTE      P4M0
      00000090H   SFRSYM    DATA     BYTE      P1
      00000095H   SFRSYM    DATA     BYTE      P2M1
      000000B2H   SFRSYM    DATA     BYTE      P3M0
      00000080H   SFRSYM    DATA     BYTE      P0
      00000091H   SFRSYM    DATA     BYTE      P1M1
      00000096H   SFRSYM    DATA     BYTE      P2M0
      00000092H   SFRSYM    DATA     BYTE      P1M0
      00000093H   SFRSYM    DATA     BYTE      P0M1

      00FF1C72H   BLOCK     CODE     ---       LVL=0
      00FF1C72H   LINE      CODE     ---       #19
      00FF1C72H   LINE      CODE     ---       #22
      00FF1C75H   LINE      CODE     ---       #23
      00FF1C79H   LINE      CODE     ---       #29
      00FF1C7CH   LINE      CODE     ---       #30
      00FF1C7FH   LINE      CODE     ---       #33
      00FF1C8CH   LINE      CODE     ---       #36
      00FF1C8FH   LINE      CODE     ---       #39
      00FF1C91H   LINE      CODE     ---       #40
      00FF1C93H   LINE      CODE     ---       #43
      00FF1C95H   LINE      CODE     ---       #44
      ---         BLOCKEND  ---      ---       LVL=0

      00FF1B4FH   BLOCK     CODE     ---       LVL=0
      00FF1B4FH   LINE      CODE     ---       #47
      00FF1B55H   LINE      CODE     ---       #49
      00FF1B60H   LINE      CODE     ---       #51
      00FF1B6CH   LINE      CODE     ---       #53
      00FF1B74H   LINE      CODE     ---       #54
      00FF1B76H   LINE      CODE     ---       #55
      ---         BLOCKEND  ---      ---       LVL=0

      00FF0A39H   BLOCK     CODE     ---       LVL=0
      00FF0A39H   LINE      CODE     ---       #64
      00FF0A39H   LINE      CODE     ---       #66
      00FF0A46H   LINE      CODE     ---       #67
      00FF0A4DH   LINE      CODE     ---       #68
L251 LINKER/LOCATER V4.66.93.0                                                        05/12/2026  15:25:11  PAGE 10


      00FF0A54H   LINE      CODE     ---       #69
      00FF0A5BH   LINE      CODE     ---       #70
      00FF0A62H   LINE      CODE     ---       #71
      00FF0A69H   LINE      CODE     ---       #73
      00FF0A75H   LINE      CODE     ---       #74
      00FF0A83H   LINE      CODE     ---       #76
      00FF0A93H   LINE      CODE     ---       #77
      00FF0AA1H   LINE      CODE     ---       #79
      00FF0AAEH   LINE      CODE     ---       #81
      00FF0AC8H   LINE      CODE     ---       #83
      00FF0AD4H   LINE      CODE     ---       #84
      00FF0ADCH   LINE      CODE     ---       #85
      00FF0AE4H   LINE      CODE     ---       #86
      00FF0AE7H   LINE      CODE     ---       #87
      00FF0AEEH   LINE      CODE     ---       #89
      00FF0B00H   LINE      CODE     ---       #91
      00FF0B0DH   LINE      CODE     ---       #93
      00FF0B15H   LINE      CODE     ---       #98
      ---         BLOCKEND  ---      ---       LVL=0

      00FF207EH   BLOCK     CODE     ---       LVL=0
      00FF207EH   LINE      CODE     ---       #106
      ---         BLOCKEND  ---      ---       LVL=0

      00FF157AH   BLOCK     CODE     ---       LVL=0
      00FF157AH   LINE      CODE     ---       #106
      00FF157AH   LINE      CODE     ---       #108
      00FF157DH   LINE      CODE     ---       #109
      00FF1580H   LINE      CODE     ---       #110
      00FF1583H   LINE      CODE     ---       #111
      00FF1589H   LINE      CODE     ---       #112
      00FF158FH   LINE      CODE     ---       #113
      00FF1595H   LINE      CODE     ---       #114
      00FF159BH   LINE      CODE     ---       #115
      00FF15A1H   LINE      CODE     ---       #116
      00FF15A7H   LINE      CODE     ---       #117
      00FF15ADH   LINE      CODE     ---       #118
      00FF15B3H   LINE      CODE     ---       #119
      00FF15B6H   LINE      CODE     ---       #120
      00FF15B9H   LINE      CODE     ---       #123
      00FF15BBH   LINE      CODE     ---       #125
      00FF15BDH   LINE      CODE     ---       #127
      00FF15C0H   LINE      CODE     ---       #130
      00FF15C0H   LINE      CODE     ---       #133
      ---         BLOCKEND  ---      ---       LVL=0

      00FF20DBH   BLOCK     CODE     ---       LVL=0
      00FF20DBH   LINE      CODE     ---       #141
      00FF20DBH   LINE      CODE     ---       #143
      00FF20DEH   LINE      CODE     ---       #144
      ---         BLOCKEND  ---      ---       LVL=0

      00FF205CH   BLOCK     CODE     ---       LVL=0
      00FF205CH   LINE      CODE     ---       #151
      00FF205CH   LINE      CODE     ---       #153
      ---         BLOCKEND  ---      ---       LVL=0

      00FF1BD2H   BLOCK     CODE     ---       LVL=0
      WR4         REGSYM    ---      WORD      us
      00FF1BD2H   LINE      CODE     ---       #163
      00FF1BD4H   LINE      CODE     ---       #165
      00FF1BD4H   LINE      CODE     ---       #167
      00FF1BF2H   LINE      CODE     ---       #168
      00FF1BFAH   LINE      CODE     ---       #169
      ---         BLOCKEND  ---      ---       LVL=0
L251 LINKER/LOCATER V4.66.93.0                                                        05/12/2026  15:25:11  PAGE 11



      00FF1FEEH   BLOCK     CODE     ---       LVL=0
      WR4         REGSYM    ---      WORD      ms
      00FF1FF0H   BLOCK     CODE     NEAR LAB  LVL=1
      WR6         REGSYM    ---      WORD      i
      ---         BLOCKEND  ---      ---       LVL=1
      00FF1FEEH   LINE      CODE     ---       #177
      00FF1FF0H   LINE      CODE     ---       #178
      00FF1FF0H   LINE      CODE     ---       #181
      00FF1FF0H   LINE      CODE     ---       #183
      00FF1FF4H   LINE      CODE     ---       #184
      00FF1FFCH   LINE      CODE     ---       #185
      00FF2004H   LINE      CODE     ---       #186
      ---         BLOCKEND  ---      ---       LVL=0

      ---         MODULE    ---      ---       usb
      00FF0003H   PUBLIC    CODE     ---       set_usb_IN_callback
      00FF206DH   PUBLIC    CODE     ---       usb_setup_in
      00FF208EH   PUBLIC    CODE     ---       usb_setup_out
      00FF1152H   PUBLIC    CODE     ---       usb_ctrl_in
      00FF123AH   PUBLIC    CODE     ---       usb_ctrl_out
      00FF1FA6H   PUBLIC    CODE     ---       usb_OUT_done
      00FF000AH   PUBLIC    CODE     ---       usb_suspend
      00FF2047H   PUBLIC    CODE     ---       usb_bulk_intr_in
      00FF1F42H   PUBLIC    CODE     ---       usb_bulk_intr_out
      00FF00C9H   PUBLIC    CODE     ---       usb_resume
      00FF20C5H   PUBLIC    CODE     ---       usb_IN
      00FF19D0H   PUBLIC    CODE     ---       usb_read_fifo?_
      00FF1530H   PUBLIC    CODE     ---       usb_reset
      00FF000EH   PUBLIC    CODE     ---       USB_SendData
      00FF20D0H   PUBLIC    CODE     ---       set_usb_ispcmd
      00FF0FBDH   PUBLIC    CODE     ---       usb_setup
      00FF1BFBH   PUBLIC    CODE     ---       usb_write_fifo?_
      00FF0BE0H   PUBLIC    CODE     ---       usb_init
      00FF209CH   PUBLIC    CODE     ---       usb_setup_stall
      00FF20E5H   PUBLIC    CODE     ---       set_usb_OUT_callback
      00FF20B8H   PUBLIC    CODE     ---       usb_setup_status
      00FF1A43H   PUBLIC    CODE     ---       usb_read_reg
      00FF1864H   PUBLIC    CODE     ---       usb_in_ep1
      00FF1B7DH   PUBLIC    CODE     ---       usb_in_ep2
      00FF093DH   PUBLIC    CODE     ---       usb_out_ep1
      00FF195AH   PUBLIC    CODE     ---       usb_write_reg
      00FF10D2H   PUBLIC    CODE     ---       usb_isr
      00010000H   PUBLIC    XDATA    ---       Setup
      00010008H   PUBLIC    XDATA    BYTE      OutNumber
      0001000AH   PUBLIC    XDATA    ---       usb_OUT_callback
      0001000CH   PUBLIC    XDATA    ---       UsbInBuffer
      0001004CH   PUBLIC    XDATA    ---       UsbOutBuffer
      0001008CH   PUBLIC    XDATA    ---       USER_STCISPCMD
      00010090H   PUBLIC    XDATA    ---       usb_IN_callback
      00010092H   PUBLIC    XDATA    BYTE      DeviceState
      00010093H   PUBLIC    XDATA    ---       UsbFeatureBuffer
      000100D3H   PUBLIC    XDATA    ---       Ep0State
      000100DAH   PUBLIC    XDATA    BYTE      InEpState
      000100DBH   PUBLIC    XDATA    BYTE      OutEpState
      00000020H.0 PUBLIC    BIT      BIT       bUsbOutReady
      00000020H.1 PUBLIC    BIT      BIT       bUsbFeatureReady
      00000020H.2 PUBLIC    BIT      BIT       bUsbInBusy
      000000D0H   SFRSYM    DATA     BYTE      PSW
      0000009DH   SFRSYM    DATA     BYTE      IRCBAND
      00000097H   SFRSYM    DATA     BYTE      AUXR2
      000000EFH   SFRSYM    DATA     BYTE      AUXINTIF
      000000FDH   SFRSYM    DATA     BYTE      S4CON
      000000ACH   SFRSYM    DATA     BYTE      S3CON
      0000009AH   SFRSYM    DATA     BYTE      S2CON
L251 LINKER/LOCATER V4.66.93.0                                                        05/12/2026  15:25:11  PAGE 12


      000000B7H   SFRSYM    DATA     BYTE      IPH
      000000CDH   SFRSYM    DATA     BYTE      SPSTAT
      000000DDH   SFRSYM    DATA     BYTE      T4T3M
      000000C1H   SFRSYM    DATA     BYTE      WDT_CONTR
      000000DFH   SFRSYM    DATA     BYTE      IP3
      000000F4H   SFRSYM    DATA     BYTE      USBCON
      000000B5H   SFRSYM    DATA     BYTE      IP2
      000000FFH   SFRSYM    DATA     BYTE      RSTCFG
      000000DCH   SFRSYM    DATA     BYTE      USBCLK
      000000ECH   SFRSYM    DATA     BYTE      USBDAT
      000000C7H   SFRSYM    DATA     BYTE      IAP_CONTR
      000000F9H   SFRSYM    DATA     BYTE      LINICR
      000000FCH   SFRSYM    DATA     BYTE      USBADR
      0000008EH   SFRSYM    DATA     BYTE      AUXR
      000000AFH   SFRSYM    DATA     BYTE      IE2
      00000088H   SFRSYM    DATA     BYTE      TCON
      00000098H   SFRSYM    DATA     BYTE      SCON
      000000F1H   SFRSYM    DATA     BYTE      CANICR
      00000087H   SFRSYM    DATA     BYTE      PCON
      000000BCH   SFRSYM    DATA     BYTE      ADC_CONTR
      000000AFH.7 SFRSYM    DATA     BIT       EUSB
      000000E7H   SFRSYM    DATA     BYTE      CMPCR2
      000000E6H   SFRSYM    DATA     BYTE      CMPCR1
      000000B8H   SFRSYM    DATA     BYTE      IP
      0000008FH   SFRSYM    DATA     BYTE      INTCLKO
      000000EEH   SFRSYM    DATA     BYTE      IP3H
      000000B6H   SFRSYM    DATA     BYTE      IP2H
      000000A8H   SFRSYM    DATA     BYTE      IE
      000000BBH   SFRSYM    DATA     BYTE      P_SW3
      000000BAH   SFRSYM    DATA     BYTE      P_SW2
      000000A2H   SFRSYM    DATA     BYTE      P_SW1
      000000CEH   SFRSYM    DATA     BYTE      SPCTL
      000000F8H   SFRSYM    DATA     BYTE      P7
      000000E8H   SFRSYM    DATA     BYTE      P6
      000000C8H   SFRSYM    DATA     BYTE      P5
      000000C0H   SFRSYM    DATA     BYTE      P4
      000000B0H   SFRSYM    DATA     BYTE      P3
      000000A0H   SFRSYM    DATA     BYTE      P2
      000000B1H   SFRSYM    DATA     BYTE      P3M1
      00000090H   SFRSYM    DATA     BYTE      P1
      000000B2H   SFRSYM    DATA     BYTE      P3M0
      00000080H   SFRSYM    DATA     BYTE      P0

      ---         MODULE    ---      ---       usb_req_class
      00FF2005H   PUBLIC    CODE     ---       usb_set_ctrl_line_state
      00FF1AE7H   PUBLIC    CODE     ---       usb_get_line_coding
      00FF1B1BH   PUBLIC    CODE     ---       usb_set_line_coding
      00FF1E34H   PUBLIC    CODE     ---       usb_req_class
      0001016BH   PUBLIC    XDATA    ---       LineCoding
      000000D0H   SFRSYM    DATA     BYTE      PSW
      0000009DH   SFRSYM    DATA     BYTE      IRCBAND
      00000097H   SFRSYM    DATA     BYTE      AUXR2
      000000EFH   SFRSYM    DATA     BYTE      AUXINTIF
      000000FDH   SFRSYM    DATA     BYTE      S4CON
      000000ACH   SFRSYM    DATA     BYTE      S3CON
      0000009AH   SFRSYM    DATA     BYTE      S2CON
      000000B7H   SFRSYM    DATA     BYTE      IPH
      000000CDH   SFRSYM    DATA     BYTE      SPSTAT
      000000DDH   SFRSYM    DATA     BYTE      T4T3M
      000000C1H   SFRSYM    DATA     BYTE      WDT_CONTR
      000000DFH   SFRSYM    DATA     BYTE      IP3
      000000F4H   SFRSYM    DATA     BYTE      USBCON
      000000B5H   SFRSYM    DATA     BYTE      IP2
      000000FFH   SFRSYM    DATA     BYTE      RSTCFG
      000000F9H   SFRSYM    DATA     BYTE      LINICR
L251 LINKER/LOCATER V4.66.93.0                                                        05/12/2026  15:25:11  PAGE 13


      0000008EH   SFRSYM    DATA     BYTE      AUXR
      000000AFH   SFRSYM    DATA     BYTE      IE2
      00000088H   SFRSYM    DATA     BYTE      TCON
      00000098H   SFRSYM    DATA     BYTE      SCON
      000000F1H   SFRSYM    DATA     BYTE      CANICR
      00000087H   SFRSYM    DATA     BYTE      PCON
      000000BCH   SFRSYM    DATA     BYTE      ADC_CONTR
      000000E7H   SFRSYM    DATA     BYTE      CMPCR2
      000000E6H   SFRSYM    DATA     BYTE      CMPCR1
      000000B8H   SFRSYM    DATA     BYTE      IP
      0000008FH   SFRSYM    DATA     BYTE      INTCLKO
      000000EEH   SFRSYM    DATA     BYTE      IP3H
      000000B6H   SFRSYM    DATA     BYTE      IP2H
      000000A8H   SFRSYM    DATA     BYTE      IE
      000000BBH   SFRSYM    DATA     BYTE      P_SW3
      000000BAH   SFRSYM    DATA     BYTE      P_SW2
      000000A2H   SFRSYM    DATA     BYTE      P_SW1
      000000CEH   SFRSYM    DATA     BYTE      SPCTL
      000000F8H   SFRSYM    DATA     BYTE      P7
      000000E8H   SFRSYM    DATA     BYTE      P6
      000000C8H   SFRSYM    DATA     BYTE      P5
      000000C0H   SFRSYM    DATA     BYTE      P4
      000000B0H   SFRSYM    DATA     BYTE      P3
      000000A0H   SFRSYM    DATA     BYTE      P2
      00000090H   SFRSYM    DATA     BYTE      P1
      00000080H   SFRSYM    DATA     BYTE      P0

      ---         MODULE    ---      ---       usb_req_std
      00FF15C2H   PUBLIC    CODE     ---       usb_get_interface
      00FF0E85H   PUBLIC    CODE     ---       usb_clear_feature
      00FF1BA8H   PUBLIC    CODE     ---       usb_set_interface
      00FF0B16H   PUBLIC    CODE     ---       usb_get_descriptor
      00FF20ECH   PUBLIC    CODE     ---       usb_set_descriptor
      00FF1354H   PUBLIC    CODE     ---       usb_req_std
      00FF20EFH   PUBLIC    CODE     ---       usb_synch_frame
      00FF1401H   PUBLIC    CODE     ---       usb_set_address
      00FF0F29H   PUBLIC    CODE     ---       usb_set_feature
      00FF1299H   PUBLIC    CODE     ---       usb_get_configuration
      00FF0DDEH   PUBLIC    CODE     ---       usb_set_configuration
      00FF082EH   PUBLIC    CODE     ---       usb_get_status
      000000D0H   SFRSYM    DATA     BYTE      PSW
      0000009DH   SFRSYM    DATA     BYTE      IRCBAND
      00000097H   SFRSYM    DATA     BYTE      AUXR2
      000000EFH   SFRSYM    DATA     BYTE      AUXINTIF
      000000FDH   SFRSYM    DATA     BYTE      S4CON
      000000ACH   SFRSYM    DATA     BYTE      S3CON
      0000009AH   SFRSYM    DATA     BYTE      S2CON
      000000B7H   SFRSYM    DATA     BYTE      IPH
      000000CDH   SFRSYM    DATA     BYTE      SPSTAT
      000000DDH   SFRSYM    DATA     BYTE      T4T3M
      000000C1H   SFRSYM    DATA     BYTE      WDT_CONTR
      000000DFH   SFRSYM    DATA     BYTE      IP3
      000000F4H   SFRSYM    DATA     BYTE      USBCON
      000000B5H   SFRSYM    DATA     BYTE      IP2
      000000FFH   SFRSYM    DATA     BYTE      RSTCFG
      000000F9H   SFRSYM    DATA     BYTE      LINICR
      0000008EH   SFRSYM    DATA     BYTE      AUXR
      000000AFH   SFRSYM    DATA     BYTE      IE2
      00000088H   SFRSYM    DATA     BYTE      TCON
      00000098H   SFRSYM    DATA     BYTE      SCON
      000000F1H   SFRSYM    DATA     BYTE      CANICR
      00000087H   SFRSYM    DATA     BYTE      PCON
      000000BCH   SFRSYM    DATA     BYTE      ADC_CONTR
      000000E7H   SFRSYM    DATA     BYTE      CMPCR2
      000000E6H   SFRSYM    DATA     BYTE      CMPCR1
L251 LINKER/LOCATER V4.66.93.0                                                        05/12/2026  15:25:11  PAGE 14


      000000B8H   SFRSYM    DATA     BYTE      IP
      0000008FH   SFRSYM    DATA     BYTE      INTCLKO
      000000EEH   SFRSYM    DATA     BYTE      IP3H
      000000B6H   SFRSYM    DATA     BYTE      IP2H
      000000A8H   SFRSYM    DATA     BYTE      IE
      000000BBH   SFRSYM    DATA     BYTE      P_SW3
      000000BAH   SFRSYM    DATA     BYTE      P_SW2
      000000A2H   SFRSYM    DATA     BYTE      P_SW1
      000000CEH   SFRSYM    DATA     BYTE      SPCTL
      000000F8H   SFRSYM    DATA     BYTE      P7
      000000E8H   SFRSYM    DATA     BYTE      P6
      000000C8H   SFRSYM    DATA     BYTE      P5
      000000C0H   SFRSYM    DATA     BYTE      P4
      000000B0H   SFRSYM    DATA     BYTE      P3
      000000A0H   SFRSYM    DATA     BYTE      P2
      00000090H   SFRSYM    DATA     BYTE      P1
      00000080H   SFRSYM    DATA     BYTE      P0

      ---         MODULE    ---      ---       usb_req_vendor
      00FF20F2H   PUBLIC    CODE     ---       usb_req_vendor
      000000D0H   SFRSYM    DATA     BYTE      PSW
      0000009DH   SFRSYM    DATA     BYTE      IRCBAND
      00000097H   SFRSYM    DATA     BYTE      AUXR2
      000000EFH   SFRSYM    DATA     BYTE      AUXINTIF
      000000FDH   SFRSYM    DATA     BYTE      S4CON
      000000ACH   SFRSYM    DATA     BYTE      S3CON
      0000009AH   SFRSYM    DATA     BYTE      S2CON
      000000B7H   SFRSYM    DATA     BYTE      IPH
      000000CDH   SFRSYM    DATA     BYTE      SPSTAT
      000000DDH   SFRSYM    DATA     BYTE      T4T3M
      000000C1H   SFRSYM    DATA     BYTE      WDT_CONTR
      000000DFH   SFRSYM    DATA     BYTE      IP3
      000000F4H   SFRSYM    DATA     BYTE      USBCON
      000000B5H   SFRSYM    DATA     BYTE      IP2
      000000FFH   SFRSYM    DATA     BYTE      RSTCFG
      000000F9H   SFRSYM    DATA     BYTE      LINICR
      0000008EH   SFRSYM    DATA     BYTE      AUXR
      000000AFH   SFRSYM    DATA     BYTE      IE2
      00000088H   SFRSYM    DATA     BYTE      TCON
      00000098H   SFRSYM    DATA     BYTE      SCON
      000000F1H   SFRSYM    DATA     BYTE      CANICR
      00000087H   SFRSYM    DATA     BYTE      PCON
      000000BCH   SFRSYM    DATA     BYTE      ADC_CONTR
      000000E7H   SFRSYM    DATA     BYTE      CMPCR2
      000000E6H   SFRSYM    DATA     BYTE      CMPCR1
      000000B8H   SFRSYM    DATA     BYTE      IP
      0000008FH   SFRSYM    DATA     BYTE      INTCLKO
      000000EEH   SFRSYM    DATA     BYTE      IP3H
      000000B6H   SFRSYM    DATA     BYTE      IP2H
      000000A8H   SFRSYM    DATA     BYTE      IE
      000000BBH   SFRSYM    DATA     BYTE      P_SW3
      000000BAH   SFRSYM    DATA     BYTE      P_SW2
      000000A2H   SFRSYM    DATA     BYTE      P_SW1
      000000CEH   SFRSYM    DATA     BYTE      SPCTL
      000000F8H   SFRSYM    DATA     BYTE      P7
      000000E8H   SFRSYM    DATA     BYTE      P6
      000000C8H   SFRSYM    DATA     BYTE      P5
      000000C0H   SFRSYM    DATA     BYTE      P4
      000000B0H   SFRSYM    DATA     BYTE      P3
      000000A0H   SFRSYM    DATA     BYTE      P2
      00000090H   SFRSYM    DATA     BYTE      P1
      00000080H   SFRSYM    DATA     BYTE      P0

      ---         MODULE    ---      ---       util
      00FF201BH   PUBLIC    CODE     ---       LCD12864_DisplayClear
L251 LINKER/LOCATER V4.66.93.0                                                        05/12/2026  15:25:11  PAGE 15


      00FF18E2H   PUBLIC    CODE     ---       OLED12864_ScrollRight
      00FF1E4FH   PUBLIC    CODE     ---       OLED12864_DisplayOff
      00FF1995H   PUBLIC    CODE     ---       OLED12864_ScrollLeft
      00FF1C96H   PUBLIC    CODE     ---       OLED12864_SetAddressMode
      00FF1CB9H   PUBLIC    CODE     ---       OLED12864_SetContrast
      00FF1E6AH   PUBLIC    CODE     ---       LCD12864_AutoWrapOff
      00FF175FH   PUBLIC    CODE     ---       OLED12864_ShowPicture
      00FF1D1CH   PUBLIC    CODE     ---       OLED12864_ScrollStart
      00FF1AB2H   PUBLIC    CODE     ---       SEG7_ShowFloat
      00FF12F7H   PUBLIC    CODE     ---       SEG7_ShowString
      00FF1A7BH   PUBLIC    CODE     ---       SEG7_ShowCode
      00FF144FH   PUBLIC    CODE     ---       LED40_SendData
      00FF1D38H   PUBLIC    CODE     ---       OLED12864_DisplayOn
      00FF1CDCH   PUBLIC    CODE     ---       LCD12864_ReverseLine
      00FF1E85H   PUBLIC    CODE     ---       OLED12864_ScrollStop
      00FF149AH   PUBLIC    CODE     ---       LED64_SendData
      00FF14E5H   PUBLIC    CODE     ---       SEG7_ShowLong
      00FF1D54H   PUBLIC    CODE     ---       LCD12864_ScrollRight
      00FF1D70H   PUBLIC    CODE     ---       LCD12864_AutoWrapOn
      00FF1EA0H   PUBLIC    CODE     ---       LCD12864_DisplayOff
      00FF1A0AH   PUBLIC    CODE     ---       reverse2
      00FF11CDH   PUBLIC    CODE     ---       reverse4
      00FF1EBBH   PUBLIC    CODE     ---       LCD12864_ScrollLeft
      00FF1ED6H   PUBLIC    CODE     ---       OLED12864_HorizontalMirror
      00FF13B0H   PUBLIC    CODE     ---       LCD12864_ShowPicture
      00FF18A3H   PUBLIC    CODE     ---       printf_usb
      00FF191EH   PUBLIC    CODE     ---       OLED12864_ScrollUp
      00FF1EF1H   PUBLIC    CODE     ---       OLED12864_DisplayContent
      00FF2031H   PUBLIC    CODE     ---       OLED12864_DisplayReverse
      00FF1D8CH   PUBLIC    CODE     ---       OLED12864_VerticalMirror
      00FF1DA8H   PUBLIC    CODE     ---       LCD12864_CursorReturnHome
      00FF1DC4H   PUBLIC    CODE     ---       OLED12864_DisplayEntire
      00FF1DE0H   PUBLIC    CODE     ---       LCD12864_DisplayOn
      00FF1DFCH   PUBLIC    CODE     ---       LCD12864_CursorMoveRight
      00FF17A1H   PUBLIC    CODE     ---       LCD12864_ShowString
      00FF1F0CH   PUBLIC    CODE     ---       LCD12864_CursorOff
      00FF1FBEH   PUBLIC    CODE     ---       sleep_ms
      00FF17E2H   PUBLIC    CODE     ---       LED40_ClrBit
      00FF1823H   PUBLIC    CODE     ---       LED64_ClrBit
      00FF1F27H   PUBLIC    CODE     ---       LCD12864_CursorMoveLeft
      00FF1CFFH   PUBLIC    CODE     ---       sleep_us
      00FF16D9H   PUBLIC    CODE     ---       LED40_SetBit
      00FF171CH   PUBLIC    CODE     ---       LED64_SetBit
      00FF1651H   PUBLIC    CODE     ---       LED40_SetPort
      00FF1C24H   PUBLIC    CODE     ---       LCD12864_ScrollUp
      00FF1695H   PUBLIC    CODE     ---       LED64_SetPort
      00FF1E18H   PUBLIC    CODE     ---       LCD12864_CursorOn
      00010104H   PUBLIC    XDATA    BYTE      ?SEG7_ShowString?BYTE
      00010130H   PUBLIC    XDATA    BYTE      ?printf_usb?BYTE
      000000D0H   SFRSYM    DATA     BYTE      PSW
      0000009DH   SFRSYM    DATA     BYTE      IRCBAND
      00000097H   SFRSYM    DATA     BYTE      AUXR2
      000000EFH   SFRSYM    DATA     BYTE      AUXINTIF
      000000FDH   SFRSYM    DATA     BYTE      S4CON
      000000ACH   SFRSYM    DATA     BYTE      S3CON
      0000009AH   SFRSYM    DATA     BYTE      S2CON
      000000B7H   SFRSYM    DATA     BYTE      IPH
      000000CDH   SFRSYM    DATA     BYTE      SPSTAT
      000000DDH   SFRSYM    DATA     BYTE      T4T3M
      000000C1H   SFRSYM    DATA     BYTE      WDT_CONTR
      000000DFH   SFRSYM    DATA     BYTE      IP3
      000000F4H   SFRSYM    DATA     BYTE      USBCON
      000000B5H   SFRSYM    DATA     BYTE      IP2
      000000FFH   SFRSYM    DATA     BYTE      RSTCFG
      000000F9H   SFRSYM    DATA     BYTE      LINICR
L251 LINKER/LOCATER V4.66.93.0                                                        05/12/2026  15:25:11  PAGE 16


      0000008EH   SFRSYM    DATA     BYTE      AUXR
      000000AFH   SFRSYM    DATA     BYTE      IE2
      00000088H   SFRSYM    DATA     BYTE      TCON
      00000098H   SFRSYM    DATA     BYTE      SCON
      000000F1H   SFRSYM    DATA     BYTE      CANICR
      00000087H   SFRSYM    DATA     BYTE      PCON
      000000BCH   SFRSYM    DATA     BYTE      ADC_CONTR
      000000E7H   SFRSYM    DATA     BYTE      CMPCR2
      000000E6H   SFRSYM    DATA     BYTE      CMPCR1
      000000B8H   SFRSYM    DATA     BYTE      IP
      0000008FH   SFRSYM    DATA     BYTE      INTCLKO
      000000EEH   SFRSYM    DATA     BYTE      IP3H
      000000B6H   SFRSYM    DATA     BYTE      IP2H
      000000A8H   SFRSYM    DATA     BYTE      IE
      000000BBH   SFRSYM    DATA     BYTE      P_SW3
      000000BAH   SFRSYM    DATA     BYTE      P_SW2
      000000A2H   SFRSYM    DATA     BYTE      P_SW1
      000000CEH   SFRSYM    DATA     BYTE      SPCTL
      000000F8H   SFRSYM    DATA     BYTE      P7
      000000E8H   SFRSYM    DATA     BYTE      P6
      000000C8H   SFRSYM    DATA     BYTE      P5
      000000C0H   SFRSYM    DATA     BYTE      P4
      000000B0H   SFRSYM    DATA     BYTE      P3
      000000A0H   SFRSYM    DATA     BYTE      P2
      00000090H   SFRSYM    DATA     BYTE      P1
      00000080H   SFRSYM    DATA     BYTE      P0

      ---         MODULE    ---      ---       usb_desc
      00FF104FH   PUBLIC    CODE     ---       PRODUCTDESC
      00FF106DH   PUBLIC    CODE     ---       LANGIDDESC
      00FF1071H   PUBLIC    CODE     ---       DEVICEDESC
      00FF1083H   PUBLIC    CODE     ---       CONFIGDESC
      00FF10C6H   PUBLIC    CODE     ---       PACKET0
      00FF10C8H   PUBLIC    CODE     ---       PACKET1
      00FF10CAH   PUBLIC    CODE     ---       MANUFACTDESC
      000000D0H   SFRSYM    DATA     BYTE      PSW
      0000009DH   SFRSYM    DATA     BYTE      IRCBAND
      00000097H   SFRSYM    DATA     BYTE      AUXR2
      000000EFH   SFRSYM    DATA     BYTE      AUXINTIF
      000000FDH   SFRSYM    DATA     BYTE      S4CON
      000000ACH   SFRSYM    DATA     BYTE      S3CON
      0000009AH   SFRSYM    DATA     BYTE      S2CON
      000000B7H   SFRSYM    DATA     BYTE      IPH
      000000CDH   SFRSYM    DATA     BYTE      SPSTAT
      000000DDH   SFRSYM    DATA     BYTE      T4T3M
      000000C1H   SFRSYM    DATA     BYTE      WDT_CONTR
      000000DFH   SFRSYM    DATA     BYTE      IP3
      000000F4H   SFRSYM    DATA     BYTE      USBCON
      000000B5H   SFRSYM    DATA     BYTE      IP2
      000000FFH   SFRSYM    DATA     BYTE      RSTCFG
      000000F9H   SFRSYM    DATA     BYTE      LINICR
      0000008EH   SFRSYM    DATA     BYTE      AUXR
      000000AFH   SFRSYM    DATA     BYTE      IE2
      00000088H   SFRSYM    DATA     BYTE      TCON
      00000098H   SFRSYM    DATA     BYTE      SCON
      000000F1H   SFRSYM    DATA     BYTE      CANICR
      00000087H   SFRSYM    DATA     BYTE      PCON
      000000BCH   SFRSYM    DATA     BYTE      ADC_CONTR
      000000E7H   SFRSYM    DATA     BYTE      CMPCR2
      000000E6H   SFRSYM    DATA     BYTE      CMPCR1
      000000B8H   SFRSYM    DATA     BYTE      IP
      0000008FH   SFRSYM    DATA     BYTE      INTCLKO
      000000EEH   SFRSYM    DATA     BYTE      IP3H
      000000B6H   SFRSYM    DATA     BYTE      IP2H
      000000A8H   SFRSYM    DATA     BYTE      IE
L251 LINKER/LOCATER V4.66.93.0                                                        05/12/2026  15:25:11  PAGE 17


      000000BBH   SFRSYM    DATA     BYTE      P_SW3
      000000BAH   SFRSYM    DATA     BYTE      P_SW2
      000000A2H   SFRSYM    DATA     BYTE      P_SW1
      000000CEH   SFRSYM    DATA     BYTE      SPCTL
      000000F8H   SFRSYM    DATA     BYTE      P7
      000000E8H   SFRSYM    DATA     BYTE      P6
      000000C8H   SFRSYM    DATA     BYTE      P5
      000000C0H   SFRSYM    DATA     BYTE      P4
      000000B0H   SFRSYM    DATA     BYTE      P3
      000000A0H   SFRSYM    DATA     BYTE      P2
      00000090H   SFRSYM    DATA     BYTE      P1
      00000080H   SFRSYM    DATA     BYTE      P0

      ---         MODULE    ---      ---       AI8051U_32_MDU32
      00FF1FDAH   PUBLIC    CODE     ---       ?C?LIMUL
      00FF1FD6H   PUBLIC    CODE     ---       ?C?LMUL
      00FF1FEAH   PUBLIC    CODE     ---       ?C?SLDIV
      00FF1FE0H   PUBLIC    CODE     ---       ?C?ULDIV
      00FF1FE4H   PUBLIC    CODE     ---       ?C?ULIDIV
      000000EDH   SFRSYM    DATA     BYTE      DMAIR
      00000002H   SYMBOL    NUMBER   ---       DMA_LMUL
      00000006H   SYMBOL    NUMBER   ---       DMA_SLDIV
      00000004H   SYMBOL    NUMBER   ---       DMA_ULDIV

      00FF1FD6H   BLOCK     CODE     NEAR LAB  LVL=0
      00FF1FD6H   LINE      CODE     ---       #23
      00FF1FD9H   LINE      CODE     ---       #24
      00FF1FDAH   LINE      CODE     ---       #33
      00FF1FDCH   LINE      CODE     ---       #34
      00FF1FDFH   LINE      CODE     ---       #35
      00FF1FE0H   LINE      CODE     ---       #44
      00FF1FE3H   LINE      CODE     ---       #45
      00FF1FE4H   LINE      CODE     ---       #54
      00FF1FE6H   LINE      CODE     ---       #55
      00FF1FE9H   LINE      CODE     ---       #56
      00FF1FEAH   LINE      CODE     ---       #65
      00FF1FEDH   LINE      CODE     ---       #66
      ---         BLOCKEND  ---      ---       LVL=0

      ---         MODULE    ---      ---       SPRINTF
      0001015CH   PUBLIC    XDATA    ---       ?SPRINTF?BYTE
      00FF00CEH   PUBLIC    CODE     NEAR LAB  SPRINTF

      ---         MODULE    ---      ---       VSPRINTF
      0001017CH   PUBLIC    XDATA    ---       ?VSPRINTF?BYTE
      00FF00EEH   PUBLIC    CODE     NEAR LAB  VSPRINTF

      ---         MODULE    ---      ---       ?C?PRNFMT
      00FF013DH   PUBLIC    CODE     ---       ?C?PRNFMT

      ---         MODULE    ---      ---       ?C?FPCONVERT
      00FF055AH   PUBLIC    CODE     ---       ?C?FPCONVERT
      00FF0612H   PUBLIC    CODE     ---       ?C?FPROUND

      ---         MODULE    ---      ---       ?C?FPMUL
      00FF0655H   PUBLIC    CODE     ---       ?C?FPMUL

      ---         MODULE    ---      ---       ?C?FPDIV
      00FF06F5H   PUBLIC    CODE     ---       ?C?FPDIV

      ---         MODULE    ---      ---       ?C?FTNPWR
      00FF07A6H   PUBLIC    CODE     ---       ?C?FTNPWR

      ---         MODULE    ---      ---       ?C?FPGETOPN
      00FF07DDH   PUBLIC    CODE     ---       ?C?FPGETOPN2
L251 LINKER/LOCATER V4.66.93.0                                                        05/12/2026  15:25:11  PAGE 18


      00FF081AH   PUBLIC    CODE     ---       ?C?FPNANRESULT
      00FF0822H   PUBLIC    CODE     ---       ?C?FPOVERFLOW
      00FF07F6H   PUBLIC    CODE     ---       ?C?FPRESULT
      00FF080CH   PUBLIC    CODE     ---       ?C?FPRESULT2
      00FF081FH   PUBLIC    CODE     ---       ?C?FPUNDERFLOW

      ---         MODULE    ---      ---       ?C_START
      00FF0000H   PUBLIC    CODE     ---       ?C?STARTUP
      00FF0000H   PUBLIC    CODE     ---       ?C_STARTUP

      ---         MODULE    ---      ---       ?C?INITHDATA
      00FF161DH   PUBLIC    CODE     ---       ?C?INITHDATA

      ---         MODULE    ---      ---       STRLEN
      00FF20AAH   PUBLIC    CODE     ---       strlen?_

      ---         MODULE    ---      ---       memcpy
      00FF1C4DH   PUBLIC    CODE     ---       memcpy?_

      ---         MODULE    ---      ---       ?C?INITHDATA_END
      00FF211DH   PUBLIC    HCONST   WORD      ?C?INITHDATA_END

Program Size: data=8.3 edata+hdata=256 xdata=397 const=53 code=8436
L251 RUN COMPLETE.  0 WARNING(S),  0 ERROR(S)
