L251 LINKER/LOCATER V4.66.93.0                                                          05/03/2026  22:34:02  PAGE 1


L251 LINKER/LOCATER V4.66.93.0, INVOKED BY:
C:\KEIL_V5\C251\BIN\L251.EXE .\Objects\main.obj, .\Objects\port.obj, .\Objects\clock.obj, .\Objects\cre.obj, .\Objects\u
>> sblib.obj, .\Objects\mathlib.obj, .\Sources\lib\ai8051u_32_mdu32.lib, .\Sources\lib\ai8051u_32_tfpu.lib, .\Sources\li
>> b\stc_usb_cdc_32g_xdata.lib TO .\Objects\03-March_Wheel_leg_FOC PRINT (.\Listings\03-March_Wheel_leg_FOC.map) CASE DI
>> SABLEWARNING (16) REMOVEUNUSED, NOOVERLAY CLASSES (EDATA (0X0-0X7FF), HDATA (0X0-0X7FF))


CPU MODE:     251 SOURCE MODE
INTR FRAME:   4 BYTES SAVED ON INTERRUPT
MEMORY MODEL: LARGE WITH FLOATING POINT ARITHMETIC


INPUT MODULES INCLUDED:
  .\Objects\main.obj (main)
         COMMENT TYPE 0: C251 V5.60.0
  .\Objects\port.obj (port)
         COMMENT TYPE 0: C251 V5.60.0
  .\Objects\clock.obj (clock)
         COMMENT TYPE 0: C251 V5.60.0
  .\Objects\cre.obj (cre)
         COMMENT TYPE 0: C251 V5.60.0
  .\Objects\usblib.obj (usblib)
         COMMENT TYPE 0: C251 V5.60.0
  .\Objects\mathlib.obj (mathlib)
         COMMENT TYPE 0: C251 V5.60.0
  .\Sources\lib\stc_usb_cdc_32g_xdata.lib (usb)
         COMMENT TYPE 0: C251 V5.60.0
  .\Sources\lib\stc_usb_cdc_32g_xdata.lib (usb_req_class)
         COMMENT TYPE 0: C251 V5.60.0
  .\Sources\lib\stc_usb_cdc_32g_xdata.lib (usb_req_std)
         COMMENT TYPE 0: C251 V5.60.0
  .\Sources\lib\stc_usb_cdc_32g_xdata.lib (usb_req_vendor)
         COMMENT TYPE 0: C251 V5.60.0
  .\Sources\lib\stc_usb_cdc_32g_xdata.lib (util)
         COMMENT TYPE 0: C251 V5.60.0
  .\Sources\lib\stc_usb_cdc_32g_xdata.lib (usb_desc)
         COMMENT TYPE 0: C251 V5.60.0
  .\Sources\lib\ai8051u_32_mdu32.lib (AI8051U_32_MDU32)
         COMMENT TYPE 0: A251 V4.69.13.0
  C:\KEIL_V5\C251\LIB\C2SFPL.LIB (SPRINTF)
         COMMENT TYPE 0: A251 V4.69.6.0
  C:\KEIL_V5\C251\LIB\C2SFPL.LIB (VSPRINTF)
         COMMENT TYPE 0: A251 V4.69.6.0
  C:\KEIL_V5\C251\LIB\C2SFPL.LIB (?C?PRNFMT)
         COMMENT TYPE 0: A251 V4.69.6.0
  C:\KEIL_V5\C251\LIB\C2SFPL.LIB (?C?FPCONVERT)
         COMMENT TYPE 0: A251 V4.69.6.0
  C:\KEIL_V5\C251\LIB\C2SFPL.LIB (?C?FPMUL)
         COMMENT TYPE 0: A251 V4.69.6.0
  C:\KEIL_V5\C251\LIB\C2SFPL.LIB (?C?FPDIV)
         COMMENT TYPE 0: A251 V4.69.6.0
  C:\KEIL_V5\C251\LIB\C2SFPL.LIB (?C?FTNPWR)
         COMMENT TYPE 0: A251 V4.69.6.0
  C:\KEIL_V5\C251\LIB\C2SFPL.LIB (?C?FPGETOPN)
         COMMENT TYPE 0: A251 V4.69.6.0
  C:\KEIL_V5\C251\LIB\C2SL.LIB (?C_START)
         COMMENT TYPE 0: A251 V4.69.6.0
  C:\KEIL_V5\C251\LIB\C2SL.LIB (?C?INITHDATA)
         COMMENT TYPE 0: A251 V4.69.6.0
  C:\KEIL_V5\C251\LIB\C2SL.LIB (STRLEN)
         COMMENT TYPE 0: C251 V5.58.7
  C:\KEIL_V5\C251\LIB\C2SL.LIB (memcpy)
         COMMENT TYPE 0: C251 V5.58.7
  C:\KEIL_V5\C251\LIB\C2SL.LIB (?C?INITHDATA_END)
         COMMENT TYPE 0: A251 V4.69.6.0

L251 LINKER/LOCATER V4.66.93.0                                                        05/03/2026  22:34:02  PAGE 2



ACTIVE MEMORY CLASSES OF MODULE:  .\Objects\03-March_Wheel_leg_FOC (main)

BASE        START       END         USED      MEMORY CLASS
==========================================================
000000H     000000H     0007FFH     000100H   EDATA
000000H     000000H     0007FFH               HDATA
000000H     FF0000H     FFFFFFH     000033H   HCONST
FF0000H     FF0000H     FFFFFFH     0021C1H   CODE
010000H     010000H     01FFFFH     00018BH   XDATA
000020H.0   000020H.0   00002FH.7   000000H.3 BIT
FF0000H     FF0000H     FFFFFFH     000004H   CONST
000000H     000000H     00007FH     000008H   DATA


MEMORY MAP OF MODULE:  .\Objects\03-March_Wheel_leg_FOC (main)


START     STOP      LENGTH    ALIGN  RELOC    MEMORY CLASS   SEGMENT NAME
=========================================================================
000000H   000007H   000008H   ---    AT..     DATA           "REG BANK 0"
000008H.0 00001FH.7 000018H.0 ---    ---      **GAP**
000020H.0 000020H.2 000000H.3 BIT    UNIT     BIT            ?BI?USB
000020H.3 000020H   000000H.5 ---    ---      **GAP**
000021H   000120H   000100H   BYTE   UNIT     EDATA          ?STACK
000121H   00FFFFH   00FEDFH   ---    ---      **GAP**
010000H   0100DBH   0000DCH   BYTE   INSEG    XDATA          ?XD?USB
0100DCH   010107H   00002CH   BYTE   UNIT     XDATA          ?XD?SEG7_SHOWSTRING?UTIL
010108H   010133H   00002CH   BYTE   UNIT     XDATA          ?XD?PRINTF_USB?UTIL
010134H   01015BH   000028H   BYTE   UNIT     XDATA          ?XT?SPRINTF
01015CH   010163H   000008H   BYTE   UNIT     XDATA          ?XD?REVERSE4?UTIL
010164H   01016AH   000007H   BYTE   UNIT     XDATA          ?XD?USB_SENDDATA?USB
01016BH   010171H   000007H   BYTE   INSEG    XDATA          ?XD?USB_REQ_CLASS
010172H   010176H   000005H   BYTE   UNIT     XDATA          ?XD?LCD12864_SETBUFFER?UTIL
010177H   01017BH   000005H   BYTE   UNIT     XDATA          ?XD?OLED12864_SETBUFFER?UTIL
01017CH   01017FH   000004H   BYTE   UNIT     XDATA          ?XD?REVERSE2?UTIL
010180H   010183H   000004H   BYTE   UNIT     XDATA          ?XD?SEG7_SHOWLONG?UTIL
010184H   010187H   000004H   BYTE   UNIT     XDATA          ?XT?VSPRINTF
010188H   010189H   000002H   BYTE   UNIT     XDATA          ?XD?LCD12864_SHOWSTRING?UTIL
01018AH   01018AH   000001H   BYTE   UNIT     XDATA          ?XD?USB_INIT?USB
01018BH   FEFFFFH   FDFE75H   ---    ---      **GAP**
FF0000H   FF0002H   000003H   ---    OFFS..   CODE           ?CO?start251?4
FF0003H   FF00BDH   0000BBH   BYTE   INSEG    CODE           ?PR?USB_SENDDATA?USB
FF00BEH   FF00CAH   00000DH   BYTE   INSEG    CODE           ?PR?USBLIB_WAITCONFIGED?USBLIB
FF00CBH   FF00CDH   000003H   ---    OFFS..   CODE           ?PR?IV?25
FF00CEH   FF082DH   000760H   BYTE   UNIT     CODE           ?C?LIB_CODE
FF082EH   FF093CH   00010FH   BYTE   INSEG    CODE           ?PR?USB_GET_STATUS?USB_REQ_STD
FF093DH   FF0A3FH   000103H   BYTE   INSEG    CODE           ?PR?CLK_INIT?CLOCK
FF0A40H   FF0B3BH   0000FCH   BYTE   INSEG    CODE           ?PR?USB_OUT_EP1?USB
FF0B3CH   FF0C05H   0000CAH   BYTE   INSEG    CODE           ?PR?USB_GET_DESCRIPTOR?USB_REQ_STD
FF0C06H   FF0CAFH   0000AAH   BYTE   INSEG    CODE           ?PR?USB_INIT?USB
FF0CB0H   FF0D59H   0000AAH   BYTE   INSEG    CODE           ?PR?OLED12864_SETBUFFER?UTIL
FF0D5AH   FF0E03H   0000AAH   BYTE   INSEG    CODE           ?PR?LCD12864_SETBUFFER?UTIL
FF0E04H   FF0EAAH   0000A7H   BYTE   INSEG    CODE           ?PR?USB_SET_CONFIGURATION?USB_REQ_STD
FF0EABH   FF0F4EH   0000A4H   BYTE   INSEG    CODE           ?PR?USB_CLEAR_FEATURE?USB_REQ_STD
FF0F4FH   FF0FE2H   000094H   BYTE   INSEG    CODE           ?PR?USB_SET_FEATURE?USB_REQ_STD
FF0FE3H   FF1074H   000092H   BYTE   INSEG    CODE           ?PR?USB_SETUP?USB
FF1075H   FF10F7H   000083H   BYTE   UNIT     CODE           ?CO?USB_DESC
FF10F8H   FF1177H   000080H   BYTE   INSEG    CODE           ?PR?USB_ISR?USB
FF1178H   FF11F2H   00007BH   BYTE   INSEG    CODE           ?PR?USB_CTRL_IN?USB
FF11F3H   FF125FH   00006DH   BYTE   INSEG    CODE           ?PR?REVERSE4?UTIL
FF1260H   FF12BEH   00005FH   BYTE   INSEG    CODE           ?PR?USB_CTRL_OUT?USB
FF12BFH   FF131CH   00005EH   BYTE   INSEG    CODE           ?PR?USB_GET_CONFIGURATION?USB_REQ_STD
FF131DH   FF1379H   00005DH   BYTE   INSEG    CODE           ?PR?SEG7_SHOWSTRING?UTIL
FF137AH   FF13D5H   00005CH   BYTE   INSEG    CODE           ?PR?USB_REQ_STD?USB_REQ_STD
L251 LINKER/LOCATER V4.66.93.0                                                        05/03/2026  22:34:02  PAGE 3


FF13D6H   FF142CH   000057H   BYTE   INSEG    CODE           ?PR?PORT5_INIT?PORT
FF142DH   FF147DH   000051H   BYTE   INSEG    CODE           ?PR?LCD12864_SHOWPICTURE?UTIL
FF147EH   FF14CBH   00004EH   BYTE   INSEG    CODE           ?PR?USB_SET_ADDRESS?USB_REQ_STD
FF14CCH   FF1516H   00004BH   BYTE   INSEG    CODE           ?PR?LED40_SENDDATA?UTIL
FF1517H   FF1561H   00004BH   BYTE   INSEG    CODE           ?PR?LED64_SENDDATA?UTIL
FF1562H   FF15ACH   00004BH   BYTE   INSEG    CODE           ?PR?SEG7_SHOWLONG?UTIL
FF15ADH   FF15F6H   00004AH   BYTE   INSEG    CODE           ?PR?PORT3_INIT?PORT
FF15F7H   FF1640H   00004AH   BYTE   INSEG    CODE           ?PR?USB_RESET?USB
FF1641H   FF1688H   000048H   BYTE   INSEG    CODE           ?PR?CRE_INIT?CRE
FF1689H   FF16D0H   000048H   BYTE   INSEG    CODE           ?PR?USB_GET_INTERFACE?USB_REQ_STD
FF16D1H   FF16E3H   000013H   BYTE   UNIT     CODE           ?C_C51STARTUP
FF16E4H   FF1714H   000031H   BYTE   UNIT     CODE           ?C_C51STARTUP?2
FF1715H   FF1717H   000003H   BYTE   UNIT     CODE           ?C_C51STARTUP?3
FF1718H   FF175BH   000044H   BYTE   INSEG    CODE           ?PR?LED40_SETPORT?UTIL
FF175CH   FF179FH   000044H   BYTE   INSEG    CODE           ?PR?LED64_SETPORT?UTIL
FF17A0H   FF17E2H   000043H   BYTE   INSEG    CODE           ?PR?LED40_SETBIT?UTIL
FF17E3H   FF1825H   000043H   BYTE   INSEG    CODE           ?PR?LED64_SETBIT?UTIL
FF1826H   FF1867H   000042H   BYTE   INSEG    CODE           ?PR?OLED12864_SHOWPICTURE?UTIL
FF1868H   FF18A8H   000041H   BYTE   INSEG    CODE           ?PR?LCD12864_SHOWSTRING?UTIL
FF18A9H   FF18E9H   000041H   BYTE   INSEG    CODE           ?PR?LED40_CLRBIT?UTIL
FF18EAH   FF192AH   000041H   BYTE   INSEG    CODE           ?PR?LED64_CLRBIT?UTIL
FF192BH   FF1969H   00003FH   BYTE   INSEG    CODE           ?PR?USB_IN_EP1?USB
FF196AH   FF19A8H   00003FH   BYTE   INSEG    CODE           ?PR?PRINTF_USB?UTIL
FF19A9H   FF19E4H   00003CH   BYTE   INSEG    CODE           ?PR?OLED12864_SCROLLRIGHT?UTIL
FF19E5H   FF1A20H   00003CH   BYTE   INSEG    CODE           ?PR?OLED12864_SCROLLUP?UTIL
FF1A21H   FF1A5BH   00003BH   BYTE   INSEG    CODE           ?PR?USB_WRITE_REG?USB
FF1A5CH   FF1A96H   00003BH   BYTE   INSEG    CODE           ?PR?OLED12864_SCROLLLEFT?UTIL
FF1A97H   FF1AD0H   00003AH   BYTE   INSEG    CODE           ?PR?USB_READ_FIFO?_?USB
FF1AD1H   FF1B09H   000039H   BYTE   INSEG    CODE           ?PR?REVERSE2?UTIL
FF1B0AH   FF1B41H   000038H   BYTE   INSEG    CODE           ?PR?USB_READ_REG?USB
FF1B42H   FF1B78H   000037H   BYTE   INSEG    CODE           ?PR?SEG7_SHOWCODE?UTIL
FF1B79H   FF1BADH   000035H   BYTE   INSEG    CODE           ?PR?SEG7_SHOWFLOAT?UTIL
FF1BAEH   FF1BE1H   000034H   BYTE   INSEG    CODE           ?PR?USB_GET_LINE_CODING?USB_REQ_CLASS
FF1BE2H   FF1C15H   000034H   BYTE   INSEG    CODE           ?PR?USB_SET_LINE_CODING?USB_REQ_CLASS
FF1C16H   FF1C46H   000031H   BYTE   INSEG    CODE           ?PR?SYS_INIT?MAIN
FF1C47H   FF1C71H   00002BH   BYTE   INSEG    CODE           ?PR?USB_IN_EP2?USB
FF1C72H   FF1C9BH   00002AH   BYTE   INSEG    CODE           ?PR?USB_SET_INTERFACE?USB_REQ_STD
FF1C9CH   FF1CC4H   000029H   BYTE   INSEG    CODE           ?PR?DELAY_US?MAIN
FF1CC5H   FF1CEDH   000029H   BYTE   INSEG    CODE           ?PR?USB_WRITE_FIFO?_?USB
FF1CEEH   FF1D16H   000029H   BYTE   INSEG    CODE           ?PR?LCD12864_SCROLLUP?UTIL
FF1D17H   FF1D3BH   000025H   BYTE   INSEG    CODE           ?PR?MEMCPY?_?MEMCPY
FF1D3CH   FF1D5EH   000023H   BYTE   INSEG    CODE           ?PR?OLED12864_SETADDRESSMODE?UTIL
FF1D5FH   FF1D81H   000023H   BYTE   INSEG    CODE           ?PR?OLED12864_SETCONTRAST?UTIL
FF1D82H   FF1DA4H   000023H   BYTE   INSEG    CODE           ?PR?LCD12864_REVERSELINE?UTIL
FF1DA5H   FF1DC1H   00001DH   BYTE   INSEG    CODE           ?PR?SLEEP_US?UTIL
FF1DC2H   FF1DDDH   00001CH   BYTE   INSEG    CODE           ?PR?OLED12864_SCROLLSTART?UTIL
FF1DDEH   FF1DF9H   00001CH   BYTE   INSEG    CODE           ?PR?OLED12864_DISPLAYON?UTIL
FF1DFAH   FF1E15H   00001CH   BYTE   INSEG    CODE           ?PR?LCD12864_SCROLLRIGHT?UTIL
FF1E16H   FF1E31H   00001CH   BYTE   INSEG    CODE           ?PR?LCD12864_AUTOWRAPON?UTIL
FF1E32H   FF1E4DH   00001CH   BYTE   INSEG    CODE           ?PR?OLED12864_VERTICALMIRROR?UTIL
FF1E4EH   FF1E69H   00001CH   BYTE   INSEG    CODE           ?PR?LCD12864_CURSORRETURNHOME?UTIL
FF1E6AH   FF1E85H   00001CH   BYTE   INSEG    CODE           ?PR?OLED12864_DISPLAYENTIRE?UTIL
FF1E86H   FF1EA1H   00001CH   BYTE   INSEG    CODE           ?PR?LCD12864_DISPLAYON?UTIL
FF1EA2H   FF1EBDH   00001CH   BYTE   INSEG    CODE           ?PR?LCD12864_CURSORMOVERIGHT?UTIL
FF1EBEH   FF1ED9H   00001CH   BYTE   INSEG    CODE           ?PR?LCD12864_CURSORON?UTIL
FF1EDAH   FF1EF4H   00001BH   BYTE   INSEG    CODE           ?PR?USB_REQ_CLASS?USB_REQ_CLASS
FF1EF5H   FF1F0FH   00001BH   BYTE   INSEG    CODE           ?PR?OLED12864_DISPLAYOFF?UTIL
FF1F10H   FF1F2AH   00001BH   BYTE   INSEG    CODE           ?PR?LCD12864_AUTOWRAPOFF?UTIL
FF1F2BH   FF1F45H   00001BH   BYTE   INSEG    CODE           ?PR?OLED12864_SCROLLSTOP?UTIL
FF1F46H   FF1F60H   00001BH   BYTE   INSEG    CODE           ?PR?LCD12864_DISPLAYOFF?UTIL
FF1F61H   FF1F7BH   00001BH   BYTE   INSEG    CODE           ?PR?LCD12864_SCROLLLEFT?UTIL
FF1F7CH   FF1F96H   00001BH   BYTE   INSEG    CODE           ?PR?OLED12864_HORIZONTALMIRROR?UTIL
FF1F97H   FF1FB1H   00001BH   BYTE   INSEG    CODE           ?PR?OLED12864_DISPLAYCONTENT?UTIL
FF1FB2H   FF1FCCH   00001BH   BYTE   INSEG    CODE           ?PR?LCD12864_CURSOROFF?UTIL
FF1FCDH   FF1FE7H   00001BH   BYTE   INSEG    CODE           ?PR?LCD12864_CURSORMOVELEFT?UTIL
L251 LINKER/LOCATER V4.66.93.0                                                        05/03/2026  22:34:02  PAGE 4


FF1FE8H   FF2000H   000019H   BYTE   INSEG    CODE           ?PR?USB_BULK_INTR_OUT?USB
FF2001H   FF2019H   000019H   BYTE   INSEG    CODE           ?PR?OLED12864_SETHEADER?UTIL
FF201AH   FF2032H   000019H   BYTE   INSEG    CODE           ?PR?LCD12864_SETHEADER?UTIL
FF2033H   FF204BH   000019H   BYTE   INSEG    CODE           ?PR?SEG7_SETHEADER?UTIL
FF204CH   FF2063H   000018H   BYTE   INSEG    CODE           ?PR?USBLIB_OUT_DONE?USBLIB
FF2064H   FF207BH   000018H   BYTE   INSEG    CODE           ?PR?USB_OUT_DONE?USB
FF207CH   FF2093H   000018H   BYTE   INSEG    CODE           ?PR?SLEEP_MS?UTIL
FF2094H   FF20ABH   000018H   BYTE   UNIT     CODE           ?PR?AI8051U_32_MDU32
FF20ACH   FF20C2H   000017H   BYTE   INSEG    CODE           ?PR?DELAY_MS?MAIN
FF20C3H   FF20D8H   000016H   BYTE   INSEG    CODE           ?PR?USB_SET_CTRL_LINE_STATE?USB_REQ_CLASS
FF20D9H   FF20EEH   000016H   BYTE   INSEG    CODE           ?PR?LCD12864_DISPLAYCLEAR?UTIL
FF20EFH   FF2104H   000016H   BYTE   INSEG    CODE           ?PR?OLED12864_DISPLAYREVERSE?UTIL
FF2105H   FF2119H   000015H   BYTE   INSEG    CODE           ?PR?USB_BULK_INTR_IN?USB
FF211AH   FF212DH   000014H   BYTE   INSEG    CODE           ?PR?USBLIB_INIT?USBLIB
FF212EH   FF213EH   000011H   BYTE   INSEG    CODE           ?PR?USB_SETUP_IN?USB
FF213FH   FF214EH   000010H   BYTE   INSEG    CODE           ?PR?MAIN?MAIN
FF214FH   FF215CH   00000EH   BYTE   INSEG    CODE           ?PR?USB_SETUP_OUT?USB
FF215DH   FF216AH   00000EH   BYTE   INSEG    CODE           ?PR?USB_SETUP_STALL?USB
FF216BH   FF2178H   00000EH   BYTE   INSEG    CODE           ?PR?STRLEN?_?STRLEN
FF2179H   FF2185H   00000DH   BYTE   INSEG    CODE           ?PR?USB_SETUP_STATUS?USB
FF2186H   FF2190H   00000BH   BYTE   INSEG    CODE           ?PR?USB_IN?USB
FF2191H   FF219BH   00000BH   BYTE   INSEG    CODE           ?PR?SET_USB_ISPCMD?USB
FF219CH   FF21A3H   000008H   BYTE   INSEG    CODE           ?PR?_M?MAIN
FF21A4H   FF21AAH   000007H   BYTE   INSEG    CODE           ?PR?SET_USB_IN_CALLBACK?USB
FF21ABH   FF21B1H   000007H   BYTE   INSEG    CODE           ?PR?SET_USB_OUT_CALLBACK?USB
FF21B2H   FF21B5H   000004H   BYTE   INSEG    CODE           ?PR?MATHLIB_INIT?MATHLIB
FF21B6H   FF21B8H   000003H   BYTE   INSEG    CODE           ?PR?USB_SET_DESCRIPTOR?USB_REQ_STD
FF21B9H   FF21BBH   000003H   BYTE   INSEG    CODE           ?PR?USB_SYNCH_FRAME?USB_REQ_STD
FF21BCH   FF21BEH   000003H   BYTE   INSEG    CODE           ?PR?USB_REQ_VENDOR?USB_REQ_VENDOR
FF21BFH   FF21BFH   000001H   BYTE   INSEG    CODE           ?PR?USB_SUSPEND?USB
FF21C0H   FF21C0H   000001H   BYTE   INSEG    CODE           ?PR?USB_RESUME?USB
FF21C1H   FF21C4H   000004H   BYTE   UNIT     CONST          ?CO?PRINTF
FF21C5H   FF21E3H   00001FH   BYTE   UNIT     HCONST         ?C_INITHDATA
FF21E4H   FF21ECH   000009H   BYTE   UNIT     HCONST         ?HC?USBLIB
FF21EDH   FF21F5H   000009H   BYTE   UNIT     HCONST         ?HC?USB
FF21F6H   FF21F7H   000002H   BYTE   UNIT     HCONST         ?HC?MAIN



PUBLIC SYMBOLS OF MODULE:  .\Objects\03-March_Wheel_leg_FOC (main)


      VALUE       CLASS    TYPE      PUBLIC SYMBOL NAME
      =================================================
      000000FFH   NUMBER   ---       ?C?CODESEG
      00FF055AH   CODE     ---       ?C?FPCONVERT
      00FF06F5H   CODE     ---       ?C?FPDIV
      00FF07DDH   CODE     ---       ?C?FPGETOPN2
      00FF0655H   CODE     ---       ?C?FPMUL
      00FF081AH   CODE     ---       ?C?FPNANRESULT
      00FF0822H   CODE     ---       ?C?FPOVERFLOW
      00FF07F6H   CODE     ---       ?C?FPRESULT
      00FF080CH   CODE     ---       ?C?FPRESULT2
      00FF0612H   CODE     ---       ?C?FPROUND
      00FF081FH   CODE     ---       ?C?FPUNDERFLOW
      00FF07A6H   CODE     ---       ?C?FTNPWR
      00FF16E4H   CODE     ---       ?C?INITHDATA
      00FF21E2H   HCONST   WORD      ?C?INITHDATA_END
      00FF2098H   CODE     ---       ?C?LIMUL
      00FF2094H   CODE     ---       ?C?LMUL
      00FF013DH   CODE     ---       ?C?PRNFMT
      00FF20A8H   CODE     ---       ?C?SLDIV
      00FF0000H   CODE     ---       ?C?STARTUP
      00FF209EH   CODE     ---       ?C?ULDIV
      00FF20A2H   CODE     ---       ?C?ULIDIV
L251 LINKER/LOCATER V4.66.93.0                                                        05/03/2026  22:34:02  PAGE 5


      00000001H   NUMBER   ---       ?C?XDATASEG
      00FF0000H   CODE     ---       ?C_STARTUP
      00010130H   XDATA    BYTE      ?printf_usb?BYTE
      00010104H   XDATA    BYTE      ?SEG7_ShowString?BYTE
      0001015CH   XDATA    ---       ?sprintf?BYTE
      0001017CH   XDATA    ---       ?vsprintf?BYTE
      00FF219CH   CODE     ---       _m
*SFR* 000000E0H   DATA     BYTE      ACC
*SFR* 000000BCH   DATA     BYTE      ADC_CONTR
*SFR* 000000DEH   DATA     BYTE      ADCCFG
*SFR* 000000EFH   DATA     BYTE      AUXINTIF
*SFR* 0000008EH   DATA     BYTE      AUXR
*SFR* 00000097H   DATA     BYTE      AUXR2
*SFR* 000000F0H   DATA     BYTE      B
      00000020H.1 BIT      BIT       bUsbFeatureReady
      00000020H.2 BIT      BIT       bUsbInBusy
      00000020H.0 BIT      BIT       bUsbOutReady
*SFR* 000000F1H   DATA     BYTE      CANICR
*SFR* 000000EAH   DATA     BYTE      CKCON
      00FF093DH   CODE     ---       CLK_Init
*SFR* 000000E6H   DATA     BYTE      CMPCR1
*SFR* 000000E7H   DATA     BYTE      CMPCR2
      00FF10A9H   CODE     ---       CONFIGDESC
      00FF1641H   CODE     ---       CRE_Init
      00FF20ACH   CODE     ---       delay_ms
      00FF1C9CH   CODE     ---       delay_us
      00FF1097H   CODE     ---       DEVICEDESC
      00010092H   XDATA    BYTE      DeviceState
*SFR* 000000EDH   DATA     BYTE      DMAIR
*SFR* 000000A8H.7 DATA     BIT       EA
      000100D3H   XDATA    ---       Ep0State
*SFR* 000000AFH.7 DATA     BIT       EUSB
*SFR* 000000C7H   DATA     BYTE      IAP_CONTR
*SFR* 000000F5H   DATA     BYTE      IAP_TPS
*SFR* 000000A8H   DATA     BYTE      IE
*SFR* 000000AFH   DATA     BYTE      IE2
      000100DAH   XDATA    BYTE      InEpState
*SFR* 0000008FH   DATA     BYTE      INTCLKO
*SFR* 000000B8H   DATA     BYTE      IP
*SFR* 000000B5H   DATA     BYTE      IP2
*SFR* 000000B6H   DATA     BYTE      IP2H
*SFR* 000000DFH   DATA     BYTE      IP3
*SFR* 000000EEH   DATA     BYTE      IP3H
*SFR* 000000B7H   DATA     BYTE      IPH
*SFR* 0000009DH   DATA     BYTE      IRCBAND
*SFR* 0000009FH   DATA     BYTE      IRTRIM
      00FF1093H   CODE     ---       LANGIDDESC
      00FF1F10H   CODE     ---       LCD12864_AutoWrapOff
      00FF1E16H   CODE     ---       LCD12864_AutoWrapOn
      00FF1FCDH   CODE     ---       LCD12864_CursorMoveLeft
      00FF1EA2H   CODE     ---       LCD12864_CursorMoveRight
      00FF1FB2H   CODE     ---       LCD12864_CursorOff
      00FF1EBEH   CODE     ---       LCD12864_CursorOn
      00FF1E4EH   CODE     ---       LCD12864_CursorReturnHome
      00FF20D9H   CODE     ---       LCD12864_DisplayClear
      00FF1F46H   CODE     ---       LCD12864_DisplayOff
      00FF1E86H   CODE     ---       LCD12864_DisplayOn
      00FF1D82H   CODE     ---       LCD12864_ReverseLine
      00FF1F61H   CODE     ---       LCD12864_ScrollLeft
      00FF1DFAH   CODE     ---       LCD12864_ScrollRight
      00FF1CEEH   CODE     ---       LCD12864_ScrollUp
      00FF142DH   CODE     ---       LCD12864_ShowPicture
      00FF1868H   CODE     ---       LCD12864_ShowString
      00FF18A9H   CODE     ---       LED40_ClrBit
      00FF14CCH   CODE     ---       LED40_SendData
L251 LINKER/LOCATER V4.66.93.0                                                        05/03/2026  22:34:02  PAGE 6


      00FF17A0H   CODE     ---       LED40_SetBit
      00FF1718H   CODE     ---       LED40_SetPort
      00FF18EAH   CODE     ---       LED64_ClrBit
      00FF1517H   CODE     ---       LED64_SendData
      00FF17E3H   CODE     ---       LED64_SetBit
      00FF175CH   CODE     ---       LED64_SetPort
      0001016BH   XDATA    ---       LineCoding
*SFR* 000000F9H   DATA     BYTE      LINICR
      00FF213FH   CODE     ---       main
      00FF10F0H   CODE     ---       MANUFACTDESC
      00FF21B2H   CODE     ---       MATHLIB_Init
      00FF1D17H   CODE     ---       memcpy?_
      00FF1F97H   CODE     ---       OLED12864_DisplayContent
      00FF1E6AH   CODE     ---       OLED12864_DisplayEntire
      00FF1EF5H   CODE     ---       OLED12864_DisplayOff
      00FF1DDEH   CODE     ---       OLED12864_DisplayOn
      00FF20EFH   CODE     ---       OLED12864_DisplayReverse
      00FF1F7CH   CODE     ---       OLED12864_HorizontalMirror
      00FF1A5CH   CODE     ---       OLED12864_ScrollLeft
      00FF19A9H   CODE     ---       OLED12864_ScrollRight
      00FF1DC2H   CODE     ---       OLED12864_ScrollStart
      00FF1F2BH   CODE     ---       OLED12864_ScrollStop
      00FF19E5H   CODE     ---       OLED12864_ScrollUp
      00FF1D3CH   CODE     ---       OLED12864_SetAddressMode
      00FF1D5FH   CODE     ---       OLED12864_SetContrast
      00FF1826H   CODE     ---       OLED12864_ShowPicture
      00FF1E32H   CODE     ---       OLED12864_VerticalMirror
      000100DBH   XDATA    BYTE      OutEpState
      00010008H   XDATA    BYTE      OutNumber
*SFR* 00000080H   DATA     BYTE      P0
*SFR* 00000090H   DATA     BYTE      P1
*SFR* 000000A0H   DATA     BYTE      P2
*SFR* 000000B0H   DATA     BYTE      P3
*SFR* 000000B2H   DATA     BYTE      P3M0
*SFR* 000000B1H   DATA     BYTE      P3M1
*SFR* 000000C0H   DATA     BYTE      P4
*SFR* 000000C8H   DATA     BYTE      P5
*SFR* 000000CAH   DATA     BYTE      P5M0
*SFR* 000000C9H   DATA     BYTE      P5M1
*SFR* 000000E8H   DATA     BYTE      P6
*SFR* 000000F8H   DATA     BYTE      P7
*SFR* 000000A2H   DATA     BYTE      P_SW1
*SFR* 000000BAH   DATA     BYTE      P_SW2
*SFR* 000000BBH   DATA     BYTE      P_SW3
*SFR* 000000BFH   DATA     BYTE      P_SW4
      00FF10ECH   CODE     ---       PACKET0
      00FF10EEH   CODE     ---       PACKET1
*SFR* 00000087H   DATA     BYTE      PCON
      00FF15ADH   CODE     ---       PORT3_Init
      00FF13D6H   CODE     ---       PORT5_Init
      00FF196AH   CODE     ---       printf_usb
      00FF1075H   CODE     ---       PRODUCTDESC
*SFR* 000000D0H   DATA     BYTE      PSW
*SFR* 000000D1H   DATA     BYTE      PSW1
      00FF1AD1H   CODE     ---       reverse2
      00FF11F3H   CODE     ---       reverse4
*SFR* 000000FFH   DATA     BYTE      RSTCFG
*SFR* 0000009AH   DATA     BYTE      S2CON
*SFR* 000000ACH   DATA     BYTE      S3CON
*SFR* 000000FDH   DATA     BYTE      S4CON
*SFR* 00000098H   DATA     BYTE      SCON
      00FF1B42H   CODE     ---       SEG7_ShowCode
      00FF1B79H   CODE     ---       SEG7_ShowFloat
      00FF1562H   CODE     ---       SEG7_ShowLong
      00FF131DH   CODE     ---       SEG7_ShowString
L251 LINKER/LOCATER V4.66.93.0                                                        05/03/2026  22:34:02  PAGE 7


      00FF21A4H   CODE     ---       set_usb_IN_callback
      00FF2191H   CODE     ---       set_usb_ispcmd
      00FF21ABH   CODE     ---       set_usb_OUT_callback
      00010000H   XDATA    ---       Setup
      00FF207CH   CODE     ---       sleep_ms
      00FF1DA5H   CODE     ---       sleep_us
*SFR* 000000CEH   DATA     BYTE      SPCTL
      00FF00CEH   CODE     NEAR LAB  sprintf
*SFR* 000000CDH   DATA     BYTE      SPSTAT
      00FF216BH   CODE     ---       strlen?_
      00FF1C16H   CODE     ---       SYS_Init
*SFR* 000000DDH   DATA     BYTE      T4T3M
*SFR* 00000088H   DATA     BYTE      TCON
*SFR* 00000089H   DATA     BYTE      TMOD
      00FF2105H   CODE     ---       usb_bulk_intr_in
      00FF1FE8H   CODE     ---       usb_bulk_intr_out
      00FF0EABH   CODE     ---       usb_clear_feature
      00FF1178H   CODE     ---       usb_ctrl_in
      00FF1260H   CODE     ---       usb_ctrl_out
      00FF12BFH   CODE     ---       usb_get_configuration
      00FF0B3CH   CODE     ---       usb_get_descriptor
      00FF1689H   CODE     ---       usb_get_interface
      00FF1BAEH   CODE     ---       usb_get_line_coding
      00FF082EH   CODE     ---       usb_get_status
      00FF2186H   CODE     ---       usb_IN
      00010090H   XDATA    ---       usb_IN_callback
      00FF192BH   CODE     ---       usb_in_ep1
      00FF1C47H   CODE     ---       usb_in_ep2
      00FF0C06H   CODE     ---       usb_init
      00FF10F8H   CODE     ---       usb_isr
      0001000AH   XDATA    ---       usb_OUT_callback
      00FF2064H   CODE     ---       usb_OUT_done
      00FF0A40H   CODE     ---       usb_out_ep1
      00FF1A97H   CODE     ---       usb_read_fifo?_
      00FF1B0AH   CODE     ---       usb_read_reg
      00FF1EDAH   CODE     ---       usb_req_class
      00FF137AH   CODE     ---       usb_req_std
      00FF21BCH   CODE     ---       usb_req_vendor
      00FF15F7H   CODE     ---       usb_reset
      00FF21C0H   CODE     ---       usb_resume
      00FF0003H   CODE     ---       USB_SendData
      00FF147EH   CODE     ---       usb_set_address
      00FF0E04H   CODE     ---       usb_set_configuration
      00FF20C3H   CODE     ---       usb_set_ctrl_line_state
      00FF21B6H   CODE     ---       usb_set_descriptor
      00FF0F4FH   CODE     ---       usb_set_feature
      00FF1C72H   CODE     ---       usb_set_interface
      00FF1BE2H   CODE     ---       usb_set_line_coding
      00FF0FE3H   CODE     ---       usb_setup
      00FF212EH   CODE     ---       usb_setup_in
      00FF214FH   CODE     ---       usb_setup_out
      00FF215DH   CODE     ---       usb_setup_stall
      00FF2179H   CODE     ---       usb_setup_status
      00FF21BFH   CODE     ---       usb_suspend
      00FF21B9H   CODE     ---       usb_synch_frame
      00FF1CC5H   CODE     ---       usb_write_fifo?_
      00FF1A21H   CODE     ---       usb_write_reg
*SFR* 000000FCH   DATA     BYTE      USBADR
*SFR* 000000DCH   DATA     BYTE      USBCLK
*SFR* 000000F4H   DATA     BYTE      USBCON
*SFR* 000000ECH   DATA     BYTE      USBDAT
      00010093H   XDATA    ---       UsbFeatureBuffer
      0001000CH   XDATA    ---       UsbInBuffer
      00FF211AH   CODE     ---       USBLIB_Init
      00FF204CH   CODE     ---       USBLIB_OUT_Done
L251 LINKER/LOCATER V4.66.93.0                                                        05/03/2026  22:34:02  PAGE 8


      00FF00BEH   CODE     ---       USBLIB_WaitConfiged
      0001004CH   XDATA    ---       UsbOutBuffer
      0001008CH   XDATA    ---       USER_STCISPCMD
*SFR* 000000A6H   DATA     BYTE      VRTRIM
      00FF00EEH   CODE     NEAR LAB  vsprintf
*SFR* 000000C1H   DATA     BYTE      WDT_CONTR
*SFR* 000000E9H   DATA     BYTE      WTST



SYMBOL TABLE OF MODULE:  .\Objects\03-March_Wheel_leg_FOC (main)

      VALUE       REP       CLASS    TYPE      SYMBOL NAME
      ====================================================
      ---         MODULE    ---      ---       main
      00FF213FH   PUBLIC    CODE     ---       main
      00FF219CH   PUBLIC    CODE     ---       _m
      00FF20ACH   PUBLIC    CODE     ---       delay_ms
      00FF1C9CH   PUBLIC    CODE     ---       delay_us
      00FF1C16H   PUBLIC    CODE     ---       SYS_Init
      000000D0H   SFRSYM    DATA     BYTE      PSW
      0000009DH   SFRSYM    DATA     BYTE      IRCBAND
      00000097H   SFRSYM    DATA     BYTE      AUXR2
      000000EAH   SFRSYM    DATA     BYTE      CKCON
      000000EFH   SFRSYM    DATA     BYTE      AUXINTIF
      000000FDH   SFRSYM    DATA     BYTE      S4CON
      000000ACH   SFRSYM    DATA     BYTE      S3CON
      0000009AH   SFRSYM    DATA     BYTE      S2CON
      000000B7H   SFRSYM    DATA     BYTE      IPH
      000000CDH   SFRSYM    DATA     BYTE      SPSTAT
      000000DDH   SFRSYM    DATA     BYTE      T4T3M
      000000C1H   SFRSYM    DATA     BYTE      WDT_CONTR
      000000E9H   SFRSYM    DATA     BYTE      WTST
      000000DFH   SFRSYM    DATA     BYTE      IP3
      000000F4H   SFRSYM    DATA     BYTE      USBCON
      000000B5H   SFRSYM    DATA     BYTE      IP2
      000000FFH   SFRSYM    DATA     BYTE      RSTCFG
      000000E0H   SFRSYM    DATA     BYTE      ACC
      000000C7H   SFRSYM    DATA     BYTE      IAP_CONTR
      0000008EH   SFRSYM    DATA     BYTE      AUXR
      000000F0H   SFRSYM    DATA     BYTE      B
      000000AFH   SFRSYM    DATA     BYTE      IE2
      00000088H   SFRSYM    DATA     BYTE      TCON
      00000089H   SFRSYM    DATA     BYTE      TMOD
      00000098H   SFRSYM    DATA     BYTE      SCON
      000000F5H   SFRSYM    DATA     BYTE      IAP_TPS
      00000087H   SFRSYM    DATA     BYTE      PCON
      000000BCH   SFRSYM    DATA     BYTE      ADC_CONTR
      000000D1H   SFRSYM    DATA     BYTE      PSW1
      000000E7H   SFRSYM    DATA     BYTE      CMPCR2
      000000E6H   SFRSYM    DATA     BYTE      CMPCR1
      000000DEH   SFRSYM    DATA     BYTE      ADCCFG
      000000B8H   SFRSYM    DATA     BYTE      IP
      0000008FH   SFRSYM    DATA     BYTE      INTCLKO
      000000EEH   SFRSYM    DATA     BYTE      IP3H
      000000B6H   SFRSYM    DATA     BYTE      IP2H
      000000BFH   SFRSYM    DATA     BYTE      P_SW4
      000000A8H   SFRSYM    DATA     BYTE      IE
      000000BBH   SFRSYM    DATA     BYTE      P_SW3
      000000BAH   SFRSYM    DATA     BYTE      P_SW2
      000000A2H   SFRSYM    DATA     BYTE      P_SW1
      000000CEH   SFRSYM    DATA     BYTE      SPCTL
      000000F8H   SFRSYM    DATA     BYTE      P7
      000000A8H.7 SFRSYM    DATA     BIT       EA
      000000E8H   SFRSYM    DATA     BYTE      P6
L251 LINKER/LOCATER V4.66.93.0                                                        05/03/2026  22:34:02  PAGE 9


      000000C8H   SFRSYM    DATA     BYTE      P5
      000000C0H   SFRSYM    DATA     BYTE      P4
      000000B0H   SFRSYM    DATA     BYTE      P3
      000000A0H   SFRSYM    DATA     BYTE      P2
      00000090H   SFRSYM    DATA     BYTE      P1
      00000080H   SFRSYM    DATA     BYTE      P0

      00FF213FH   BLOCK     CODE     ---       LVL=0
      00FF213FH   LINE      CODE     ---       #32
      ---         BLOCKEND  ---      ---       LVL=0

      00FF219CH   BLOCK     CODE     ---       LVL=0
      00FF219CH   LINE      CODE     ---       #32
      00FF219CH   LINE      CODE     ---       #38
      00FF219FH   LINE      CODE     ---       #44
      00FF219FH   LINE      CODE     ---       #46
      00FF21A2H   LINE      CODE     ---       #51
      ---         BLOCKEND  ---      ---       LVL=0

      00FF1C16H   BLOCK     CODE     ---       LVL=0
      00FF1C16H   LINE      CODE     ---       #59
      00FF1C16H   LINE      CODE     ---       #61
      00FF1C19H   LINE      CODE     ---       #62
      00FF1C1CH   LINE      CODE     ---       #63
      00FF1C1FH   LINE      CODE     ---       #64
      00FF1C22H   LINE      CODE     ---       #70
      00FF1C25H   LINE      CODE     ---       #71
      00FF1C28H   LINE      CODE     ---       #72
      00FF1C2BH   LINE      CODE     ---       #73
      00FF1C2EH   LINE      CODE     ---       #74
      00FF1C35H   LINE      CODE     ---       #75
      00FF1C38H   LINE      CODE     ---       #76
      00FF1C3FH   LINE      CODE     ---       #77
      00FF1C42H   LINE      CODE     ---       #83
      00FF1C44H   LINE      CODE     ---       #84
      ---         BLOCKEND  ---      ---       LVL=0

      00FF1C9CH   BLOCK     CODE     ---       LVL=0
      WR4         REGSYM    ---      WORD      us
      00FF1C9CH   LINE      CODE     ---       #92
      00FF1C9EH   LINE      CODE     ---       #94
      00FF1C9EH   LINE      CODE     ---       #96
      00FF1CBCH   LINE      CODE     ---       #97
      00FF1CC4H   LINE      CODE     ---       #98
      ---         BLOCKEND  ---      ---       LVL=0

      00FF20ACH   BLOCK     CODE     ---       LVL=0
      WR4         REGSYM    ---      WORD      ms
      00FF20AEH   BLOCK     CODE     NEAR LAB  LVL=1
      WR6         REGSYM    ---      WORD      i
      ---         BLOCKEND  ---      ---       LVL=1
      00FF20ACH   LINE      CODE     ---       #106
      00FF20AEH   LINE      CODE     ---       #107
      00FF20AEH   LINE      CODE     ---       #110
      00FF20AEH   LINE      CODE     ---       #112
      00FF20B2H   LINE      CODE     ---       #113
      00FF20BAH   LINE      CODE     ---       #114
      00FF20C2H   LINE      CODE     ---       #115
      ---         BLOCKEND  ---      ---       LVL=0

      ---         MODULE    ---      ---       port
      00FF15ADH   PUBLIC    CODE     ---       PORT3_Init
      00FF13D6H   PUBLIC    CODE     ---       PORT5_Init
      000000D0H   SFRSYM    DATA     BYTE      PSW
      0000009DH   SFRSYM    DATA     BYTE      IRCBAND
L251 LINKER/LOCATER V4.66.93.0                                                        05/03/2026  22:34:02  PAGE 10


      00000097H   SFRSYM    DATA     BYTE      AUXR2
      000000EFH   SFRSYM    DATA     BYTE      AUXINTIF
      000000FDH   SFRSYM    DATA     BYTE      S4CON
      000000ACH   SFRSYM    DATA     BYTE      S3CON
      0000009AH   SFRSYM    DATA     BYTE      S2CON
      000000B7H   SFRSYM    DATA     BYTE      IPH
      000000CDH   SFRSYM    DATA     BYTE      SPSTAT
      000000DDH   SFRSYM    DATA     BYTE      T4T3M
      000000C1H   SFRSYM    DATA     BYTE      WDT_CONTR
      000000DFH   SFRSYM    DATA     BYTE      IP3
      000000F4H   SFRSYM    DATA     BYTE      USBCON
      000000B5H   SFRSYM    DATA     BYTE      IP2
      000000FFH   SFRSYM    DATA     BYTE      RSTCFG
      000000E0H   SFRSYM    DATA     BYTE      ACC
      000000C7H   SFRSYM    DATA     BYTE      IAP_CONTR
      0000008EH   SFRSYM    DATA     BYTE      AUXR
      000000F0H   SFRSYM    DATA     BYTE      B
      000000AFH   SFRSYM    DATA     BYTE      IE2
      00000088H   SFRSYM    DATA     BYTE      TCON
      00000089H   SFRSYM    DATA     BYTE      TMOD
      00000098H   SFRSYM    DATA     BYTE      SCON
      00000087H   SFRSYM    DATA     BYTE      PCON
      000000BCH   SFRSYM    DATA     BYTE      ADC_CONTR
      000000D1H   SFRSYM    DATA     BYTE      PSW1
      000000E7H   SFRSYM    DATA     BYTE      CMPCR2
      000000E6H   SFRSYM    DATA     BYTE      CMPCR1
      000000DEH   SFRSYM    DATA     BYTE      ADCCFG
      000000B8H   SFRSYM    DATA     BYTE      IP
      0000008FH   SFRSYM    DATA     BYTE      INTCLKO
      000000EEH   SFRSYM    DATA     BYTE      IP3H
      000000B6H   SFRSYM    DATA     BYTE      IP2H
      000000BFH   SFRSYM    DATA     BYTE      P_SW4
      000000A8H   SFRSYM    DATA     BYTE      IE
      000000BBH   SFRSYM    DATA     BYTE      P_SW3
      000000BAH   SFRSYM    DATA     BYTE      P_SW2
      000000A2H   SFRSYM    DATA     BYTE      P_SW1
      000000CEH   SFRSYM    DATA     BYTE      SPCTL
      000000F8H   SFRSYM    DATA     BYTE      P7
      000000E8H   SFRSYM    DATA     BYTE      P6
      000000C8H   SFRSYM    DATA     BYTE      P5
      000000C0H   SFRSYM    DATA     BYTE      P4
      000000C9H   SFRSYM    DATA     BYTE      P5M1
      000000B0H   SFRSYM    DATA     BYTE      P3
      000000CAH   SFRSYM    DATA     BYTE      P5M0
      000000A0H   SFRSYM    DATA     BYTE      P2
      000000B1H   SFRSYM    DATA     BYTE      P3M1
      00000090H   SFRSYM    DATA     BYTE      P1
      000000B2H   SFRSYM    DATA     BYTE      P3M0
      00000080H   SFRSYM    DATA     BYTE      P0

      00FF15ADH   BLOCK     CODE     ---       LVL=0
      00FF15ADH   LINE      CODE     ---       #32
      00FF15ADH   LINE      CODE     ---       #34
      00FF15B0H   LINE      CODE     ---       #35
      00FF15B6H   LINE      CODE     ---       #36
      00FF15BCH   LINE      CODE     ---       #37
      00FF15C9H   LINE      CODE     ---       #39
      00FF15D1H   LINE      CODE     ---       #40
      00FF15D8H   LINE      CODE     ---       #41
      00FF15DFH   LINE      CODE     ---       #42
      00FF15E8H   LINE      CODE     ---       #43
      00FF15EFH   LINE      CODE     ---       #44
      00FF15F6H   LINE      CODE     ---       #49
      ---         BLOCKEND  ---      ---       LVL=0

L251 LINKER/LOCATER V4.66.93.0                                                        05/03/2026  22:34:02  PAGE 11


      00FF13D6H   BLOCK     CODE     ---       LVL=0
      00FF13D6H   LINE      CODE     ---       #56
      00FF13D6H   LINE      CODE     ---       #58
      00FF13D9H   LINE      CODE     ---       #59
      00FF13DFH   LINE      CODE     ---       #60
      00FF13E5H   LINE      CODE     ---       #61
      00FF13F2H   LINE      CODE     ---       #63
      00FF13FAH   LINE      CODE     ---       #64
      00FF1401H   LINE      CODE     ---       #65
      00FF1408H   LINE      CODE     ---       #66
      00FF1411H   LINE      CODE     ---       #67
      00FF1418H   LINE      CODE     ---       #68
      00FF1424H   LINE      CODE     ---       #69
      00FF142CH   LINE      CODE     ---       #74
      ---         BLOCKEND  ---      ---       LVL=0

      ---         MODULE    ---      ---       clock
      00FF093DH   PUBLIC    CODE     ---       CLK_Init
      000000D0H   SFRSYM    DATA     BYTE      PSW
      0000009DH   SFRSYM    DATA     BYTE      IRCBAND
      00000097H   SFRSYM    DATA     BYTE      AUXR2
      000000EFH   SFRSYM    DATA     BYTE      AUXINTIF
      000000FDH   SFRSYM    DATA     BYTE      S4CON
      000000ACH   SFRSYM    DATA     BYTE      S3CON
      0000009AH   SFRSYM    DATA     BYTE      S2CON
      000000A6H   SFRSYM    DATA     BYTE      VRTRIM
      000000B7H   SFRSYM    DATA     BYTE      IPH
      000000CDH   SFRSYM    DATA     BYTE      SPSTAT
      000000DDH   SFRSYM    DATA     BYTE      T4T3M
      0000009FH   SFRSYM    DATA     BYTE      IRTRIM
      000000C1H   SFRSYM    DATA     BYTE      WDT_CONTR
      000000DFH   SFRSYM    DATA     BYTE      IP3
      000000F4H   SFRSYM    DATA     BYTE      USBCON
      000000B5H   SFRSYM    DATA     BYTE      IP2
      000000FFH   SFRSYM    DATA     BYTE      RSTCFG
      000000E0H   SFRSYM    DATA     BYTE      ACC
      000000DCH   SFRSYM    DATA     BYTE      USBCLK
      000000C7H   SFRSYM    DATA     BYTE      IAP_CONTR
      0000008EH   SFRSYM    DATA     BYTE      AUXR
      000000F0H   SFRSYM    DATA     BYTE      B
      000000AFH   SFRSYM    DATA     BYTE      IE2
      00000088H   SFRSYM    DATA     BYTE      TCON
      00000089H   SFRSYM    DATA     BYTE      TMOD
      00000098H   SFRSYM    DATA     BYTE      SCON
      00000087H   SFRSYM    DATA     BYTE      PCON
      000000BCH   SFRSYM    DATA     BYTE      ADC_CONTR
      000000D1H   SFRSYM    DATA     BYTE      PSW1
      000000E7H   SFRSYM    DATA     BYTE      CMPCR2
      000000E6H   SFRSYM    DATA     BYTE      CMPCR1
      000000DEH   SFRSYM    DATA     BYTE      ADCCFG
      000000B8H   SFRSYM    DATA     BYTE      IP
      0000008FH   SFRSYM    DATA     BYTE      INTCLKO
      000000EEH   SFRSYM    DATA     BYTE      IP3H
      000000B6H   SFRSYM    DATA     BYTE      IP2H
      000000BFH   SFRSYM    DATA     BYTE      P_SW4
      000000A8H   SFRSYM    DATA     BYTE      IE
      000000BBH   SFRSYM    DATA     BYTE      P_SW3
      000000BAH   SFRSYM    DATA     BYTE      P_SW2
      000000A2H   SFRSYM    DATA     BYTE      P_SW1
      000000CEH   SFRSYM    DATA     BYTE      SPCTL
      000000F8H   SFRSYM    DATA     BYTE      P7
      000000E8H   SFRSYM    DATA     BYTE      P6
      000000C8H   SFRSYM    DATA     BYTE      P5
      000000C0H   SFRSYM    DATA     BYTE      P4
      000000B0H   SFRSYM    DATA     BYTE      P3
L251 LINKER/LOCATER V4.66.93.0                                                        05/03/2026  22:34:02  PAGE 12


      000000A0H   SFRSYM    DATA     BYTE      P2
      00000090H   SFRSYM    DATA     BYTE      P1
      00000080H   SFRSYM    DATA     BYTE      P0

      00FF093DH   BLOCK     CODE     ---       LVL=0
      00FF093DH   LINE      CODE     ---       #32
      00FF093DH   LINE      CODE     ---       #34
      00FF094AH   LINE      CODE     ---       #35
      00FF0951H   LINE      CODE     ---       #36
      00FF0958H   LINE      CODE     ---       #37
      00FF095FH   LINE      CODE     ---       #38
      00FF0966H   LINE      CODE     ---       #39
      00FF096DH   LINE      CODE     ---       #41
      00FF0979H   LINE      CODE     ---       #42
      00FF0981H   LINE      CODE     ---       #43
      00FF098FH   LINE      CODE     ---       #45
      00FF099FH   LINE      CODE     ---       #46
      00FF09ADH   LINE      CODE     ---       #48
      00FF09BDH   LINE      CODE     ---       #49
      00FF09CBH   LINE      CODE     ---       #51
      00FF09D8H   LINE      CODE     ---       #53
      00FF09F2H   LINE      CODE     ---       #55
      00FF09FEH   LINE      CODE     ---       #56
      00FF0A06H   LINE      CODE     ---       #57
      00FF0A0EH   LINE      CODE     ---       #58
      00FF0A11H   LINE      CODE     ---       #59
      00FF0A18H   LINE      CODE     ---       #61
      00FF0A2AH   LINE      CODE     ---       #63
      00FF0A37H   LINE      CODE     ---       #65
      00FF0A3FH   LINE      CODE     ---       #70
      ---         BLOCKEND  ---      ---       LVL=0

      ---         MODULE    ---      ---       cre
      00FF1641H   PUBLIC    CODE     ---       CRE_Init
      000000D0H   SFRSYM    DATA     BYTE      PSW
      0000009DH   SFRSYM    DATA     BYTE      IRCBAND
      00000097H   SFRSYM    DATA     BYTE      AUXR2
      000000EFH   SFRSYM    DATA     BYTE      AUXINTIF
      000000FDH   SFRSYM    DATA     BYTE      S4CON
      000000ACH   SFRSYM    DATA     BYTE      S3CON
      0000009AH   SFRSYM    DATA     BYTE      S2CON
      000000B7H   SFRSYM    DATA     BYTE      IPH
      000000CDH   SFRSYM    DATA     BYTE      SPSTAT
      000000DDH   SFRSYM    DATA     BYTE      T4T3M
      000000C1H   SFRSYM    DATA     BYTE      WDT_CONTR
      000000DFH   SFRSYM    DATA     BYTE      IP3
      000000F4H   SFRSYM    DATA     BYTE      USBCON
      000000B5H   SFRSYM    DATA     BYTE      IP2
      000000FFH   SFRSYM    DATA     BYTE      RSTCFG
      000000E0H   SFRSYM    DATA     BYTE      ACC
      000000C7H   SFRSYM    DATA     BYTE      IAP_CONTR
      0000008EH   SFRSYM    DATA     BYTE      AUXR
      000000F0H   SFRSYM    DATA     BYTE      B
      000000AFH   SFRSYM    DATA     BYTE      IE2
      00000088H   SFRSYM    DATA     BYTE      TCON
      00000089H   SFRSYM    DATA     BYTE      TMOD
      00000098H   SFRSYM    DATA     BYTE      SCON
      00000087H   SFRSYM    DATA     BYTE      PCON
      000000BCH   SFRSYM    DATA     BYTE      ADC_CONTR
      000000D1H   SFRSYM    DATA     BYTE      PSW1
      000000E7H   SFRSYM    DATA     BYTE      CMPCR2
      000000E6H   SFRSYM    DATA     BYTE      CMPCR1
      000000DEH   SFRSYM    DATA     BYTE      ADCCFG
      000000B8H   SFRSYM    DATA     BYTE      IP
      0000008FH   SFRSYM    DATA     BYTE      INTCLKO
L251 LINKER/LOCATER V4.66.93.0                                                        05/03/2026  22:34:02  PAGE 13


      000000EEH   SFRSYM    DATA     BYTE      IP3H
      000000B6H   SFRSYM    DATA     BYTE      IP2H
      000000BFH   SFRSYM    DATA     BYTE      P_SW4
      000000A8H   SFRSYM    DATA     BYTE      IE
      000000BBH   SFRSYM    DATA     BYTE      P_SW3
      000000BAH   SFRSYM    DATA     BYTE      P_SW2
      000000A2H   SFRSYM    DATA     BYTE      P_SW1
      000000CEH   SFRSYM    DATA     BYTE      SPCTL
      000000F8H   SFRSYM    DATA     BYTE      P7
      000000E8H   SFRSYM    DATA     BYTE      P6
      000000C8H   SFRSYM    DATA     BYTE      P5
      000000C0H   SFRSYM    DATA     BYTE      P4
      000000B0H   SFRSYM    DATA     BYTE      P3
      000000A0H   SFRSYM    DATA     BYTE      P2
      00000090H   SFRSYM    DATA     BYTE      P1
      00000080H   SFRSYM    DATA     BYTE      P0

      00FF1641H   BLOCK     CODE     ---       LVL=0
      00FF1641H   LINE      CODE     ---       #32
      00FF1641H   LINE      CODE     ---       #33
      00FF1641H   LINE      CODE     ---       #37
      00FF1649H   LINE      CODE     ---       #39
      00FF1659H   LINE      CODE     ---       #40
      00FF1661H   LINE      CODE     ---       #42
      00FF1661H   LINE      CODE     ---       #43
      00FF1661H   LINE      CODE     ---       #44
      00FF1677H   LINE      CODE     ---       #45
      00FF1680H   LINE      CODE     ---       #47
      00FF1688H   LINE      CODE     ---       #52
      ---         BLOCKEND  ---      ---       LVL=0

      ---         MODULE    ---      ---       usblib
      00FF204CH   PUBLIC    CODE     ---       USBLIB_OUT_Done
      00FF211AH   PUBLIC    CODE     ---       USBLIB_Init
      00FF00BEH   PUBLIC    CODE     ---       USBLIB_WaitConfiged
      000000D0H   SFRSYM    DATA     BYTE      PSW
      0000009DH   SFRSYM    DATA     BYTE      IRCBAND
      00000097H   SFRSYM    DATA     BYTE      AUXR2
      000000EFH   SFRSYM    DATA     BYTE      AUXINTIF
      000000FDH   SFRSYM    DATA     BYTE      S4CON
      000000ACH   SFRSYM    DATA     BYTE      S3CON
      0000009AH   SFRSYM    DATA     BYTE      S2CON
      000000B7H   SFRSYM    DATA     BYTE      IPH
      000000CDH   SFRSYM    DATA     BYTE      SPSTAT
      000000DDH   SFRSYM    DATA     BYTE      T4T3M
      000000C1H   SFRSYM    DATA     BYTE      WDT_CONTR
      000000DFH   SFRSYM    DATA     BYTE      IP3
      000000F4H   SFRSYM    DATA     BYTE      USBCON
      000000B5H   SFRSYM    DATA     BYTE      IP2
      000000FFH   SFRSYM    DATA     BYTE      RSTCFG
      000000E0H   SFRSYM    DATA     BYTE      ACC
      000000C7H   SFRSYM    DATA     BYTE      IAP_CONTR
      0000008EH   SFRSYM    DATA     BYTE      AUXR
      000000F0H   SFRSYM    DATA     BYTE      B
      000000AFH   SFRSYM    DATA     BYTE      IE2
      00000088H   SFRSYM    DATA     BYTE      TCON
      00000089H   SFRSYM    DATA     BYTE      TMOD
      00000098H   SFRSYM    DATA     BYTE      SCON
      00000087H   SFRSYM    DATA     BYTE      PCON
      000000BCH   SFRSYM    DATA     BYTE      ADC_CONTR
      000000D1H   SFRSYM    DATA     BYTE      PSW1
      000000E7H   SFRSYM    DATA     BYTE      CMPCR2
      000000E6H   SFRSYM    DATA     BYTE      CMPCR1
      000000DEH   SFRSYM    DATA     BYTE      ADCCFG
      000000B8H   SFRSYM    DATA     BYTE      IP
L251 LINKER/LOCATER V4.66.93.0                                                        05/03/2026  22:34:02  PAGE 14


      0000008FH   SFRSYM    DATA     BYTE      INTCLKO
      000000EEH   SFRSYM    DATA     BYTE      IP3H
      000000B6H   SFRSYM    DATA     BYTE      IP2H
      000000BFH   SFRSYM    DATA     BYTE      P_SW4
      000000A8H   SFRSYM    DATA     BYTE      IE
      000000BBH   SFRSYM    DATA     BYTE      P_SW3
      000000BAH   SFRSYM    DATA     BYTE      P_SW2
      000000A2H   SFRSYM    DATA     BYTE      P_SW1
      000000CEH   SFRSYM    DATA     BYTE      SPCTL
      000000F8H   SFRSYM    DATA     BYTE      P7
      000000E8H   SFRSYM    DATA     BYTE      P6
      000000C8H   SFRSYM    DATA     BYTE      P5
      000000C0H   SFRSYM    DATA     BYTE      P4
      000000B0H   SFRSYM    DATA     BYTE      P3
      000000A0H   SFRSYM    DATA     BYTE      P2
      00000090H   SFRSYM    DATA     BYTE      P1
      00000080H   SFRSYM    DATA     BYTE      P0

      00FF211AH   BLOCK     CODE     ---       LVL=0
      00FF211AH   LINE      CODE     ---       #32
      00FF211AH   LINE      CODE     ---       #34
      00FF211DH   LINE      CODE     ---       #35
      00FF2123H   LINE      CODE     ---       #36
      ---         BLOCKEND  ---      ---       LVL=0

      00FF00BEH   BLOCK     CODE     ---       LVL=0
      00FF00BEH   LINE      CODE     ---       #48
      00FF00BEH   LINE      CODE     ---       #50
      00FF00CAH   LINE      CODE     ---       #52
      ---         BLOCKEND  ---      ---       LVL=0

      00FF204CH   BLOCK     CODE     ---       LVL=0
      00FF204CH   LINE      CODE     ---       #62
      00FF204CH   LINE      CODE     ---       #64
      00FF204FH   LINE      CODE     ---       #68
      00FF2060H   LINE      CODE     ---       #71
      00FF2063H   LINE      CODE     ---       #72
      ---         BLOCKEND  ---      ---       LVL=0

      ---         MODULE    ---      ---       mathlib
      00FF21B2H   PUBLIC    CODE     ---       MATHLIB_Init
      000000D0H   SFRSYM    DATA     BYTE      PSW
      0000009DH   SFRSYM    DATA     BYTE      IRCBAND
      00000097H   SFRSYM    DATA     BYTE      AUXR2
      000000EDH   SFRSYM    DATA     BYTE      DMAIR
      000000EFH   SFRSYM    DATA     BYTE      AUXINTIF
      000000FDH   SFRSYM    DATA     BYTE      S4CON
      000000ACH   SFRSYM    DATA     BYTE      S3CON
      0000009AH   SFRSYM    DATA     BYTE      S2CON
      000000B7H   SFRSYM    DATA     BYTE      IPH
      000000CDH   SFRSYM    DATA     BYTE      SPSTAT
      000000DDH   SFRSYM    DATA     BYTE      T4T3M
      000000C1H   SFRSYM    DATA     BYTE      WDT_CONTR
      000000DFH   SFRSYM    DATA     BYTE      IP3
      000000F4H   SFRSYM    DATA     BYTE      USBCON
      000000B5H   SFRSYM    DATA     BYTE      IP2
      000000FFH   SFRSYM    DATA     BYTE      RSTCFG
      000000E0H   SFRSYM    DATA     BYTE      ACC
      000000C7H   SFRSYM    DATA     BYTE      IAP_CONTR
      0000008EH   SFRSYM    DATA     BYTE      AUXR
      000000F0H   SFRSYM    DATA     BYTE      B
      000000AFH   SFRSYM    DATA     BYTE      IE2
      00000088H   SFRSYM    DATA     BYTE      TCON
      00000089H   SFRSYM    DATA     BYTE      TMOD
      00000098H   SFRSYM    DATA     BYTE      SCON
L251 LINKER/LOCATER V4.66.93.0                                                        05/03/2026  22:34:02  PAGE 15


      00000087H   SFRSYM    DATA     BYTE      PCON
      000000BCH   SFRSYM    DATA     BYTE      ADC_CONTR
      000000D1H   SFRSYM    DATA     BYTE      PSW1
      000000E7H   SFRSYM    DATA     BYTE      CMPCR2
      000000E6H   SFRSYM    DATA     BYTE      CMPCR1
      000000DEH   SFRSYM    DATA     BYTE      ADCCFG
      000000B8H   SFRSYM    DATA     BYTE      IP
      0000008FH   SFRSYM    DATA     BYTE      INTCLKO
      000000EEH   SFRSYM    DATA     BYTE      IP3H
      000000B6H   SFRSYM    DATA     BYTE      IP2H
      000000BFH   SFRSYM    DATA     BYTE      P_SW4
      000000A8H   SFRSYM    DATA     BYTE      IE
      000000BBH   SFRSYM    DATA     BYTE      P_SW3
      000000BAH   SFRSYM    DATA     BYTE      P_SW2
      000000A2H   SFRSYM    DATA     BYTE      P_SW1
      000000CEH   SFRSYM    DATA     BYTE      SPCTL
      000000F8H   SFRSYM    DATA     BYTE      P7
      000000E8H   SFRSYM    DATA     BYTE      P6
      000000C8H   SFRSYM    DATA     BYTE      P5
      000000C0H   SFRSYM    DATA     BYTE      P4
      000000B0H   SFRSYM    DATA     BYTE      P3
      000000A0H   SFRSYM    DATA     BYTE      P2
      00000090H   SFRSYM    DATA     BYTE      P1
      00000080H   SFRSYM    DATA     BYTE      P0

      00FF21B2H   BLOCK     CODE     ---       LVL=0
      00FF21B2H   LINE      CODE     ---       #32
      00FF21B2H   LINE      CODE     ---       #34
      00FF21B5H   LINE      CODE     ---       #39
      ---         BLOCKEND  ---      ---       LVL=0

      ---         MODULE    ---      ---       usb
      00FF21A4H   PUBLIC    CODE     ---       set_usb_IN_callback
      00FF212EH   PUBLIC    CODE     ---       usb_setup_in
      00FF214FH   PUBLIC    CODE     ---       usb_setup_out
      00FF1178H   PUBLIC    CODE     ---       usb_ctrl_in
      00FF1260H   PUBLIC    CODE     ---       usb_ctrl_out
      00FF2064H   PUBLIC    CODE     ---       usb_OUT_done
      00FF21BFH   PUBLIC    CODE     ---       usb_suspend
      00FF2105H   PUBLIC    CODE     ---       usb_bulk_intr_in
      00FF1FE8H   PUBLIC    CODE     ---       usb_bulk_intr_out
      00FF21C0H   PUBLIC    CODE     ---       usb_resume
      00FF2186H   PUBLIC    CODE     ---       usb_IN
      00FF1A97H   PUBLIC    CODE     ---       usb_read_fifo?_
      00FF15F7H   PUBLIC    CODE     ---       usb_reset
      00FF0003H   PUBLIC    CODE     ---       USB_SendData
      00FF2191H   PUBLIC    CODE     ---       set_usb_ispcmd
      00FF0FE3H   PUBLIC    CODE     ---       usb_setup
      00FF1CC5H   PUBLIC    CODE     ---       usb_write_fifo?_
      00FF0C06H   PUBLIC    CODE     ---       usb_init
      00FF215DH   PUBLIC    CODE     ---       usb_setup_stall
      00FF21ABH   PUBLIC    CODE     ---       set_usb_OUT_callback
      00FF2179H   PUBLIC    CODE     ---       usb_setup_status
      00FF1B0AH   PUBLIC    CODE     ---       usb_read_reg
      00FF192BH   PUBLIC    CODE     ---       usb_in_ep1
      00FF1C47H   PUBLIC    CODE     ---       usb_in_ep2
      00FF0A40H   PUBLIC    CODE     ---       usb_out_ep1
      00FF1A21H   PUBLIC    CODE     ---       usb_write_reg
      00FF10F8H   PUBLIC    CODE     ---       usb_isr
      00010000H   PUBLIC    XDATA    ---       Setup
      00010008H   PUBLIC    XDATA    BYTE      OutNumber
      0001000AH   PUBLIC    XDATA    ---       usb_OUT_callback
      0001000CH   PUBLIC    XDATA    ---       UsbInBuffer
      0001004CH   PUBLIC    XDATA    ---       UsbOutBuffer
      0001008CH   PUBLIC    XDATA    ---       USER_STCISPCMD
L251 LINKER/LOCATER V4.66.93.0                                                        05/03/2026  22:34:02  PAGE 16


      00010090H   PUBLIC    XDATA    ---       usb_IN_callback
      00010092H   PUBLIC    XDATA    BYTE      DeviceState
      00010093H   PUBLIC    XDATA    ---       UsbFeatureBuffer
      000100D3H   PUBLIC    XDATA    ---       Ep0State
      000100DAH   PUBLIC    XDATA    BYTE      InEpState
      000100DBH   PUBLIC    XDATA    BYTE      OutEpState
      00000020H.0 PUBLIC    BIT      BIT       bUsbOutReady
      00000020H.1 PUBLIC    BIT      BIT       bUsbFeatureReady
      00000020H.2 PUBLIC    BIT      BIT       bUsbInBusy
      000000D0H   SFRSYM    DATA     BYTE      PSW
      0000009DH   SFRSYM    DATA     BYTE      IRCBAND
      00000097H   SFRSYM    DATA     BYTE      AUXR2
      000000EFH   SFRSYM    DATA     BYTE      AUXINTIF
      000000FDH   SFRSYM    DATA     BYTE      S4CON
      000000ACH   SFRSYM    DATA     BYTE      S3CON
      0000009AH   SFRSYM    DATA     BYTE      S2CON
      000000B7H   SFRSYM    DATA     BYTE      IPH
      000000CDH   SFRSYM    DATA     BYTE      SPSTAT
      000000DDH   SFRSYM    DATA     BYTE      T4T3M
      000000C1H   SFRSYM    DATA     BYTE      WDT_CONTR
      000000DFH   SFRSYM    DATA     BYTE      IP3
      000000F4H   SFRSYM    DATA     BYTE      USBCON
      000000B5H   SFRSYM    DATA     BYTE      IP2
      000000FFH   SFRSYM    DATA     BYTE      RSTCFG
      000000DCH   SFRSYM    DATA     BYTE      USBCLK
      000000ECH   SFRSYM    DATA     BYTE      USBDAT
      000000C7H   SFRSYM    DATA     BYTE      IAP_CONTR
      000000F9H   SFRSYM    DATA     BYTE      LINICR
      000000FCH   SFRSYM    DATA     BYTE      USBADR
      0000008EH   SFRSYM    DATA     BYTE      AUXR
      000000AFH   SFRSYM    DATA     BYTE      IE2
      00000088H   SFRSYM    DATA     BYTE      TCON
      00000098H   SFRSYM    DATA     BYTE      SCON
      000000F1H   SFRSYM    DATA     BYTE      CANICR
      00000087H   SFRSYM    DATA     BYTE      PCON
      000000BCH   SFRSYM    DATA     BYTE      ADC_CONTR
      000000AFH.7 SFRSYM    DATA     BIT       EUSB
      000000E7H   SFRSYM    DATA     BYTE      CMPCR2
      000000E6H   SFRSYM    DATA     BYTE      CMPCR1
      000000B8H   SFRSYM    DATA     BYTE      IP
      0000008FH   SFRSYM    DATA     BYTE      INTCLKO
      000000EEH   SFRSYM    DATA     BYTE      IP3H
      000000B6H   SFRSYM    DATA     BYTE      IP2H
      000000A8H   SFRSYM    DATA     BYTE      IE
      000000BBH   SFRSYM    DATA     BYTE      P_SW3
      000000BAH   SFRSYM    DATA     BYTE      P_SW2
      000000A2H   SFRSYM    DATA     BYTE      P_SW1
      000000CEH   SFRSYM    DATA     BYTE      SPCTL
      000000F8H   SFRSYM    DATA     BYTE      P7
      000000E8H   SFRSYM    DATA     BYTE      P6
      000000C8H   SFRSYM    DATA     BYTE      P5
      000000C0H   SFRSYM    DATA     BYTE      P4
      000000B0H   SFRSYM    DATA     BYTE      P3
      000000A0H   SFRSYM    DATA     BYTE      P2
      000000B1H   SFRSYM    DATA     BYTE      P3M1
      00000090H   SFRSYM    DATA     BYTE      P1
      000000B2H   SFRSYM    DATA     BYTE      P3M0
      00000080H   SFRSYM    DATA     BYTE      P0

      ---         MODULE    ---      ---       usb_req_class
      00FF20C3H   PUBLIC    CODE     ---       usb_set_ctrl_line_state
      00FF1BAEH   PUBLIC    CODE     ---       usb_get_line_coding
      00FF1BE2H   PUBLIC    CODE     ---       usb_set_line_coding
      00FF1EDAH   PUBLIC    CODE     ---       usb_req_class
      0001016BH   PUBLIC    XDATA    ---       LineCoding
L251 LINKER/LOCATER V4.66.93.0                                                        05/03/2026  22:34:02  PAGE 17


      000000D0H   SFRSYM    DATA     BYTE      PSW
      0000009DH   SFRSYM    DATA     BYTE      IRCBAND
      00000097H   SFRSYM    DATA     BYTE      AUXR2
      000000EFH   SFRSYM    DATA     BYTE      AUXINTIF
      000000FDH   SFRSYM    DATA     BYTE      S4CON
      000000ACH   SFRSYM    DATA     BYTE      S3CON
      0000009AH   SFRSYM    DATA     BYTE      S2CON
      000000B7H   SFRSYM    DATA     BYTE      IPH
      000000CDH   SFRSYM    DATA     BYTE      SPSTAT
      000000DDH   SFRSYM    DATA     BYTE      T4T3M
      000000C1H   SFRSYM    DATA     BYTE      WDT_CONTR
      000000DFH   SFRSYM    DATA     BYTE      IP3
      000000F4H   SFRSYM    DATA     BYTE      USBCON
      000000B5H   SFRSYM    DATA     BYTE      IP2
      000000FFH   SFRSYM    DATA     BYTE      RSTCFG
      000000F9H   SFRSYM    DATA     BYTE      LINICR
      0000008EH   SFRSYM    DATA     BYTE      AUXR
      000000AFH   SFRSYM    DATA     BYTE      IE2
      00000088H   SFRSYM    DATA     BYTE      TCON
      00000098H   SFRSYM    DATA     BYTE      SCON
      000000F1H   SFRSYM    DATA     BYTE      CANICR
      00000087H   SFRSYM    DATA     BYTE      PCON
      000000BCH   SFRSYM    DATA     BYTE      ADC_CONTR
      000000E7H   SFRSYM    DATA     BYTE      CMPCR2
      000000E6H   SFRSYM    DATA     BYTE      CMPCR1
      000000B8H   SFRSYM    DATA     BYTE      IP
      0000008FH   SFRSYM    DATA     BYTE      INTCLKO
      000000EEH   SFRSYM    DATA     BYTE      IP3H
      000000B6H   SFRSYM    DATA     BYTE      IP2H
      000000A8H   SFRSYM    DATA     BYTE      IE
      000000BBH   SFRSYM    DATA     BYTE      P_SW3
      000000BAH   SFRSYM    DATA     BYTE      P_SW2
      000000A2H   SFRSYM    DATA     BYTE      P_SW1
      000000CEH   SFRSYM    DATA     BYTE      SPCTL
      000000F8H   SFRSYM    DATA     BYTE      P7
      000000E8H   SFRSYM    DATA     BYTE      P6
      000000C8H   SFRSYM    DATA     BYTE      P5
      000000C0H   SFRSYM    DATA     BYTE      P4
      000000B0H   SFRSYM    DATA     BYTE      P3
      000000A0H   SFRSYM    DATA     BYTE      P2
      00000090H   SFRSYM    DATA     BYTE      P1
      00000080H   SFRSYM    DATA     BYTE      P0

      ---         MODULE    ---      ---       usb_req_std
      00FF1689H   PUBLIC    CODE     ---       usb_get_interface
      00FF0EABH   PUBLIC    CODE     ---       usb_clear_feature
      00FF1C72H   PUBLIC    CODE     ---       usb_set_interface
      00FF0B3CH   PUBLIC    CODE     ---       usb_get_descriptor
      00FF21B6H   PUBLIC    CODE     ---       usb_set_descriptor
      00FF137AH   PUBLIC    CODE     ---       usb_req_std
      00FF21B9H   PUBLIC    CODE     ---       usb_synch_frame
      00FF147EH   PUBLIC    CODE     ---       usb_set_address
      00FF0F4FH   PUBLIC    CODE     ---       usb_set_feature
      00FF12BFH   PUBLIC    CODE     ---       usb_get_configuration
      00FF0E04H   PUBLIC    CODE     ---       usb_set_configuration
      00FF082EH   PUBLIC    CODE     ---       usb_get_status
      000000D0H   SFRSYM    DATA     BYTE      PSW
      0000009DH   SFRSYM    DATA     BYTE      IRCBAND
      00000097H   SFRSYM    DATA     BYTE      AUXR2
      000000EFH   SFRSYM    DATA     BYTE      AUXINTIF
      000000FDH   SFRSYM    DATA     BYTE      S4CON
      000000ACH   SFRSYM    DATA     BYTE      S3CON
      0000009AH   SFRSYM    DATA     BYTE      S2CON
      000000B7H   SFRSYM    DATA     BYTE      IPH
      000000CDH   SFRSYM    DATA     BYTE      SPSTAT
L251 LINKER/LOCATER V4.66.93.0                                                        05/03/2026  22:34:02  PAGE 18


      000000DDH   SFRSYM    DATA     BYTE      T4T3M
      000000C1H   SFRSYM    DATA     BYTE      WDT_CONTR
      000000DFH   SFRSYM    DATA     BYTE      IP3
      000000F4H   SFRSYM    DATA     BYTE      USBCON
      000000B5H   SFRSYM    DATA     BYTE      IP2
      000000FFH   SFRSYM    DATA     BYTE      RSTCFG
      000000F9H   SFRSYM    DATA     BYTE      LINICR
      0000008EH   SFRSYM    DATA     BYTE      AUXR
      000000AFH   SFRSYM    DATA     BYTE      IE2
      00000088H   SFRSYM    DATA     BYTE      TCON
      00000098H   SFRSYM    DATA     BYTE      SCON
      000000F1H   SFRSYM    DATA     BYTE      CANICR
      00000087H   SFRSYM    DATA     BYTE      PCON
      000000BCH   SFRSYM    DATA     BYTE      ADC_CONTR
      000000E7H   SFRSYM    DATA     BYTE      CMPCR2
      000000E6H   SFRSYM    DATA     BYTE      CMPCR1
      000000B8H   SFRSYM    DATA     BYTE      IP
      0000008FH   SFRSYM    DATA     BYTE      INTCLKO
      000000EEH   SFRSYM    DATA     BYTE      IP3H
      000000B6H   SFRSYM    DATA     BYTE      IP2H
      000000A8H   SFRSYM    DATA     BYTE      IE
      000000BBH   SFRSYM    DATA     BYTE      P_SW3
      000000BAH   SFRSYM    DATA     BYTE      P_SW2
      000000A2H   SFRSYM    DATA     BYTE      P_SW1
      000000CEH   SFRSYM    DATA     BYTE      SPCTL
      000000F8H   SFRSYM    DATA     BYTE      P7
      000000E8H   SFRSYM    DATA     BYTE      P6
      000000C8H   SFRSYM    DATA     BYTE      P5
      000000C0H   SFRSYM    DATA     BYTE      P4
      000000B0H   SFRSYM    DATA     BYTE      P3
      000000A0H   SFRSYM    DATA     BYTE      P2
      00000090H   SFRSYM    DATA     BYTE      P1
      00000080H   SFRSYM    DATA     BYTE      P0

      ---         MODULE    ---      ---       usb_req_vendor
      00FF21BCH   PUBLIC    CODE     ---       usb_req_vendor
      000000D0H   SFRSYM    DATA     BYTE      PSW
      0000009DH   SFRSYM    DATA     BYTE      IRCBAND
      00000097H   SFRSYM    DATA     BYTE      AUXR2
      000000EFH   SFRSYM    DATA     BYTE      AUXINTIF
      000000FDH   SFRSYM    DATA     BYTE      S4CON
      000000ACH   SFRSYM    DATA     BYTE      S3CON
      0000009AH   SFRSYM    DATA     BYTE      S2CON
      000000B7H   SFRSYM    DATA     BYTE      IPH
      000000CDH   SFRSYM    DATA     BYTE      SPSTAT
      000000DDH   SFRSYM    DATA     BYTE      T4T3M
      000000C1H   SFRSYM    DATA     BYTE      WDT_CONTR
      000000DFH   SFRSYM    DATA     BYTE      IP3
      000000F4H   SFRSYM    DATA     BYTE      USBCON
      000000B5H   SFRSYM    DATA     BYTE      IP2
      000000FFH   SFRSYM    DATA     BYTE      RSTCFG
      000000F9H   SFRSYM    DATA     BYTE      LINICR
      0000008EH   SFRSYM    DATA     BYTE      AUXR
      000000AFH   SFRSYM    DATA     BYTE      IE2
      00000088H   SFRSYM    DATA     BYTE      TCON
      00000098H   SFRSYM    DATA     BYTE      SCON
      000000F1H   SFRSYM    DATA     BYTE      CANICR
      00000087H   SFRSYM    DATA     BYTE      PCON
      000000BCH   SFRSYM    DATA     BYTE      ADC_CONTR
      000000E7H   SFRSYM    DATA     BYTE      CMPCR2
      000000E6H   SFRSYM    DATA     BYTE      CMPCR1
      000000B8H   SFRSYM    DATA     BYTE      IP
      0000008FH   SFRSYM    DATA     BYTE      INTCLKO
      000000EEH   SFRSYM    DATA     BYTE      IP3H
      000000B6H   SFRSYM    DATA     BYTE      IP2H
L251 LINKER/LOCATER V4.66.93.0                                                        05/03/2026  22:34:02  PAGE 19


      000000A8H   SFRSYM    DATA     BYTE      IE
      000000BBH   SFRSYM    DATA     BYTE      P_SW3
      000000BAH   SFRSYM    DATA     BYTE      P_SW2
      000000A2H   SFRSYM    DATA     BYTE      P_SW1
      000000CEH   SFRSYM    DATA     BYTE      SPCTL
      000000F8H   SFRSYM    DATA     BYTE      P7
      000000E8H   SFRSYM    DATA     BYTE      P6
      000000C8H   SFRSYM    DATA     BYTE      P5
      000000C0H   SFRSYM    DATA     BYTE      P4
      000000B0H   SFRSYM    DATA     BYTE      P3
      000000A0H   SFRSYM    DATA     BYTE      P2
      00000090H   SFRSYM    DATA     BYTE      P1
      00000080H   SFRSYM    DATA     BYTE      P0

      ---         MODULE    ---      ---       util
      00FF20D9H   PUBLIC    CODE     ---       LCD12864_DisplayClear
      00FF19A9H   PUBLIC    CODE     ---       OLED12864_ScrollRight
      00FF1EF5H   PUBLIC    CODE     ---       OLED12864_DisplayOff
      00FF1A5CH   PUBLIC    CODE     ---       OLED12864_ScrollLeft
      00FF1D3CH   PUBLIC    CODE     ---       OLED12864_SetAddressMode
      00FF1D5FH   PUBLIC    CODE     ---       OLED12864_SetContrast
      00FF1F10H   PUBLIC    CODE     ---       LCD12864_AutoWrapOff
      00FF1826H   PUBLIC    CODE     ---       OLED12864_ShowPicture
      00FF1DC2H   PUBLIC    CODE     ---       OLED12864_ScrollStart
      00FF1B79H   PUBLIC    CODE     ---       SEG7_ShowFloat
      00FF131DH   PUBLIC    CODE     ---       SEG7_ShowString
      00FF1B42H   PUBLIC    CODE     ---       SEG7_ShowCode
      00FF14CCH   PUBLIC    CODE     ---       LED40_SendData
      00FF1DDEH   PUBLIC    CODE     ---       OLED12864_DisplayOn
      00FF1D82H   PUBLIC    CODE     ---       LCD12864_ReverseLine
      00FF1F2BH   PUBLIC    CODE     ---       OLED12864_ScrollStop
      00FF1517H   PUBLIC    CODE     ---       LED64_SendData
      00FF1562H   PUBLIC    CODE     ---       SEG7_ShowLong
      00FF1DFAH   PUBLIC    CODE     ---       LCD12864_ScrollRight
      00FF1E16H   PUBLIC    CODE     ---       LCD12864_AutoWrapOn
      00FF1F46H   PUBLIC    CODE     ---       LCD12864_DisplayOff
      00FF1AD1H   PUBLIC    CODE     ---       reverse2
      00FF11F3H   PUBLIC    CODE     ---       reverse4
      00FF1F61H   PUBLIC    CODE     ---       LCD12864_ScrollLeft
      00FF1F7CH   PUBLIC    CODE     ---       OLED12864_HorizontalMirror
      00FF142DH   PUBLIC    CODE     ---       LCD12864_ShowPicture
      00FF196AH   PUBLIC    CODE     ---       printf_usb
      00FF19E5H   PUBLIC    CODE     ---       OLED12864_ScrollUp
      00FF1F97H   PUBLIC    CODE     ---       OLED12864_DisplayContent
      00FF20EFH   PUBLIC    CODE     ---       OLED12864_DisplayReverse
      00FF1E32H   PUBLIC    CODE     ---       OLED12864_VerticalMirror
      00FF1E4EH   PUBLIC    CODE     ---       LCD12864_CursorReturnHome
      00FF1E6AH   PUBLIC    CODE     ---       OLED12864_DisplayEntire
      00FF1E86H   PUBLIC    CODE     ---       LCD12864_DisplayOn
      00FF1EA2H   PUBLIC    CODE     ---       LCD12864_CursorMoveRight
      00FF1868H   PUBLIC    CODE     ---       LCD12864_ShowString
      00FF1FB2H   PUBLIC    CODE     ---       LCD12864_CursorOff
      00FF207CH   PUBLIC    CODE     ---       sleep_ms
      00FF18A9H   PUBLIC    CODE     ---       LED40_ClrBit
      00FF18EAH   PUBLIC    CODE     ---       LED64_ClrBit
      00FF1FCDH   PUBLIC    CODE     ---       LCD12864_CursorMoveLeft
      00FF1DA5H   PUBLIC    CODE     ---       sleep_us
      00FF17A0H   PUBLIC    CODE     ---       LED40_SetBit
      00FF17E3H   PUBLIC    CODE     ---       LED64_SetBit
      00FF1718H   PUBLIC    CODE     ---       LED40_SetPort
      00FF1CEEH   PUBLIC    CODE     ---       LCD12864_ScrollUp
      00FF175CH   PUBLIC    CODE     ---       LED64_SetPort
      00FF1EBEH   PUBLIC    CODE     ---       LCD12864_CursorOn
      00010104H   PUBLIC    XDATA    BYTE      ?SEG7_ShowString?BYTE
      00010130H   PUBLIC    XDATA    BYTE      ?printf_usb?BYTE
L251 LINKER/LOCATER V4.66.93.0                                                        05/03/2026  22:34:02  PAGE 20


      000000D0H   SFRSYM    DATA     BYTE      PSW
      0000009DH   SFRSYM    DATA     BYTE      IRCBAND
      00000097H   SFRSYM    DATA     BYTE      AUXR2
      000000EFH   SFRSYM    DATA     BYTE      AUXINTIF
      000000FDH   SFRSYM    DATA     BYTE      S4CON
      000000ACH   SFRSYM    DATA     BYTE      S3CON
      0000009AH   SFRSYM    DATA     BYTE      S2CON
      000000B7H   SFRSYM    DATA     BYTE      IPH
      000000CDH   SFRSYM    DATA     BYTE      SPSTAT
      000000DDH   SFRSYM    DATA     BYTE      T4T3M
      000000C1H   SFRSYM    DATA     BYTE      WDT_CONTR
      000000DFH   SFRSYM    DATA     BYTE      IP3
      000000F4H   SFRSYM    DATA     BYTE      USBCON
      000000B5H   SFRSYM    DATA     BYTE      IP2
      000000FFH   SFRSYM    DATA     BYTE      RSTCFG
      000000F9H   SFRSYM    DATA     BYTE      LINICR
      0000008EH   SFRSYM    DATA     BYTE      AUXR
      000000AFH   SFRSYM    DATA     BYTE      IE2
      00000088H   SFRSYM    DATA     BYTE      TCON
      00000098H   SFRSYM    DATA     BYTE      SCON
      000000F1H   SFRSYM    DATA     BYTE      CANICR
      00000087H   SFRSYM    DATA     BYTE      PCON
      000000BCH   SFRSYM    DATA     BYTE      ADC_CONTR
      000000E7H   SFRSYM    DATA     BYTE      CMPCR2
      000000E6H   SFRSYM    DATA     BYTE      CMPCR1
      000000B8H   SFRSYM    DATA     BYTE      IP
      0000008FH   SFRSYM    DATA     BYTE      INTCLKO
      000000EEH   SFRSYM    DATA     BYTE      IP3H
      000000B6H   SFRSYM    DATA     BYTE      IP2H
      000000A8H   SFRSYM    DATA     BYTE      IE
      000000BBH   SFRSYM    DATA     BYTE      P_SW3
      000000BAH   SFRSYM    DATA     BYTE      P_SW2
      000000A2H   SFRSYM    DATA     BYTE      P_SW1
      000000CEH   SFRSYM    DATA     BYTE      SPCTL
      000000F8H   SFRSYM    DATA     BYTE      P7
      000000E8H   SFRSYM    DATA     BYTE      P6
      000000C8H   SFRSYM    DATA     BYTE      P5
      000000C0H   SFRSYM    DATA     BYTE      P4
      000000B0H   SFRSYM    DATA     BYTE      P3
      000000A0H   SFRSYM    DATA     BYTE      P2
      00000090H   SFRSYM    DATA     BYTE      P1
      00000080H   SFRSYM    DATA     BYTE      P0

      ---         MODULE    ---      ---       usb_desc
      00FF1075H   PUBLIC    CODE     ---       PRODUCTDESC
      00FF1093H   PUBLIC    CODE     ---       LANGIDDESC
      00FF1097H   PUBLIC    CODE     ---       DEVICEDESC
      00FF10A9H   PUBLIC    CODE     ---       CONFIGDESC
      00FF10ECH   PUBLIC    CODE     ---       PACKET0
      00FF10EEH   PUBLIC    CODE     ---       PACKET1
      00FF10F0H   PUBLIC    CODE     ---       MANUFACTDESC
      000000D0H   SFRSYM    DATA     BYTE      PSW
      0000009DH   SFRSYM    DATA     BYTE      IRCBAND
      00000097H   SFRSYM    DATA     BYTE      AUXR2
      000000EFH   SFRSYM    DATA     BYTE      AUXINTIF
      000000FDH   SFRSYM    DATA     BYTE      S4CON
      000000ACH   SFRSYM    DATA     BYTE      S3CON
      0000009AH   SFRSYM    DATA     BYTE      S2CON
      000000B7H   SFRSYM    DATA     BYTE      IPH
      000000CDH   SFRSYM    DATA     BYTE      SPSTAT
      000000DDH   SFRSYM    DATA     BYTE      T4T3M
      000000C1H   SFRSYM    DATA     BYTE      WDT_CONTR
      000000DFH   SFRSYM    DATA     BYTE      IP3
      000000F4H   SFRSYM    DATA     BYTE      USBCON
      000000B5H   SFRSYM    DATA     BYTE      IP2
L251 LINKER/LOCATER V4.66.93.0                                                        05/03/2026  22:34:02  PAGE 21


      000000FFH   SFRSYM    DATA     BYTE      RSTCFG
      000000F9H   SFRSYM    DATA     BYTE      LINICR
      0000008EH   SFRSYM    DATA     BYTE      AUXR
      000000AFH   SFRSYM    DATA     BYTE      IE2
      00000088H   SFRSYM    DATA     BYTE      TCON
      00000098H   SFRSYM    DATA     BYTE      SCON
      000000F1H   SFRSYM    DATA     BYTE      CANICR
      00000087H   SFRSYM    DATA     BYTE      PCON
      000000BCH   SFRSYM    DATA     BYTE      ADC_CONTR
      000000E7H   SFRSYM    DATA     BYTE      CMPCR2
      000000E6H   SFRSYM    DATA     BYTE      CMPCR1
      000000B8H   SFRSYM    DATA     BYTE      IP
      0000008FH   SFRSYM    DATA     BYTE      INTCLKO
      000000EEH   SFRSYM    DATA     BYTE      IP3H
      000000B6H   SFRSYM    DATA     BYTE      IP2H
      000000A8H   SFRSYM    DATA     BYTE      IE
      000000BBH   SFRSYM    DATA     BYTE      P_SW3
      000000BAH   SFRSYM    DATA     BYTE      P_SW2
      000000A2H   SFRSYM    DATA     BYTE      P_SW1
      000000CEH   SFRSYM    DATA     BYTE      SPCTL
      000000F8H   SFRSYM    DATA     BYTE      P7
      000000E8H   SFRSYM    DATA     BYTE      P6
      000000C8H   SFRSYM    DATA     BYTE      P5
      000000C0H   SFRSYM    DATA     BYTE      P4
      000000B0H   SFRSYM    DATA     BYTE      P3
      000000A0H   SFRSYM    DATA     BYTE      P2
      00000090H   SFRSYM    DATA     BYTE      P1
      00000080H   SFRSYM    DATA     BYTE      P0

      ---         MODULE    ---      ---       AI8051U_32_MDU32
      00FF2098H   PUBLIC    CODE     ---       ?C?LIMUL
      00FF2094H   PUBLIC    CODE     ---       ?C?LMUL
      00FF20A8H   PUBLIC    CODE     ---       ?C?SLDIV
      00FF209EH   PUBLIC    CODE     ---       ?C?ULDIV
      00FF20A2H   PUBLIC    CODE     ---       ?C?ULIDIV
      000000EDH   SFRSYM    DATA     BYTE      DMAIR
      00000002H   SYMBOL    NUMBER   ---       DMA_LMUL
      00000006H   SYMBOL    NUMBER   ---       DMA_SLDIV
      00000004H   SYMBOL    NUMBER   ---       DMA_ULDIV

      00FF2094H   BLOCK     CODE     NEAR LAB  LVL=0
      00FF2094H   LINE      CODE     ---       #23
      00FF2097H   LINE      CODE     ---       #24
      00FF2098H   LINE      CODE     ---       #33
      00FF209AH   LINE      CODE     ---       #34
      00FF209DH   LINE      CODE     ---       #35
      00FF209EH   LINE      CODE     ---       #44
      00FF20A1H   LINE      CODE     ---       #45
      00FF20A2H   LINE      CODE     ---       #54
      00FF20A4H   LINE      CODE     ---       #55
      00FF20A7H   LINE      CODE     ---       #56
      00FF20A8H   LINE      CODE     ---       #65
      00FF20ABH   LINE      CODE     ---       #66
      ---         BLOCKEND  ---      ---       LVL=0

      ---         MODULE    ---      ---       SPRINTF
      0001015CH   PUBLIC    XDATA    ---       ?SPRINTF?BYTE
      00FF00CEH   PUBLIC    CODE     NEAR LAB  SPRINTF

      ---         MODULE    ---      ---       VSPRINTF
      0001017CH   PUBLIC    XDATA    ---       ?VSPRINTF?BYTE
      00FF00EEH   PUBLIC    CODE     NEAR LAB  VSPRINTF

      ---         MODULE    ---      ---       ?C?PRNFMT
      00FF013DH   PUBLIC    CODE     ---       ?C?PRNFMT
L251 LINKER/LOCATER V4.66.93.0                                                        05/03/2026  22:34:02  PAGE 22



      ---         MODULE    ---      ---       ?C?FPCONVERT
      00FF055AH   PUBLIC    CODE     ---       ?C?FPCONVERT
      00FF0612H   PUBLIC    CODE     ---       ?C?FPROUND

      ---         MODULE    ---      ---       ?C?FPMUL
      00FF0655H   PUBLIC    CODE     ---       ?C?FPMUL

      ---         MODULE    ---      ---       ?C?FPDIV
      00FF06F5H   PUBLIC    CODE     ---       ?C?FPDIV

      ---         MODULE    ---      ---       ?C?FTNPWR
      00FF07A6H   PUBLIC    CODE     ---       ?C?FTNPWR

      ---         MODULE    ---      ---       ?C?FPGETOPN
      00FF07DDH   PUBLIC    CODE     ---       ?C?FPGETOPN2
      00FF081AH   PUBLIC    CODE     ---       ?C?FPNANRESULT
      00FF0822H   PUBLIC    CODE     ---       ?C?FPOVERFLOW
      00FF07F6H   PUBLIC    CODE     ---       ?C?FPRESULT
      00FF080CH   PUBLIC    CODE     ---       ?C?FPRESULT2
      00FF081FH   PUBLIC    CODE     ---       ?C?FPUNDERFLOW

      ---         MODULE    ---      ---       ?C_START
      00FF0000H   PUBLIC    CODE     ---       ?C?STARTUP
      00FF0000H   PUBLIC    CODE     ---       ?C_STARTUP

      ---         MODULE    ---      ---       ?C?INITHDATA
      00FF16E4H   PUBLIC    CODE     ---       ?C?INITHDATA

      ---         MODULE    ---      ---       STRLEN
      00FF216BH   PUBLIC    CODE     ---       strlen?_

      ---         MODULE    ---      ---       memcpy
      00FF1D17H   PUBLIC    CODE     ---       memcpy?_

      ---         MODULE    ---      ---       ?C?INITHDATA_END
      00FF21E2H   PUBLIC    HCONST   WORD      ?C?INITHDATA_END

******************************************************************************
* RESTRICTED VERSION WITH 0800H BYTE CODE SIZE LIMIT; USED: 02BDH BYTE (34%) *
******************************************************************************

Program Size: data=8.3 edata+hdata=256 xdata=395 const=55 code=8641
L251 RUN COMPLETE.  0 WARNING(S),  0 ERROR(S)
