C251 COMPILER V5.60.0,  adc                                                                18/05/26  14:17:07  PAGE 1   


C251 COMPILER V5.60.0, COMPILATION OF MODULE adc
OBJECT MODULE PLACED IN .\Objects\adc.obj
COMPILER INVOKED BY: C:\Keil_v5\C251\BIN\C251.EXE Sources\adc.c LARGE BROWSE INCDIR(.\Sources\inc) DEBUG PRINT(.\Listing
                    -s\adc.lst) OBJECT(.\Objects\adc.obj) 

stmt  level    source

    1          //<<AICUBE_USER_HEADER_REMARK_BEGIN>>
    2          ////////////////////////////////////////
    3          // 在此添加用户文件头说明信息  
    4          // 文件名称: adc.c
    5          // 文件描述: 
    6          // 文件版本: V1.0
    7          // 修改记录:
    8          //   1. (2026-05-17) 创建文件
    9          ////////////////////////////////////////
   10          //<<AICUBE_USER_HEADER_REMARK_END>>
   11          
   12          
   13          #include "config.h"
   14          
   15          
   16          //<<AICUBE_USER_INCLUDE_BEGIN>>
   17          // 在此添加用户头文件包含  
   18          //<<AICUBE_USER_INCLUDE_END>>
   19          
   20          
   21          //<<AICUBE_USER_GLOBAL_DEFINE_BEGIN>>
   22          // 在此添加用户全局变量定义、用户宏定义以及函数声明  
   23          //<<AICUBE_USER_GLOBAL_DEFINE_END>>
   24          
   25          
   26          
   27          ////////////////////////////////////////
   28          // ADC初始化函数
   29          // 入口参数: 无
   30          // 函数返回: 无
   31          ////////////////////////////////////////
   32          void ADC_Init(void)
   33          {
   34   1          ADC_SetClockDivider(0);             //设置ADC时钟
   35   1          ADC_ResultRightAlign();             //设置ADC结果右对齐(12位结果)
   36   1          ADC_SetRepeat2Times();              //ADC自动重复转换2次并取平均值
   37   1      
   38   1          ADC_SetCSSetupCycles(ADC_STPCYC);   //设置ADC通道选择建立时间
   39   1          ADC_SetCSHoldCycles(ADC_HLDCYC);    //设置ADC通道选择保持时间
   40   1          ADC_SetSampleDutyCycles(ADC_SMPCYC); //设置ADC通道采样时间
   41   1      
   42   1          ADC_DisableETR();                   //禁止ADC外部触发功能
   43   1      
   44   1          ADC_ActiveChannel(0);               //选择ADC通道
   45   1          ADC_Enable();                       //使能ADC功能
   46   1      
   47   1          //<<AICUBE_USER_ADC_INITIAL_BEGIN>>
   48   1          // 在此添加用户初始化代码  
   49   1          //<<AICUBE_USER_ADC_INITIAL_END>>
   50   1      }
   51          
   52          ////////////////////////////////////////
   53          // 获取ADC转换结果函数
   54          // 入口参数: ch (ADC通道选择)
   55          // 函数返回: ADC转换结果
   56          ////////////////////////////////////////
   57          uint16_t ADC_Convert(uint8_t ch)
   58          {
C251 COMPILER V5.60.0,  adc                                                                18/05/26  14:17:07  PAGE 2   

   59   1          uint16_t res;                       //定义保存ADC结果的变量
   60   1      
   61   1          ADC_ActiveChannel(ch);              //选择ADC通道
   62   1          ADC_Start();                        //开始ADC转换
   63   1          while (!ADC_CheckFlag());           //等待ADC转换完成
   64   1          ADC_ClearFlag();                    //清除ADC转换完成中断标志
   65   1          res = ADC_ReadResult();             //读取ADC转换结果
   66   1      
   67   1          return res;                         //返回ADC结果
   68   1      }
   69          
   70          
   71          
   72          //<<AICUBE_USER_FUNCTION_IMPLEMENT_BEGIN>>
   73          // 在此添加用户函数实现代码  
   74          //<<AICUBE_USER_FUNCTION_IMPLEMENT_END>>


Module Information          Static   Overlayable
------------------------------------------------
  code size            =       114     ------
  ecode size           =    ------     ------
  data size            =    ------     ------
  idata size           =    ------     ------
  pdata size           =    ------     ------
  xdata size           =    ------     ------
  xdata-const size     =    ------     ------
  edata size           =    ------     ------
  bit size             =    ------     ------
  ebit size            =    ------     ------
  bitaddressable size  =    ------     ------
  ebitaddressable size =    ------     ------
  far data size        =    ------     ------
  huge data size       =    ------     ------
  const size           =    ------     ------
  hconst size          =    ------     ------
End of Module Information.


C251 COMPILATION COMPLETE.  0 WARNING(S),  0 ERROR(S)
