C251 COMPILER V5.60.0,  clock                                                              06/05/26  22:32:07  PAGE 1   


C251 COMPILER V5.60.0, COMPILATION OF MODULE clock
OBJECT MODULE PLACED IN Objects\clock.obj
COMPILER INVOKED BY: C:\Keil_v5\C251\BIN\C251.EXE Sources\clock.c LARGE DEBUG SYMBOLS INCDIR(Sources\inc) INCDIR(Sources
                    -\inc\stc) OBJECT(Objects\clock.obj) PRINT(Listings\clock.lst) 

stmt  level    source

    1          //<<AICUBE_USER_HEADER_REMARK_BEGIN>>
    2          ////////////////////////////////////////
    3          // 在此添加用户文件头说明信息  
    4          // 文件名称: clock.c
    5          // 文件描述: 
    6          // 文件版本: V1.0
    7          // 修改记录:
    8          //   1. (2026-05-03) 创建文件
    9          ////////////////////////////////////////
   10          //<<AICUBE_USER_HEADER_REMARK_END>>
   11          
   12          
   13          #include "config.h"
   14          
   15          
   16          //<<AICUBE_USER_INCLUDE_BEGIN>>
   17          // 在此添加用户头文件包含  
   18          //<<AICUBE_USER_INCLUDE_END>>
   19          
   20          
   21          //<<AICUBE_USER_GLOBAL_DEFINE_BEGIN>>
   22          // 在此添加用户全局变量定义、用户宏定义以及函数声明  
   23          //<<AICUBE_USER_GLOBAL_DEFINE_END>>
   24          
   25          
   26          
   27          ////////////////////////////////////////
   28          // 时钟初始化函数
   29          // 入口参数: 无
   30          // 函数返回: 无
   31          ////////////////////////////////////////
   32          void CLK_Init(void)
   33          {
   34   1          CLK_HSIOCK_Divider(1);              //设置高速外设时钟预分频系数
   35   1          CLK_SPICLK_Divider(1);              //设置SPI时钟预分频系数
   36   1          CLK_I2SCLK_Divider(1);              //设置I2S时钟预分频系数
   37   1          CLK_PWMACLK_Divider(1);             //设置PWMA时钟预分频系数
   38   1          CLK_PWMBCLK_Divider(1);             //设置PWMB时钟预分频系数
   39   1          CLK_TFPUCLK_Divider(1);             //设置TFPU时钟预分频系数
   40   1      
   41   1          CLK_X32K_Enable();                  //启动外部32768晶振
   42   1          CLK_X32K_FullGain();                //振荡器高增益
   43   1          CLK_X32K_WaitStable();              //等待振荡器稳定
   44   1      
   45   1          CLK_LIRC_Enable();                  //启动内部低速LIRC
   46   1          CLK_LIRC_WaitStable();              //等待振荡器稳定
   47   1      
   48   1          CLK_IRC48M_Enable();                //启动内部48M高速IRC
   49   1          CLK_IRC48M_WaitStable();            //等待振荡器稳定
   50   1      
   51   1          CLK_SYSCLK_Divider(10);             //切换主时钟前先将系统时钟降频
   52   1      
   53   1          HIRC_24M();                         //选择内部预置的频率
   54   1      
   55   1          CLK_MCLK_HIRC();                    //选择内部高精度HIRC作为PLL输入时钟
   56   1          CLK_PLL_Output144MHz();             //选择PLL的144M作为PLL的输出时钟
   57   1          CLK_PLL_PreDivider2();              //PLL输入时钟2分频
   58   1          CLK_PLL_Enable();                   //启动PLL
C251 COMPILER V5.60.0,  clock                                                              06/05/26  22:32:07  PAGE 2   

   59   1          delay_ms(1);                        //等待PLL锁频
   60   1      
   61   1          CLK_MCLK2_PLL();                    //选择PLL的输出时钟作为主时钟
   62   1      
   63   1          CLK_SYSCLK_Divider(4);              //设置系统时钟分频系数
   64   1      
   65   1          CLK_HSIOCK_MCLK();                  //选择MCLK主时钟作为高速外设时钟源
   66   1      
   67   1          //<<AICUBE_USER_CLOCK_INITIAL_BEGIN>>
   68   1          // 在此添加用户初始化代码  
   69   1          //<<AICUBE_USER_CLOCK_INITIAL_END>>
   70   1      }
   71          
   72          
   73          
   74          //<<AICUBE_USER_FUNCTION_IMPLEMENT_BEGIN>>
   75          // 在此添加用户函数实现代码  
   76          //<<AICUBE_USER_FUNCTION_IMPLEMENT_END>>
   77          
   78          
C251 COMPILER V5.60.0,  clock                                                              06/05/26  22:32:07  PAGE 3   

Name                                    Class    Space Type   Offset   Size
---------------------------------------------------------------------------

uint32_t . . . . . . . . . . . . . . .  type           ulong  000000H  4
uint8. . . . . . . . . . . . . . . . .  type           uchar  000000H  1
INT. . . . . . . . . . . . . . . . . .  type           int    000000H  2
u16. . . . . . . . . . . . . . . . . .  type           uint   000000H  2
u32. . . . . . . . . . . . . . . . . .  type           ulong  000000H  4
s16. . . . . . . . . . . . . . . . . .  type           int    000000H  2
int8_t . . . . . . . . . . . . . . . .  type           char   000000H  1
s32. . . . . . . . . . . . . . . . . .  type           long   000000H  4
uint8_t. . . . . . . . . . . . . . . .  type           uchar  000000H  1
WORD . . . . . . . . . . . . . . . . .  type           uint   000000H  2
BYTE . . . . . . . . . . . . . . . . .  type           uchar  000000H  1
int16. . . . . . . . . . . . . . . . .  type           int    000000H  2
int32. . . . . . . . . . . . . . . . .  type           long   000000H  4
LONG . . . . . . . . . . . . . . . . .  type           long   000000H  4
BOOL . . . . . . . . . . . . . . . . .  type     bit   bit    000000H  1
u8 . . . . . . . . . . . . . . . . . .  type           uchar  000000H  1
s8 . . . . . . . . . . . . . . . . . .  type           char   000000H  1
uint16 . . . . . . . . . . . . . . . .  type           uint   000000H  2
uint32 . . . . . . . . . . . . . . . .  type           ulong  000000H  4
CHAR . . . . . . . . . . . . . . . . .  type           char   000000H  1
size_t . . . . . . . . . . . . . . . .  type           uint   000000H  2
int16_t. . . . . . . . . . . . . . . .  type           int    000000H  2
int32_t. . . . . . . . . . . . . . . .  type           long   000000H  4
int8 . . . . . . . . . . . . . . . . .  type           char   000000H  1
DWORD. . . . . . . . . . . . . . . . .  type           ulong  000000H  4
uint16_t . . . . . . . . . . . . . . .  type           uint   000000H  2
PSW. . . . . . . . . . . . . . . . . .  sfr      data  uchar  0D0H     1
IRCBAND. . . . . . . . . . . . . . . .  sfr      data  uchar  09DH     1
AUXR2. . . . . . . . . . . . . . . . .  sfr      data  uchar  097H     1
AUXINTIF . . . . . . . . . . . . . . .  sfr      data  uchar  0EFH     1
S4CON. . . . . . . . . . . . . . . . .  sfr      data  uchar  0FDH     1
S3CON. . . . . . . . . . . . . . . . .  sfr      data  uchar  0ACH     1
S2CON. . . . . . . . . . . . . . . . .  sfr      data  uchar  09AH     1
VRTRIM . . . . . . . . . . . . . . . .  sfr      data  uchar  0A6H     1
IPH. . . . . . . . . . . . . . . . . .  sfr      data  uchar  0B7H     1
SPSTAT . . . . . . . . . . . . . . . .  sfr      data  uchar  0CDH     1
T4T3M. . . . . . . . . . . . . . . . .  sfr      data  uchar  0DDH     1
IRTRIM . . . . . . . . . . . . . . . .  sfr      data  uchar  09FH     1
WDT_CONTR. . . . . . . . . . . . . . .  sfr      data  uchar  0C1H     1
IP3. . . . . . . . . . . . . . . . . .  sfr      data  uchar  0DFH     1
USBCON . . . . . . . . . . . . . . . .  sfr      data  uchar  0F4H     1
IP2. . . . . . . . . . . . . . . . . .  sfr      data  uchar  0B5H     1
RSTCFG . . . . . . . . . . . . . . . .  sfr      data  uchar  0FFH     1
ACC. . . . . . . . . . . . . . . . . .  sfr      data  uchar  0E0H     1
USBCLK . . . . . . . . . . . . . . . .  sfr      data  uchar  0DCH     1
IAP_CONTR. . . . . . . . . . . . . . .  sfr      data  uchar  0C7H     1
AUXR . . . . . . . . . . . . . . . . .  sfr      data  uchar  08EH     1
B. . . . . . . . . . . . . . . . . . .  sfr      data  uchar  0F0H     1
IE2. . . . . . . . . . . . . . . . . .  sfr      data  uchar  0AFH     1
TCON . . . . . . . . . . . . . . . . .  sfr      data  uchar  088H     1
TMOD . . . . . . . . . . . . . . . . .  sfr      data  uchar  089H     1
SCON . . . . . . . . . . . . . . . . .  sfr      data  uchar  098H     1
PCON . . . . . . . . . . . . . . . . .  sfr      data  uchar  087H     1
ADC_CONTR. . . . . . . . . . . . . . .  sfr      data  uchar  0BCH     1
PSW1 . . . . . . . . . . . . . . . . .  sfr      data  uchar  0D1H     1
CMPCR2 . . . . . . . . . . . . . . . .  sfr      data  uchar  0E7H     1
CMPCR1 . . . . . . . . . . . . . . . .  sfr      data  uchar  0E6H     1
ADCCFG . . . . . . . . . . . . . . . .  sfr      data  uchar  0DEH     1
IP . . . . . . . . . . . . . . . . . .  sfr      data  uchar  0B8H     1
INTCLKO. . . . . . . . . . . . . . . .  sfr      data  uchar  08FH     1
IP3H . . . . . . . . . . . . . . . . .  sfr      data  uchar  0EEH     1
IP2H . . . . . . . . . . . . . . . . .  sfr      data  uchar  0B6H     1
P_SW4. . . . . . . . . . . . . . . . .  sfr      data  uchar  0BFH     1
C251 COMPILER V5.60.0,  clock                                                              06/05/26  22:32:07  PAGE 4   

IE . . . . . . . . . . . . . . . . . .  sfr      data  uchar  0A8H     1
P_SW3. . . . . . . . . . . . . . . . .  sfr      data  uchar  0BBH     1
P_SW2. . . . . . . . . . . . . . . . .  sfr      data  uchar  0BAH     1
P_SW1. . . . . . . . . . . . . . . . .  sfr      data  uchar  0A2H     1
SPCTL. . . . . . . . . . . . . . . . .  sfr      data  uchar  0CEH     1
P7 . . . . . . . . . . . . . . . . . .  sfr      data  uchar  0F8H     1
P6 . . . . . . . . . . . . . . . . . .  sfr      data  uchar  0E8H     1
P5 . . . . . . . . . . . . . . . . . .  sfr      data  uchar  0C8H     1
P4 . . . . . . . . . . . . . . . . . .  sfr      data  uchar  0C0H     1
P3 . . . . . . . . . . . . . . . . . .  sfr      data  uchar  0B0H     1
P2 . . . . . . . . . . . . . . . . . .  sfr      data  uchar  0A0H     1
P1 . . . . . . . . . . . . . . . . . .  sfr      data  uchar  090H     1
P0 . . . . . . . . . . . . . . . . . .  sfr      data  uchar  080H     1
delay_ms . . . . . . . . . . . . . . .  extern   code  funct  000000H  
CLK_Init . . . . . . . . . . . . . . .  public   code  funct  000000H  259


Module Information          Static   Overlayable
------------------------------------------------
  code size            =       259     ------
  ecode size           =    ------     ------
  data size            =    ------     ------
  idata size           =    ------     ------
  pdata size           =    ------     ------
  xdata size           =    ------     ------
  xdata-const size     =    ------     ------
  edata size           =    ------     ------
  bit size             =    ------     ------
  ebit size            =    ------     ------
  bitaddressable size  =    ------     ------
  ebitaddressable size =    ------     ------
  far data size        =    ------     ------
  huge data size       =    ------     ------
  const size           =    ------     ------
  hconst size          =    ------     ------
End of Module Information.


C251 COMPILATION COMPLETE.  0 WARNING(S),  0 ERROR(S)
