C251 COMPILER V5.60.0,  drv8311                                                            17/05/26  22:32:09  PAGE 1   


C251 COMPILER V5.60.0, COMPILATION OF MODULE drv8311
OBJECT MODULE PLACED IN .\Objects\drv8311.obj
COMPILER INVOKED BY: C:\Keil_v5\C251\BIN\C251.EXE Sources\drv8311.c LARGE BROWSE INCDIR(.\Sources\inc) DEBUG PRINT(.\Lis
                    -tings\drv8311.lst) OBJECT(.\Objects\drv8311.obj) 

stmt  level    source

    1          #include "config.h"                     //默认已包含stdio.h、intrins.h等头文件
*** ERROR C123 IN LINE 29 OF \03-March_Wheel_leg\03-Wheel_leg_AI8051U\Sources\inc\adc.h: 'pu8ADCDMABuffer': allocation e
             -xceeds 64K
    2          #include "drv8311.h"
    3          
    4          void DRV8311_init(void){
    5   1          PWMB_Init();
    6   1          HSPWM_UpdateDuty(PWMB_CH5, 800);   // ← HSPWM 版！
    7   1          HSPWM_UpdateDuty(PWMB_CH6, 800);
    8   1          HSPWM_UpdateDuty(PWMB_CH7, 800);
    9   1      }

C251 COMPILATION COMPLETE.  0 WARNING(S),  1 ERROR(S)
