C251 COMPILER V5.60.0,  wdt                                                                10/05/26  21:26:27  PAGE 1   


C251 COMPILER V5.60.0, COMPILATION OF MODULE wdt
OBJECT MODULE PLACED IN .\Objects\wdt.obj
COMPILER INVOKED BY: C:\Keil_v5\C251\BIN\C251.EXE Sources\wdt.c LARGE BROWSE INCDIR(.\Sources\inc) DEBUG PRINT(.\Listing
                    -s\wdt.lst) OBJECT(.\Objects\wdt.obj) 

stmt  level    source

    1          //<<AICUBE_USER_HEADER_REMARK_BEGIN>>
    2          ////////////////////////////////////////
    3          // 在此添加用户文件头说明信息  
    4          // 文件名称: wdt.c
    5          // 文件描述: 
    6          // 文件版本: V1.0
    7          // 修改记录:
    8          //   1. (2026-05-10) 创建文件
    9          ////////////////////////////////////////
   10          //<<AICUBE_USER_HEADER_REMARK_END>>
   11          
   12          
   13          #include "config.h"
   14          
   15          
   16          //<<AICUBE_USER_INCLUDE_BEGIN>>
   17          // 在此添加用户头文件包含  
   18          //<<AICUBE_USER_INCLUDE_END>>
   19          
   20          
   21          //<<AICUBE_USER_GLOBAL_DEFINE_BEGIN>>
   22          // 在此添加用户全局变量定义、用户宏定义以及函数声明  
   23          //<<AICUBE_USER_GLOBAL_DEFINE_END>>
   24          
   25          
   26          
   27          ////////////////////////////////////////
   28          // 看门狗初初始化函数
   29          // 入口参数: 无
   30          // 函数返回: 无
   31          ////////////////////////////////////////
   32          void WDT_Init(void)
   33          {
   34   1          WDT_IdlePause();                    //CPU处于IDLE模式时看门狗暂停计数
   35   1          WDT_SetPrescale16();                //设置看门狗的时钟预分频
   36   1      
   37   1          WDT_Enable();                       //使能看门狗
   38   1      
   39   1          //<<AICUBE_USER_WDT_INITIAL_BEGIN>>
   40   1          // 在此添加用户初始化代码  
   41   1          //<<AICUBE_USER_WDT_INITIAL_END>>
   42   1      }
   43          
   44          
   45          
   46          //<<AICUBE_USER_FUNCTION_IMPLEMENT_BEGIN>>
   47          // 在此添加用户函数实现代码  
   48          //<<AICUBE_USER_FUNCTION_IMPLEMENT_END>>
   49          
   50          


Module Information          Static   Overlayable
------------------------------------------------
  code size            =        15     ------
  ecode size           =    ------     ------
  data size            =    ------     ------
  idata size           =    ------     ------
  pdata size           =    ------     ------
C251 COMPILER V5.60.0,  wdt                                                                10/05/26  21:26:27  PAGE 2   

  xdata size           =    ------     ------
  xdata-const size     =    ------     ------
  edata size           =    ------     ------
  bit size             =    ------     ------
  ebit size            =    ------     ------
  bitaddressable size  =    ------     ------
  ebitaddressable size =    ------     ------
  far data size        =    ------     ------
  huge data size       =    ------     ------
  const size           =    ------     ------
  hconst size          =    ------     ------
End of Module Information.


C251 COMPILATION COMPLETE.  0 WARNING(S),  0 ERROR(S)
