C251 COMPILER V5.60.0,  main                                                               03/05/26  22:33:15  PAGE 1   


C251 COMPILER V5.60.0, COMPILATION OF MODULE main
OBJECT MODULE PLACED IN build\main.obj
COMPILER INVOKED BY: C:\Keil_v5\C251\BIN\C251.EXE src\main.c INCDIR(src\STC) INCDIR(inc) OBJECT(build\main.obj) LARGE DE
                    -BUG SYMBOLS

stmt  level    source

    1          /**
    2           * AI8051U LED 精确 1 秒闪烁 + USB-HID 免断电自动下载
    3           * 使用 T0 定时器中断，24MHz 系统时钟
    4           * USB 库自动监听 "@STCISP#" 命令，收到后复位到 ISP 烧录
    5           * 2026-05-02
    6           */
    7          
    8          #include "AI8051U.h"
*** ERROR C318 IN LINE 8 OF src\main.c: can't open file 'AI8051U.h'
    9          #include "stdio.h"
   10          #include "stc32_stc8_usb.h"      // STC USB-HID 库（含自动下载功能）
*** ERROR C318 IN LINE 10 OF src\main.c: can't open file 'stc32_stc8_usb.h'
   11          
   12          // ==================== 全局变量 ====================
   13          volatile unsigned int tick_10ms = 0;   // 10ms 计数器
   14          
   15          // ==================== T0 初始化 ====================
   16          void Timer0_Init(void)
   17          {
   18   1          // 1. 设置为模式 0（16 位自动重装载）
   19   1          TMOD &= 0xF0;              // 清除 T0 控制字段
*** ERROR C67 IN LINE 19 OF src\main.c: 'TMOD': undefined identifier
   20   1          TMOD |= 0x00;              // GATE=0, C/T=0, M1=0, M0=0
*** ERROR C67 IN LINE 20 OF src\main.c: 'TMOD': undefined identifier
   21   1          
   22   1          // 2. 设置重装载值（目标：10ms 中断）
   23   1          //    系统时钟 = 24MHz (默认 HIRC)
   24   1          //    TM0PS = 11 → 预分频 12 → 定时器时钟 = 2MHz
   25   1          //    65536 - 20000 = 45536 = 0xB1E0
   26   1          TL0 = 0xE0;                // 低字节先写
*** ERROR C67 IN LINE 26 OF src\main.c: 'TL0': undefined identifier
   27   1          TH0 = 0xB1;                // 高字节
*** ERROR C67 IN LINE 27 OF src\main.c: 'TH0': undefined identifier
   28   1          
   29   1          // 3. 设置 8 位预分频器 (需要先访问扩展寄存器)
   30   1          EAXFR = 1;                 // 允许访问扩展 XFR
*** ERROR C67 IN LINE 30 OF src\main.c: 'EAXFR': undefined identifier
   31   1          TM0PS = 11;                // 预分频 ÷ 12
*** ERROR C67 IN LINE 31 OF src\main.c: 'TM0PS': undefined identifier
   32   1          EAXFR = 0;
*** ERROR C67 IN LINE 32 OF src\main.c: 'EAXFR': undefined identifier
   33   1          
   34   1          // 4. 1T 模式（不分频，速度最快）
   35   1          AUXR |= 0x80;              // T0x12 = 1
*** ERROR C67 IN LINE 35 OF src\main.c: 'AUXR': undefined identifier
   36   1          
   37   1          // 5. 开中断
   38   1          ET0 = 1;                   // 允许 T0 中断
*** ERROR C67 IN LINE 38 OF src\main.c: 'ET0': undefined identifier
   39   1          EA  = 1;                   // 开总中断
*** ERROR C67 IN LINE 39 OF src\main.c: 'EA': undefined identifier
   40   1          
   41   1          // 6. 启动定时器
   42   1          TR0 = 1;                   // T0 开始计数
*** ERROR C67 IN LINE 42 OF src\main.c: 'TR0': undefined identifier
   43   1      }
   44          
   45          // ==================== T0 中断服务程序 ====================
C251 COMPILER V5.60.0,  main                                                               03/05/26  22:33:15  PAGE 2   

   46          void Timer0_ISR(void) interrupt 1
   47          {
   48   1          tick_10ms++;               // 每 10ms +1
   49   1          
   50   1          if (tick_10ms >= 10)      // 1 秒到了（10ms × 100 = 1000ms）
   51   1          {
   52   2              tick_10ms = 0;
   53   2              P42 = ~P42;            // 翻转 LED（0.5s 亮, 0.5s 灭 = 1Hz 闪烁）
*** ERROR C67 IN LINE 53 OF src\main.c: 'P42': undefined identifier
*** ERROR C67 IN LINE 53 OF src\main.c: 'P42': undefined identifier
   54   2          }
   55   1      }
   56          
   57          // ==================== 主函数 ====================
   58          void main(void)
   59          {
   60   1          // GPIO 初始化为准双向口
   61   1          P0M1 = 0;   P0M0 = 0;
*** ERROR C67 IN LINE 61 OF src\main.c: 'P0M1': undefined identifier
*** ERROR C67 IN LINE 61 OF src\main.c: 'P0M0': undefined identifier
   62   1          P1M1 = 0;   P1M0 = 0;
*** ERROR C67 IN LINE 62 OF src\main.c: 'P1M1': undefined identifier
*** ERROR C67 IN LINE 62 OF src\main.c: 'P1M0': undefined identifier
   63   1          P2M1 = 0;   P2M0 = 0;
*** ERROR C67 IN LINE 63 OF src\main.c: 'P2M1': undefined identifier
*** ERROR C67 IN LINE 63 OF src\main.c: 'P2M0': undefined identifier
   64   1          P3M1 = 0;   P3M0 = 0;
*** ERROR C67 IN LINE 64 OF src\main.c: 'P3M1': undefined identifier
*** ERROR C67 IN LINE 64 OF src\main.c: 'P3M0': undefined identifier
   65   1          P4M1 = 0;   P4M0 = 0;
*** ERROR C67 IN LINE 65 OF src\main.c: 'P4M1': undefined identifier
*** ERROR C67 IN LINE 65 OF src\main.c: 'P4M0': undefined identifier
   66   1          P5M1 = 0;   P5M0 = 0;
*** ERROR C67 IN LINE 66 OF src\main.c: 'P5M1': undefined identifier
*** ERROR C67 IN LINE 66 OF src\main.c: 'P5M0': undefined identifier
   67   1          P6M1 = 0;   P6M0 = 0;
*** ERROR C67 IN LINE 67 OF src\main.c: 'P6M1': undefined identifier
*** ERROR C67 IN LINE 67 OF src\main.c: 'P6M0': undefined identifier
   68   1          P7M1 = 0;   P7M0 = 0;
*** ERROR C67 IN LINE 68 OF src\main.c: 'P7M1': undefined identifier
*** ERROR C67 IN LINE 68 OF src\main.c: 'P7M0': undefined identifier
   69   1          
   70   1          // 初始化端口
   71   1          P0 = 0xFF;  P1 = 0xFF;  P2 = 0xFF;
*** ERROR C67 IN LINE 71 OF src\main.c: 'P0': undefined identifier
*** ERROR C67 IN LINE 71 OF src\main.c: 'P1': undefined identifier
*** ERROR C67 IN LINE 71 OF src\main.c: 'P2': undefined identifier
   72   1          P3 = 0xFF;  P4 = 0xFF;  P5 = 0xFF;
*** ERROR C67 IN LINE 72 OF src\main.c: 'P3': undefined identifier
*** ERROR C67 IN LINE 72 OF src\main.c: 'P4': undefined identifier
*** ERROR C67 IN LINE 72 OF src\main.c: 'P5': undefined identifier
   73   1          
   74   1          // LED 初始状态：亮
   75   1          P42 = 0;
*** ERROR C67 IN LINE 75 OF src\main.c: 'P42': undefined identifier
   76   1          
   77   1          // 系统时钟全速
   78   1          WTST = 0x00;
*** ERROR C67 IN LINE 78 OF src\main.c: 'WTST': undefined identifier
   79   1          
   80   1          // USB-HID 初始化（内置自动下载：收到 "@STCISP#" → 自动复位烧录）
   81   1          usb_init();
*** WARNING C140 IN LINE 81 OF src\main.c: 'usb_init' undefined; assuming 'extern int usb_init()'
   82   1          
   83   1          // 启动定时器
   84   1          Timer0_Init();
C251 COMPILER V5.60.0,  main                                                               03/05/26  22:33:15  PAGE 3   

   85   1          
   86   1          // 主循环空闲，LED 由中断控制
   87   1          while(1)
   88   1          {
   89   2              // 可以在这里放其他任务
   90   2              // 或者让 CPU 休眠省电
   91   2          }
   92   1      }

C251 COMPILATION COMPLETE.  1 WARNING(S),  39 ERROR(S)
